Archive member included to satisfy reference by file (symbol)

c:/program files (x86)/atmel/studio/7.0/toolchain/arm/arm-gnu-toolchain/bin/../lib/gcc/arm-none-eabi/6.3.1/../../../../arm-none-eabi/lib/thumb/v7e-m\libc.a(lib_a-exit.o)
                              c:/program files (x86)/atmel/studio/7.0/toolchain/arm/arm-gnu-toolchain/bin/../lib/gcc/arm-none-eabi/6.3.1/../../../../arm-none-eabi/lib/thumb/v7e-m/crt0.o (exit)
c:/program files (x86)/atmel/studio/7.0/toolchain/arm/arm-gnu-toolchain/bin/../lib/gcc/arm-none-eabi/6.3.1/../../../../arm-none-eabi/lib/thumb/v7e-m\libc.a(lib_a-impure.o)
                              c:/program files (x86)/atmel/studio/7.0/toolchain/arm/arm-gnu-toolchain/bin/../lib/gcc/arm-none-eabi/6.3.1/../../../../arm-none-eabi/lib/thumb/v7e-m\libc.a(lib_a-exit.o) (_global_impure_ptr)
c:/program files (x86)/atmel/studio/7.0/toolchain/arm/arm-gnu-toolchain/bin/../lib/gcc/arm-none-eabi/6.3.1/../../../../arm-none-eabi/lib/thumb/v7e-m\libc.a(lib_a-init.o)
                              c:/program files (x86)/atmel/studio/7.0/toolchain/arm/arm-gnu-toolchain/bin/../lib/gcc/arm-none-eabi/6.3.1/../../../../arm-none-eabi/lib/thumb/v7e-m/crt0.o (__libc_init_array)
c:/program files (x86)/atmel/studio/7.0/toolchain/arm/arm-gnu-toolchain/bin/../lib/gcc/arm-none-eabi/6.3.1/../../../../arm-none-eabi/lib/thumb/v7e-m\libc.a(lib_a-malloc.o)
                              src/ASF/common/components/touch/mxt/mxt_device_1.o (malloc)
c:/program files (x86)/atmel/studio/7.0/toolchain/arm/arm-gnu-toolchain/bin/../lib/gcc/arm-none-eabi/6.3.1/../../../../arm-none-eabi/lib/thumb/v7e-m\libc.a(lib_a-mallocr.o)
                              c:/program files (x86)/atmel/studio/7.0/toolchain/arm/arm-gnu-toolchain/bin/../lib/gcc/arm-none-eabi/6.3.1/../../../../arm-none-eabi/lib/thumb/v7e-m\libc.a(lib_a-malloc.o) (_malloc_r)
c:/program files (x86)/atmel/studio/7.0/toolchain/arm/arm-gnu-toolchain/bin/../lib/gcc/arm-none-eabi/6.3.1/../../../../arm-none-eabi/lib/thumb/v7e-m\libc.a(lib_a-memset.o)
                              c:/program files (x86)/atmel/studio/7.0/toolchain/arm/arm-gnu-toolchain/bin/../lib/gcc/arm-none-eabi/6.3.1/../../../../arm-none-eabi/lib/thumb/v7e-m/crt0.o (memset)
c:/program files (x86)/atmel/studio/7.0/toolchain/arm/arm-gnu-toolchain/bin/../lib/gcc/arm-none-eabi/6.3.1/../../../../arm-none-eabi/lib/thumb/v7e-m\libc.a(lib_a-mlock.o)
                              c:/program files (x86)/atmel/studio/7.0/toolchain/arm/arm-gnu-toolchain/bin/../lib/gcc/arm-none-eabi/6.3.1/../../../../arm-none-eabi/lib/thumb/v7e-m\libc.a(lib_a-mallocr.o) (__malloc_lock)
c:/program files (x86)/atmel/studio/7.0/toolchain/arm/arm-gnu-toolchain/bin/../lib/gcc/arm-none-eabi/6.3.1/../../../../arm-none-eabi/lib/thumb/v7e-m\libc.a(lib_a-sbrkr.o)
                              c:/program files (x86)/atmel/studio/7.0/toolchain/arm/arm-gnu-toolchain/bin/../lib/gcc/arm-none-eabi/6.3.1/../../../../arm-none-eabi/lib/thumb/v7e-m\libc.a(lib_a-mallocr.o) (_sbrk_r)
c:/program files (x86)/atmel/studio/7.0/toolchain/arm/arm-gnu-toolchain/bin/../lib/gcc/arm-none-eabi/6.3.1/../../../../arm-none-eabi/lib/thumb/v7e-m\libc.a(lib_a-setbuf.o)
                              src/main.o (setbuf)
c:/program files (x86)/atmel/studio/7.0/toolchain/arm/arm-gnu-toolchain/bin/../lib/gcc/arm-none-eabi/6.3.1/../../../../arm-none-eabi/lib/thumb/v7e-m\libc.a(lib_a-setvbuf.o)
                              c:/program files (x86)/atmel/studio/7.0/toolchain/arm/arm-gnu-toolchain/bin/../lib/gcc/arm-none-eabi/6.3.1/../../../../arm-none-eabi/lib/thumb/v7e-m\libc.a(lib_a-setbuf.o) (setvbuf)
c:/program files (x86)/atmel/studio/7.0/toolchain/arm/arm-gnu-toolchain/bin/../lib/gcc/arm-none-eabi/6.3.1/../../../../arm-none-eabi/lib/thumb/v7e-m\libc.a(lib_a-sprintf.o)
                              src/main.o (sprintf)
c:/program files (x86)/atmel/studio/7.0/toolchain/arm/arm-gnu-toolchain/bin/../lib/gcc/arm-none-eabi/6.3.1/../../../../arm-none-eabi/lib/thumb/v7e-m\libc.a(lib_a-strcat.o)
                              src/main.o (strcat)
c:/program files (x86)/atmel/studio/7.0/toolchain/arm/arm-gnu-toolchain/bin/../lib/gcc/arm-none-eabi/6.3.1/../../../../arm-none-eabi/lib/thumb/v7e-m\libc.a(lib_a-strcpy.o)
                              c:/program files (x86)/atmel/studio/7.0/toolchain/arm/arm-gnu-toolchain/bin/../lib/gcc/arm-none-eabi/6.3.1/../../../../arm-none-eabi/lib/thumb/v7e-m\libc.a(lib_a-strcat.o) (strcpy)
c:/program files (x86)/atmel/studio/7.0/toolchain/arm/arm-gnu-toolchain/bin/../lib/gcc/arm-none-eabi/6.3.1/../../../../arm-none-eabi/lib/thumb/v7e-m\libc.a(lib_a-strlen.o)
                              src/main.o (strlen)
c:/program files (x86)/atmel/studio/7.0/toolchain/arm/arm-gnu-toolchain/bin/../lib/gcc/arm-none-eabi/6.3.1/../../../../arm-none-eabi/lib/thumb/v7e-m\libc.a(lib_a-svfprintf.o)
[...]
Memory Configuration

Name             Origin             Length             Attributes
rom              0x00400000         0x00200000         xr
ram              0x20400000         0x00060000         xrw
*default*        0x00000000         0xffffffff

Linker script and memory map

LOAD c:/program files (x86)/atmel/studio/7.0/toolchain/arm/arm-gnu-toolchain/bin/../lib/gcc/arm-none-eabi/6.3.1/thumb/v7e-m/crti.o
LOAD c:/program files (x86)/atmel/studio/7.0/toolchain/arm/arm-gnu-toolchain/bin/../lib/gcc/arm-none-eabi/6.3.1/thumb/v7e-m/crtbegin.o
LOAD c:/program files (x86)/atmel/studio/7.0/toolchain/arm/arm-gnu-toolchain/bin/../lib/gcc/arm-none-eabi/6.3.1/../../../../arm-none-eabi/lib/thumb/v7e-m/crt0.o
LOAD src/ASF/common/components/touch/mxt/mxt_device_1.o
LOAD src/ASF/common/services/clock/same70/sysclk.o
LOAD src/ASF/common/services/delay/sam/cycle_counter.o
LOAD src/ASF/common/services/serial/usart_serial.o
LOAD src/ASF/common/services/spi/sam_spi/spi_master.o
LOAD src/ASF/common/utils/interrupt/interrupt_sam_nvic.o
LOAD src/ASF/common/utils/stdio/read.o
LOAD src/ASF/common/utils/stdio/write.o
LOAD src/ASF/sam/boards/same70_xplained/init.o
LOAD src/ASF/sam/components/display/ili9488/ili9488.o
LOAD src/ASF/sam/drivers/mpu/mpu.o
LOAD src/ASF/sam/drivers/pio/pio.o
LOAD src/ASF/sam/drivers/pio/pio_handler.o
LOAD src/ASF/sam/drivers/pmc/pmc.o
LOAD src/ASF/sam/drivers/pmc/sleep.o
LOAD src/ASF/sam/drivers/spi/spi.o
LOAD src/ASF/sam/drivers/twihs/twihs.o
LOAD src/ASF/sam/drivers/uart/uart.o
LOAD src/ASF/sam/drivers/usart/usart.o
LOAD src/ASF/sam/utils/cmsis/same70/source/templates/gcc/startup_same70.o
LOAD src/ASF/sam/utils/cmsis/same70/source/templates/system_same70.o
LOAD src/ASF/sam/utils/syscalls/gcc/syscalls.o
LOAD src/main.o
START GROUP
LOAD ../src/ASF/thirdparty/CMSIS/Lib/GCC\libarm_cortexM7lfsp_math_softfp.a
LOAD c:/program files (x86)/atmel/studio/7.0/toolchain/arm/arm-gnu-toolchain/bin/../lib/gcc/arm-none-eabi/6.3.1/../../../../arm-none-eabi/lib/thumb/v7e-m\libm.a
END GROUP
START GROUP
LOAD c:/program files (x86)/atmel/studio/7.0/toolchain/arm/arm-gnu-toolchain/bin/../lib/gcc/arm-none-eabi/6.3.1/thumb/v7e-m\libgcc.a
LOAD c:/program files (x86)/atmel/studio/7.0/toolchain/arm/arm-gnu-toolchain/bin/../lib/gcc/arm-none-eabi/6.3.1/../../../../arm-none-eabi/lib/thumb/v7e-m\libc.a
END GROUP
LOAD c:/program files (x86)/atmel/studio/7.0/toolchain/arm/arm-gnu-toolchain/bin/../lib/gcc/arm-none-eabi/6.3.1/thumb/v7e-m/crtend.o
LOAD c:/program files (x86)/atmel/studio/7.0/toolchain/arm/arm-gnu-toolchain/bin/../lib/gcc/arm-none-eabi/6.3.1/thumb/v7e-m/crtn.o
                0x00002000                STACK_SIZE = DEFINED (STACK_SIZE)?STACK_SIZE:0x2000
                0x2045fffc                __ram_end__ = ((ORIGIN (ram) + LENGTH (ram)) - 0x4)
                0x00000200                HEAP_SIZE = DEFINED (HEAP_SIZE)?HEAP_SIZE:0x200

.text           0x00400000    0x58324
                0x00400000                . = ALIGN (0x4)
                0x00400000                _sfixed = .
 *(.vectors .vectors.*)
 .vectors       0x00400000      0x168 src/ASF/sam/utils/cmsis/same70/source/templates/gcc/startup_same70.o
                0x00400000                exception_table
 *(.text .text.* .gnu.linkonce.t.*)
 .text          0x00400168       0x6c c:/program files (x86)/atmel/studio/7.0/toolchain/arm/arm-gnu-toolchain/bin/../lib/gcc/arm-none-eabi/6.3.1/thumb/v7e-m/crtbegin.o
 .text.mxt_init_device
                0x004001d4      0x298 src/ASF/common/components/touch/mxt/mxt_device_1.o
                0x004001d4                mxt_init_device
 .text.mxt_get_object_address
                0x0040046c       0x40 src/ASF/common/components/touch/mxt/mxt_device_1.o
                0x0040046c                mxt_get_object_address
 .text.mxt_write_config_object
                0x004004ac       0x78 src/ASF/common/components/touch/mxt/mxt_device_1.o
                0x004004ac                mxt_write_config_object
 .text.mxt_write_config_reg
                0x00400524       0x48 src/ASF/common/components/touch/mxt/mxt_device_1.o
                0x00400524                mxt_write_config_reg
 .text.mxt_is_message_pending
                0x0040056c       0x24 src/ASF/common/components/touch/mxt/mxt_device_1.o
                0x0040056c                mxt_is_message_pending
 .text.mxt_read_message
                0x00400590       0x4c src/ASF/common/components/touch/mxt/mxt_device_1.o
                0x00400590                mxt_read_message
 .text.mxt_read_touch_event
                0x004005dc       0x70 src/ASF/common/components/touch/mxt/mxt_device_1.o
                0x004005dc                mxt_read_touch_event
 .text.sysclk_init
                0x0040064c       0x74 src/ASF/common/services/clock/same70/sysclk.o
                0x0040064c                sysclk_init
 .text.usart_serial_write_packet
                0x004006c0       0xd8 src/ASF/common/services/serial/usart_serial.o
                0x004006c0                usart_serial_write_packet
 .text.spi_master_init
                0x00400798       0x54 src/ASF/common/services/spi/sam_spi/spi_master.o
                0x00400798                spi_master_init
 .text.spi_master_setup_device
                0x004007ec       0x80 src/ASF/common/services/spi/sam_spi/spi_master.o
                0x004007ec                spi_master_setup_device
 .text.spi_select_device
                0x0040086c       0x30 src/ASF/common/services/spi/sam_spi/spi_master.o
                0x0040086c                spi_select_device
 .text.spi_write_packet
                0x0040089c       0x36 src/ASF/common/services/spi/sam_spi/spi_master.o
                0x0040089c                spi_write_packet
 .text.spi_read_packet
                0x004008d2       0x54 src/ASF/common/services/spi/sam_spi/spi_master.o
                0x004008d2                spi_read_packet
 *fill*         0x00400926        0x2 
 .text._read    0x00400928       0x3c src/ASF/common/utils/stdio/read.o
                0x00400928                _read
 .text._write   0x00400964       0x50 src/ASF/common/utils/stdio/write.o
                0x00400964                _write
 .text.board_init
                0x004009b4      0x2bc src/ASF/sam/boards/same70_xplained/init.o
                0x004009b4                board_init
 .text.ili9488_check_box_coordinates
                0x00400c70       0x56 src/ASF/sam/components/display/ili9488/ili9488.o
 *fill*         0x00400cc6        0x2 
 .text.ili9488_write_ram_prepare
                0x00400cc8       0x3c src/ASF/sam/components/display/ili9488/ili9488.o
 .text.ili9488_write_register
                0x00400d04       0x74 src/ASF/sam/components/display/ili9488/ili9488.o
 .text.ili9488_write_ram_buffer
                0x00400d78       0x40 src/ASF/sam/components/display/ili9488/ili9488.o
 .text.ili9488_delay
                0x00400db8       0x1c src/ASF/sam/components/display/ili9488/ili9488.o
                0x00400db8                ili9488_delay
 .text.ili9488_set_display_direction
                0x00400dd4       0x2c src/ASF/sam/components/display/ili9488/ili9488.o
                0x00400dd4                ili9488_set_display_direction
 .text.ili9488_set_window
                0x00400e00       0x80 src/ASF/sam/components/display/ili9488/ili9488.o
                0x00400e00                ili9488_set_window
 .text.ili9488_display_on
                0x00400e80       0x14 src/ASF/sam/components/display/ili9488/ili9488.o
                0x00400e80                ili9488_display_on
 .text.ili9488_set_foreground_color
                0x00400e94       0x28 src/ASF/sam/components/display/ili9488/ili9488.o
                0x00400e94                ili9488_set_foreground_color
 .text.ili9488_set_cursor_position
                0x00400ebc       0x64 src/ASF/sam/components/display/ili9488/ili9488.o
                0x00400ebc                ili9488_set_cursor_position
 .text.ili9488_init
                0x00400f20      0x1c4 src/ASF/sam/components/display/ili9488/ili9488.o
                0x00400f20                ili9488_init
 .text.ili9488_draw_filled_rectangle
                0x004010e4       0xbc src/ASF/sam/components/display/ili9488/ili9488.o
                0x004010e4                ili9488_draw_filled_rectangle
 .text.ili9488_draw_pixmap
                0x004011a0       0x78 src/ASF/sam/components/display/ili9488/ili9488.o
                0x004011a0                ili9488_draw_pixmap
 .text.pio_set  0x00401218        0x4 src/ASF/sam/drivers/pio/pio.o
                0x00401218                pio_set
 .text.pio_clear
                0x0040121c        0x4 src/ASF/sam/drivers/pio/pio.o
                0x0040121c                pio_clear
 .text.pio_set_peripheral
                0x00401220       0x92 src/ASF/sam/drivers/pio/pio.o
                0x00401220                pio_set_peripheral
 .text.pio_set_input
                0x004012b2       0x36 src/ASF/sam/drivers/pio/pio.o
                0x004012b2                pio_set_input
 .text.pio_set_output
                0x004012e8       0x28 src/ASF/sam/drivers/pio/pio.o
                0x004012e8                pio_set_output
 .text.pio_configure
                0x00401310       0x90 src/ASF/sam/drivers/pio/pio.o
                0x00401310                pio_configure
 .text.pio_configure_interrupt
                0x004013a0       0x32 src/ASF/sam/drivers/pio/pio.o
                0x004013a0                pio_configure_interrupt
 .text.pio_enable_interrupt
                0x004013d2        0x4 src/ASF/sam/drivers/pio/pio.o
                0x004013d2                pio_enable_interrupt
 .text.pio_get_interrupt_status
                0x004013d6        0x4 src/ASF/sam/drivers/pio/pio.o
                0x004013d6                pio_get_interrupt_status
 .text.pio_get_interrupt_mask
                0x004013da        0x4 src/ASF/sam/drivers/pio/pio.o
                0x004013da                pio_get_interrupt_mask
 *fill*         0x004013de        0x2 
 .text.pio_set_pin_high
                0x004013e0       0x1c src/ASF/sam/drivers/pio/pio.o
                0x004013e0                pio_set_pin_high
 .text.pio_set_pin_low
                0x004013fc       0x1c src/ASF/sam/drivers/pio/pio.o
                0x004013fc                pio_set_pin_low
 .text.pio_configure_pin
                0x00401418      0x130 src/ASF/sam/drivers/pio/pio.o
                0x00401418                pio_configure_pin
 .text.pio_handler_process
                0x00401548       0x50 src/ASF/sam/drivers/pio/pio_handler.o
                0x00401548                pio_handler_process
 .text.pio_handler_set
                0x00401598       0x70 src/ASF/sam/drivers/pio/pio_handler.o
                0x00401598                pio_handler_set
 .text.PIOA_Handler
                0x00401608       0x14 src/ASF/sam/drivers/pio/pio_handler.o
                0x00401608                PIOA_Handler
 .text.PIOB_Handler
                0x0040161c       0x14 src/ASF/sam/drivers/pio/pio_handler.o
                0x0040161c                PIOB_Handler
 .text.PIOC_Handler
                0x00401630       0x14 src/ASF/sam/drivers/pio/pio_handler.o
                0x00401630                PIOC_Handler
 .text.PIOD_Handler
                0x00401644       0x14 src/ASF/sam/drivers/pio/pio_handler.o
                0x00401644                PIOD_Handler
 .text.PIOE_Handler
                0x00401658       0x14 src/ASF/sam/drivers/pio/pio_handler.o
                0x00401658                PIOE_Handler
 .text.pmc_mck_set_division
                0x0040166c       0x38 src/ASF/sam/drivers/pmc/pmc.o
                0x0040166c                pmc_mck_set_division
 .text.pmc_switch_mck_to_pllack
                0x004016a4       0x64 src/ASF/sam/drivers/pmc/pmc.o
                0x004016a4                pmc_switch_mck_to_pllack
 .text.pmc_switch_mainck_to_xtal
                0x00401708       0x54 src/ASF/sam/drivers/pmc/pmc.o
                0x00401708                pmc_switch_mainck_to_xtal
 .text.pmc_osc_is_ready_mainck
                0x0040175c       0x10 src/ASF/sam/drivers/pmc/pmc.o
                0x0040175c                pmc_osc_is_ready_mainck
 .text.pmc_disable_pllack
                0x0040176c       0x10 src/ASF/sam/drivers/pmc/pmc.o
                0x0040176c                pmc_disable_pllack
 .text.pmc_is_locked_pllack
                0x0040177c       0x10 src/ASF/sam/drivers/pmc/pmc.o
                0x0040177c                pmc_is_locked_pllack
 .text.pmc_enable_periph_clk
                0x0040178c       0x20 src/ASF/sam/drivers/pmc/pmc.o
                0x0040178c                pmc_enable_periph_clk
 .text.spi_enable_clock
                0x004017ac       0x2c src/ASF/sam/drivers/spi/spi.o
                0x004017ac                spi_enable_clock
 .text.spi_set_peripheral_chip_select_value
                0x004017d8       0x16 src/ASF/sam/drivers/spi/spi.o
                0x004017d8                spi_set_peripheral_chip_select_value
 .text.spi_set_delay_between_chip_select
                0x004017ee       0x12 src/ASF/sam/drivers/spi/spi.o
                0x004017ee                spi_set_delay_between_chip_select
 .text.spi_write
                0x00401800       0x34 src/ASF/sam/drivers/spi/spi.o
                0x00401800                spi_write
 .text.spi_set_clock_polarity
                0x00401834       0x1e src/ASF/sam/drivers/spi/spi.o
                0x00401834                spi_set_clock_polarity
 .text.spi_set_clock_phase
                0x00401852       0x1e src/ASF/sam/drivers/spi/spi.o
                0x00401852                spi_set_clock_phase
 .text.spi_configure_cs_behavior
                0x00401870       0x46 src/ASF/sam/drivers/spi/spi.o
                0x00401870                spi_configure_cs_behavior
 .text.spi_set_bits_per_transfer
                0x004018b6       0x14 src/ASF/sam/drivers/spi/spi.o
                0x004018b6                spi_set_bits_per_transfer
 .text.spi_calc_baudrate_div
                0x004018ca       0x16 src/ASF/sam/drivers/spi/spi.o
                0x004018ca                spi_calc_baudrate_div
 .text.spi_set_baudrate_div
                0x004018e0       0x28 src/ASF/sam/drivers/spi/spi.o
                0x004018e0                spi_set_baudrate_div
 .text.spi_set_transfer_delay
                0x00401908       0x1e src/ASF/sam/drivers/spi/spi.o
                0x00401908                spi_set_transfer_delay
 *fill*         0x00401926        0x2 
 .text.twihs_set_speed
                0x00401928       0xb0 src/ASF/sam/drivers/twihs/twihs.o
                0x00401928                twihs_set_speed
 .text.twihs_master_init
                0x004019d8       0x34 src/ASF/sam/drivers/twihs/twihs.o
                0x004019d8                twihs_master_init
 .text.twihs_master_read
                0x00401a0c       0xac src/ASF/sam/drivers/twihs/twihs.o
                0x00401a0c                twihs_master_read
 .text.twihs_master_write
                0x00401ab8       0xa0 src/ASF/sam/drivers/twihs/twihs.o
                0x00401ab8                twihs_master_write
 .text.uart_write
                0x00401b58       0x12 src/ASF/sam/drivers/uart/uart.o
                0x00401b58                uart_write
 .text.uart_read
                0x00401b6a       0x14 src/ASF/sam/drivers/uart/uart.o
                0x00401b6a                uart_read
 .text.usart_set_async_baudrate
                0x00401b7e       0x5a src/ASF/sam/drivers/usart/usart.o
                0x00401b7e                usart_set_async_baudrate
 .text.usart_reset
                0x00401bd8       0x28 src/ASF/sam/drivers/usart/usart.o
                0x00401bd8                usart_reset
 .text.usart_init_rs232
                0x00401c00       0x54 src/ASF/sam/drivers/usart/usart.o
                0x00401c00                usart_init_rs232
 .text.usart_enable_tx
                0x00401c54        0x6 src/ASF/sam/drivers/usart/usart.o
                0x00401c54                usart_enable_tx
 .text.usart_enable_rx
                0x00401c5a        0x6 src/ASF/sam/drivers/usart/usart.o
                0x00401c5a                usart_enable_rx
 .text.usart_write
                0x00401c60       0x16 src/ASF/sam/drivers/usart/usart.o
                0x00401c60                usart_write
 .text.usart_read
                0x00401c76       0x18 src/ASF/sam/drivers/usart/usart.o
                0x00401c76                usart_read
 .text.Dummy_Handler
                0x00401c8e        0x2 src/ASF/sam/utils/cmsis/same70/source/templates/gcc/startup_same70.o
                0x00401c8e                DACC_Handler
                0x00401c8e                DebugMon_Handler
                0x00401c8e                UART3_Handler
                0x00401c8e                UART2_Handler
                0x00401c8e                TRNG_Handler
                0x00401c8e                HardFault_Handler
                0x00401c8e                TC2_Handler
                0x00401c8e                SysTick_Handler
                0x00401c8e                AFEC1_Handler
                0x00401c8e                PendSV_Handler
                0x00401c8e                NMI_Handler
                0x00401c8e                TC7_Handler
                0x00401c8e                QSPI_Handler
                0x00401c8e                ISI_Handler
                0x00401c8e                MCAN0_INT0_Handler
                0x00401c8e                TC9_Handler
                0x00401c8e                RSWDT_Handler
                0x00401c8e                USART0_Handler
                0x00401c8e                RTT_Handler
                0x00401c8e                USBHS_Handler
                0x00401c8e                IXC_Handler
                0x00401c8e                CCF_Handler
                0x00401c8e                RTC_Handler
                0x00401c8e                UsageFault_Handler
                0x00401c8e                TC6_Handler
                0x00401c8e                WDT_Handler
                0x00401c8e                MCAN1_INT1_Handler
                0x00401c8e                TC4_Handler
                0x00401c8e                TC1_Handler
                0x00401c8e                HSMCI_Handler
                0x00401c8e                UART1_Handler
                0x00401c8e                TC3_Handler
                0x00401c8e                Dummy_Handler
                0x00401c8e                TWIHS1_Handler
                0x00401c8e                XDMAC_Handler
                0x00401c8e                UART4_Handler
                0x00401c8e                PWM1_Handler
                0x00401c8e                USART1_Handler
                0x00401c8e                PWM0_Handler
                0x00401c8e                AFEC0_Handler
                0x00401c8e                CCW_Handler
                0x00401c8e                SSC_Handler
                0x00401c8e                TC11_Handler
                0x00401c8e                ACC_Handler
                0x00401c8e                PMC_Handler
                0x00401c8e                GMAC_Handler
                0x00401c8e                MCAN0_INT1_Handler
                0x00401c8e                MemManage_Handler
                0x00401c8e                SUPC_Handler
                0x00401c8e                SVC_Handler
                0x00401c8e                TC8_Handler
                0x00401c8e                MCAN1_INT0_Handler
                0x00401c8e                EFC_Handler
                0x00401c8e                GMAC_Q1_Handler
                0x00401c8e                USART2_Handler
                0x00401c8e                SDRAMC_Handler
                0x00401c8e                GMAC_Q2_Handler
                0x00401c8e                SPI1_Handler
                0x00401c8e                TC10_Handler
                0x00401c8e                TWIHS2_Handler
                0x00401c8e                UART0_Handler
                0x00401c8e                FPU_Handler
                0x00401c8e                BusFault_Handler
                0x00401c8e                RSTC_Handler
                0x00401c8e                TC0_Handler
                0x00401c8e                TC5_Handler
                0x00401c8e                ICM_Handler
                0x00401c8e                AES_Handler
                0x00401c8e                TWIHS0_Handler
                0x00401c8e                SPI0_Handler
 .text.Reset_Handler
                0x00401c90       0xc8 src/ASF/sam/utils/cmsis/same70/source/templates/gcc/startup_same70.o
                0x00401c90                Reset_Handler
 .text.SystemCoreClockUpdate
                0x00401d58      0x10c src/ASF/sam/utils/cmsis/same70/source/templates/system_same70.o
                0x00401d58                SystemCoreClockUpdate
 .text.system_init_flash
                0x00401e64       0x8c src/ASF/sam/utils/cmsis/same70/source/templates/system_same70.o
                0x00401e64                system_init_flash
 .text._sbrk    0x00401ef0       0x38 src/ASF/sam/utils/syscalls/gcc/syscalls.o
                0x00401ef0                _sbrk
 .text._close   0x00401f28        0x6 src/ASF/sam/utils/syscalls/gcc/syscalls.o
                0x00401f28                _close
 .text._fstat   0x00401f2e        0xa src/ASF/sam/utils/syscalls/gcc/syscalls.o
                0x00401f2e                _fstat
 .text._lseek   0x00401f38        0x4 src/ASF/sam/utils/syscalls/gcc/syscalls.o
                0x00401f38                _lseek
 .text.but_callback
                0x00401f3c       0x48 src/main.o
                0x00401f3c                but_callback
 .text.usart_serial_getchar
                0x00401f84       0xdc src/main.o
 .text.usart_serial_putchar
                0x00402060       0xd4 src/main.o
 .text.initMenuOrder
                0x00402134       0x34 src/main.o
                0x00402134                initMenuOrder
 .text.font_draw_text
                0x00402168       0x60 src/main.o
                0x00402168                font_draw_text
 .text.draw_screen
                0x004021c8       0x44 src/main.o
                0x004021c8                draw_screen
 .text.draw_lock_button
                0x0040220c       0xa0 src/main.o
                0x0040220c                draw_lock_button
 .text.draw_quick_play_button
                0x004022ac       0xd0 src/main.o
                0x004022ac                draw_quick_play_button
 .text.draw_next_button
                0x0040237c       0x28 src/main.o
                0x0040237c                draw_next_button
 .text.play_button
                0x004023a4       0x98 src/main.o
                0x004023a4                play_button
 .text.next_button
                0x0040243c       0xb4 src/main.o
                0x0040243c                next_button
 .text.update_screen
                0x004024f0       0x60 src/main.o
                0x004024f0                update_screen
 .text.mxt_handler
                0x00402550       0xd8 src/main.o
                0x00402550                mxt_handler
 .text.init     0x00402628      0x13c src/main.o
                0x00402628                init
 .text.main     0x00402764      0x224 src/main.o
                0x00402764                main
 .text.__libc_init_array
                0x00402988       0x50 c:/program files (x86)/atmel/studio/7.0/toolchain/arm/arm-gnu-toolchain/bin/../lib/gcc/arm-none-eabi/6.3.1/../../../../arm-none-eabi/lib/thumb/v7e-m\libc.a(lib_a-init.o)
                0x00402988                __libc_init_array
 .text.malloc   0x004029d8       0x10 c:/program files (x86)/atmel/studio/7.0/toolchain/arm/arm-gnu-toolchain/bin/../lib/gcc/arm-none-eabi/6.3.1/../../../../arm-none-eabi/lib/thumb/v7e-m\libc.a(lib_a-malloc.o)
                0x004029d8                malloc
 .text._malloc_r
                0x004029e8      0x560 c:/program files (x86)/atmel/studio/7.0/toolchain/arm/arm-gnu-toolchain/bin/../lib/gcc/arm-none-eabi/6.3.1/../../../../arm-none-eabi/lib/thumb/v7e-m\libc.a(lib_a-mallocr.o)
                0x004029e8                _malloc_r
 .text.memset   0x00402f48       0x9c c:/program files (x86)/atmel/studio/7.0/toolchain/arm/arm-gnu-toolchain/bin/../lib/gcc/arm-none-eabi/6.3.1/../../../../arm-none-eabi/lib/thumb/v7e-m\libc.a(lib_a-memset.o)
                0x00402f48                memset
 .text.__malloc_lock
                0x00402fe4        0xc c:/program files (x86)/atmel/studio/7.0/toolchain/arm/arm-gnu-toolchain/bin/../lib/gcc/arm-none-eabi/6.3.1/../../../../arm-none-eabi/lib/thumb/v7e-m\libc.a(lib_a-mlock.o)
                0x00402fe4                __malloc_lock
 .text.__malloc_unlock
                0x00402ff0        0xc c:/program files (x86)/atmel/studio/7.0/toolchain/arm/arm-gnu-toolchain/bin/../lib/gcc/arm-none-eabi/6.3.1/../../../../arm-none-eabi/lib/thumb/v7e-m\libc.a(lib_a-mlock.o)
                0x00402ff0                __malloc_unlock
 .text._sbrk_r  0x00402ffc       0x24 c:/program files (x86)/atmel/studio/7.0/toolchain/arm/arm-gnu-toolchain/bin/../lib/gcc/arm-none-eabi/6.3.1/../../../../arm-none-eabi/lib/thumb/v7e-m\libc.a(lib_a-sbrkr.o)
                0x00402ffc                _sbrk_r
 .text.setbuf   0x00403020       0x10 c:/program files (x86)/atmel/studio/7.0/toolchain/arm/arm-gnu-toolchain/bin/../lib/gcc/arm-none-eabi/6.3.1/../../../../arm-none-eabi/lib/thumb/v7e-m\libc.a(lib_a-setbuf.o)
                0x00403020                setbuf
 .text.setvbuf  0x00403030      0x190 c:/program files (x86)/atmel/studio/7.0/toolchain/arm/arm-gnu-toolchain/bin/../lib/gcc/arm-none-eabi/6.3.1/../../../../arm-none-eabi/lib/thumb/v7e-m\libc.a(lib_a-setvbuf.o)
                0x00403030                setvbuf
 .text.sprintf  0x004031c0       0x4c c:/program files (x86)/atmel/studio/7.0/toolchain/arm/arm-gnu-toolchain/bin/../lib/gcc/arm-none-eabi/6.3.1/../../../../arm-none-eabi/lib/thumb/v7e-m\libc.a(lib_a-sprintf.o)
                0x004031c0                sprintf
 .text.strcat   0x0040320c       0x40 c:/program files (x86)/atmel/studio/7.0/toolchain/arm/arm-gnu-toolchain/bin/../lib/gcc/arm-none-eabi/6.3.1/../../../../arm-none-eabi/lib/thumb/v7e-m\libc.a(lib_a-strcat.o)
                0x0040320c                strcat
 .text.strcpy   0x0040324c       0xbc c:/program files (x86)/atmel/studio/7.0/toolchain/arm/arm-gnu-toolchain/bin/../lib/gcc/arm-none-eabi/6.3.1/../../../../arm-none-eabi/lib/thumb/v7e-m\libc.a(lib_a-strcpy.o)
                0x0040324c                strcpy
 *fill*         0x00403308       0x38 
 .text          0x00403340       0xdc c:/program files (x86)/atmel/studio/7.0/toolchain/arm/arm-gnu-toolchain/bin/../lib/gcc/arm-none-eabi/6.3.1/../../../../arm-none-eabi/lib/thumb/v7e-m\libc.a(lib_a-strlen.o)
                0x00403340                strlen
 .text._svfprintf_r
                0x0040341c     0x145c c:/program files (x86)/atmel/studio/7.0/toolchain/arm/arm-gnu-toolchain/bin/../lib/gcc/arm-none-eabi/6.3.1/../../../../arm-none-eabi/lib/thumb/v7e-m\libc.a(lib_a-svfprintf.o)
                0x0040341c                _svfprintf_r
 .text.startup.register_fini
                0x00404878       0x14 c:/program files (x86)/atmel/studio/7.0/toolchain/arm/arm-gnu-toolchain/bin/../lib/gcc/arm-none-eabi/6.3.1/../../../../arm-none-eabi/lib/thumb/v7e-m\libc.a(lib_a-__call_atexit.o)
 .text.atexit   0x0040488c        0xc c:/program files (x86)/atmel/studio/7.0/toolchain/arm/arm-gnu-toolchain/bin/../lib/gcc/arm-none-eabi/6.3.1/../../../../arm-none-eabi/lib/thumb/v7e-m\libc.a(lib_a-atexit.o)
                0x0040488c                atexit
 .text.quorem   0x00404898      0x128 c:/program files (x86)/atmel/studio/7.0/toolchain/arm/arm-gnu-toolchain/bin/../lib/gcc/arm-none-eabi/6.3.1/../../../../arm-none-eabi/lib/thumb/v7e-m\libc.a(lib_a-dtoa.o)
 .text._dtoa_r  0x004049c0      0xe54 c:/program files (x86)/atmel/studio/7.0/toolchain/arm/arm-gnu-toolchain/bin/../lib/gcc/arm-none-eabi/6.3.1/../../../../arm-none-eabi/lib/thumb/v7e-m\libc.a(lib_a-dtoa.o)
                0x004049c0                _dtoa_r
 .text.__sflush_r
                0x00405814      0x140 c:/program files (x86)/atmel/studio/7.0/toolchain/arm/arm-gnu-toolchain/bin/../lib/gcc/arm-none-eabi/6.3.1/../../../../arm-none-eabi/lib/thumb/v7e-m\libc.a(lib_a-fflush.o)
                0x00405814                __sflush_r
 .text._fflush_r
                0x00405954       0x54 c:/program files (x86)/atmel/studio/7.0/toolchain/arm/arm-gnu-toolchain/bin/../lib/gcc/arm-none-eabi/6.3.1/../../../../arm-none-eabi/lib/thumb/v7e-m\libc.a(lib_a-fflush.o)
                0x00405954                _fflush_r
 .text._cleanup_r
                0x004059a8        0xc c:/program files (x86)/atmel/studio/7.0/toolchain/arm/arm-gnu-toolchain/bin/../lib/gcc/arm-none-eabi/6.3.1/../../../../arm-none-eabi/lib/thumb/v7e-m\libc.a(lib_a-findfp.o)
                0x004059a8                _cleanup_r
 .text.std.isra.0
                0x004059b4       0x50 c:/program files (x86)/atmel/studio/7.0/toolchain/arm/arm-gnu-toolchain/bin/../lib/gcc/arm-none-eabi/6.3.1/../../../../arm-none-eabi/lib/thumb/v7e-m\libc.a(lib_a-findfp.o)
 .text.__sinit  0x00405a04       0x58 c:/program files (x86)/atmel/studio/7.0/toolchain/arm/arm-gnu-toolchain/bin/../lib/gcc/arm-none-eabi/6.3.1/../../../../arm-none-eabi/lib/thumb/v7e-m\libc.a(lib_a-findfp.o)
                0x00405a04                __sinit
 .text.__sfp_lock_acquire
                0x00405a5c        0xc c:/program files (x86)/atmel/studio/7.0/toolchain/arm/arm-gnu-toolchain/bin/../lib/gcc/arm-none-eabi/6.3.1/../../../../arm-none-eabi/lib/thumb/v7e-m\libc.a(lib_a-findfp.o)
                0x00405a5c                __sfp_lock_acquire
 .text.__sfp_lock_release
                0x00405a68        0xc c:/program files (x86)/atmel/studio/7.0/toolchain/arm/arm-gnu-toolchain/bin/../lib/gcc/arm-none-eabi/6.3.1/../../../../arm-none-eabi/lib/thumb/v7e-m\libc.a(lib_a-findfp.o)
                0x00405a68                __sfp_lock_release
 .text.__libc_fini_array
                0x00405a74       0x34 c:/program files (x86)/atmel/studio/7.0/toolchain/arm/arm-gnu-toolchain/bin/../lib/gcc/arm-none-eabi/6.3.1/../../../../arm-none-eabi/lib/thumb/v7e-m\libc.a(lib_a-fini.o)
                0x00405a74                __libc_fini_array
 .text._malloc_trim_r
                0x00405aa8       0xa0 c:/program files (x86)/atmel/studio/7.0/toolchain/arm/arm-gnu-toolchain/bin/../lib/gcc/arm-none-eabi/6.3.1/../../../../arm-none-eabi/lib/thumb/v7e-m\libc.a(lib_a-freer.o)
                0x00405aa8                _malloc_trim_r
 .text._free_r  0x00405b48      0x1cc c:/program files (x86)/atmel/studio/7.0/toolchain/arm/arm-gnu-toolchain/bin/../lib/gcc/arm-none-eabi/6.3.1/../../../../arm-none-eabi/lib/thumb/v7e-m\libc.a(lib_a-freer.o)
                0x00405b48                _free_r
 .text._fwalk_reent
                0x00405d14       0x54 c:/program files (x86)/atmel/studio/7.0/toolchain/arm/arm-gnu-toolchain/bin/../lib/gcc/arm-none-eabi/6.3.1/../../../../arm-none-eabi/lib/thumb/v7e-m\libc.a(lib_a-fwalk.o)
                0x00405d14                _fwalk_reent
 .text._localeconv_r
                0x00405d68       0x1c c:/program files (x86)/atmel/studio/7.0/toolchain/arm/arm-gnu-toolchain/bin/../lib/gcc/arm-none-eabi/6.3.1/../../../../arm-none-eabi/lib/thumb/v7e-m\libc.a(lib_a-localeconv.o)
                0x00405d68                _localeconv_r
 .text.__retarget_lock_init_recursive
                0x00405d84        0x4 c:/program files (x86)/atmel/studio/7.0/toolchain/arm/arm-gnu-toolchain/bin/../lib/gcc/arm-none-eabi/6.3.1/../../../../arm-none-eabi/lib/thumb/v7e-m\libc.a(lib_a-lock.o)
                0x00405d84                __retarget_lock_init_recursive
 .text.__retarget_lock_close_recursive
                0x00405d88        0x4 c:/program files (x86)/atmel/studio/7.0/toolchain/arm/arm-gnu-toolchain/bin/../lib/gcc/arm-none-eabi/6.3.1/../../../../arm-none-eabi/lib/thumb/v7e-m\libc.a(lib_a-lock.o)
                0x00405d88                __retarget_lock_close_recursive
 .text.__retarget_lock_acquire_recursive
                0x00405d8c        0x4 c:/program files (x86)/atmel/studio/7.0/toolchain/arm/arm-gnu-toolchain/bin/../lib/gcc/arm-none-eabi/6.3.1/../../../../arm-none-eabi/lib/thumb/v7e-m\libc.a(lib_a-lock.o)
                0x00405d8c                __retarget_lock_acquire_recursive
 .text.__retarget_lock_release_recursive
                0x00405d90        0x4 c:/program files (x86)/atmel/studio/7.0/toolchain/arm/arm-gnu-toolchain/bin/../lib/gcc/arm-none-eabi/6.3.1/../../../../arm-none-eabi/lib/thumb/v7e-m\libc.a(lib_a-lock.o)
                0x00405d90                __retarget_lock_release_recursive
 .text.__swhatbuf_r
                0x00405d94       0x5c c:/program files (x86)/atmel/studio/7.0/toolchain/arm/arm-gnu-toolchain/bin/../lib/gcc/arm-none-eabi/6.3.1/../../../../arm-none-eabi/lib/thumb/v7e-m\libc.a(lib_a-makebuf.o)
                0x00405d94                __swhatbuf_r
 .text          0x00405df0       0xa0 c:/program files (x86)/atmel/studio/7.0/toolchain/arm/arm-gnu-toolchain/bin/../lib/gcc/arm-none-eabi/6.3.1/../../../../arm-none-eabi/lib/thumb/v7e-m\libc.a(lib_a-memchr.o)
                0x00405df0                memchr
 .text          0x00405e90      0x134 c:/program files (x86)/atmel/studio/7.0/toolchain/arm/arm-gnu-toolchain/bin/../lib/gcc/arm-none-eabi/6.3.1/../../../../arm-none-eabi/lib/thumb/v7e-m\libc.a(lib_a-memcpy.o)
                0x00405e90                memcpy
 .text._Balloc  0x00405fc4       0x4c c:/program files (x86)/atmel/studio/7.0/toolchain/arm/arm-gnu-toolchain/bin/../lib/gcc/arm-none-eabi/6.3.1/../../../../arm-none-eabi/lib/thumb/v7e-m\libc.a(lib_a-mprec.o)
                0x00405fc4                _Balloc
 .text._Bfree   0x00406010       0x14 c:/program files (x86)/atmel/studio/7.0/toolchain/arm/arm-gnu-toolchain/bin/../lib/gcc/arm-none-eabi/6.3.1/../../../../arm-none-eabi/lib/thumb/v7e-m\libc.a(lib_a-mprec.o)
                0x00406010                _Bfree
 .text.__multadd
                0x00406024       0x80 c:/program files (x86)/atmel/studio/7.0/toolchain/arm/arm-gnu-toolchain/bin/../lib/gcc/arm-none-eabi/6.3.1/../../../../arm-none-eabi/lib/thumb/v7e-m\libc.a(lib_a-mprec.o)
                0x00406024                __multadd
 .text.__hi0bits
                0x004060a4       0x40 c:/program files (x86)/atmel/studio/7.0/toolchain/arm/arm-gnu-toolchain/bin/../lib/gcc/arm-none-eabi/6.3.1/../../../../arm-none-eabi/lib/thumb/v7e-m\libc.a(lib_a-mprec.o)
                0x004060a4                __hi0bits
 .text.__lo0bits
                0x004060e4       0x60 c:/program files (x86)/atmel/studio/7.0/toolchain/arm/arm-gnu-toolchain/bin/../lib/gcc/arm-none-eabi/6.3.1/../../../../arm-none-eabi/lib/thumb/v7e-m\libc.a(lib_a-mprec.o)
                0x004060e4                __lo0bits
 .text.__i2b    0x00406144       0x14 c:/program files (x86)/atmel/studio/7.0/toolchain/arm/arm-gnu-toolchain/bin/../lib/gcc/arm-none-eabi/6.3.1/../../../../arm-none-eabi/lib/thumb/v7e-m\libc.a(lib_a-mprec.o)
                0x00406144                __i2b
 .text.__multiply
                0x00406158      0x124 c:/program files (x86)/atmel/studio/7.0/toolchain/arm/arm-gnu-toolchain/bin/../lib/gcc/arm-none-eabi/6.3.1/../../../../arm-none-eabi/lib/thumb/v7e-m\libc.a(lib_a-mprec.o)
                0x00406158                __multiply
 .text.__pow5mult
                0x0040627c       0xa0 c:/program files (x86)/atmel/studio/7.0/toolchain/arm/arm-gnu-toolchain/bin/../lib/gcc/arm-none-eabi/6.3.1/../../../../arm-none-eabi/lib/thumb/v7e-m\libc.a(lib_a-mprec.o)
                0x0040627c                __pow5mult
 .text.__lshift
                0x0040631c       0xa4 c:/program files (x86)/atmel/studio/7.0/toolchain/arm/arm-gnu-toolchain/bin/../lib/gcc/arm-none-eabi/6.3.1/../../../../arm-none-eabi/lib/thumb/v7e-m\libc.a(lib_a-mprec.o)
                0x0040631c                __lshift
 .text.__mcmp   0x004063c0       0x38 c:/program files (x86)/atmel/studio/7.0/toolchain/arm/arm-gnu-toolchain/bin/../lib/gcc/arm-none-eabi/6.3.1/../../../../arm-none-eabi/lib/thumb/v7e-m\libc.a(lib_a-mprec.o)
                0x004063c0                __mcmp
 .text.__mdiff  0x004063f8      0x108 c:/program files (x86)/atmel/studio/7.0/toolchain/arm/arm-gnu-toolchain/bin/../lib/gcc/arm-none-eabi/6.3.1/../../../../arm-none-eabi/lib/thumb/v7e-m\libc.a(lib_a-mprec.o)
                0x004063f8                __mdiff
 .text.__d2b    0x00406500       0xb8 c:/program files (x86)/atmel/studio/7.0/toolchain/arm/arm-gnu-toolchain/bin/../lib/gcc/arm-none-eabi/6.3.1/../../../../arm-none-eabi/lib/thumb/v7e-m\libc.a(lib_a-mprec.o)
                0x00406500                __d2b
 .text.__sread  0x004065b8       0x24 c:/program files (x86)/atmel/studio/7.0/toolchain/arm/arm-gnu-toolchain/bin/../lib/gcc/arm-none-eabi/6.3.1/../../../../arm-none-eabi/lib/thumb/v7e-m\libc.a(lib_a-stdio.o)
                0x004065b8                __sread
 .text.__swrite
                0x004065dc       0x3c c:/program files (x86)/atmel/studio/7.0/toolchain/arm/arm-gnu-toolchain/bin/../lib/gcc/arm-none-eabi/6.3.1/../../../../arm-none-eabi/lib/thumb/v7e-m\libc.a(lib_a-stdio.o)
                0x004065dc                __swrite
 .text.__sseek  0x00406618       0x20 c:/program files (x86)/atmel/studio/7.0/toolchain/arm/arm-gnu-toolchain/bin/../lib/gcc/arm-none-eabi/6.3.1/../../../../arm-none-eabi/lib/thumb/v7e-m\libc.a(lib_a-stdio.o)
                0x00406618                __sseek
 .text.__sclose
                0x00406638        0x8 c:/program files (x86)/atmel/studio/7.0/toolchain/arm/arm-gnu-toolchain/bin/../lib/gcc/arm-none-eabi/6.3.1/../../../../arm-none-eabi/lib/thumb/v7e-m\libc.a(lib_a-stdio.o)
                0x00406638                __sclose
 .text.__ssprint_r
                0x00406640       0xfc c:/program files (x86)/atmel/studio/7.0/toolchain/arm/arm-gnu-toolchain/bin/../lib/gcc/arm-none-eabi/6.3.1/../../../../arm-none-eabi/lib/thumb/v7e-m\libc.a(lib_a-svfiprintf.o)
                0x00406640                __ssprint_r
 .text._write_r
                0x0040673c       0x2c c:/program files (x86)/atmel/studio/7.0/toolchain/arm/arm-gnu-toolchain/bin/../lib/gcc/arm-none-eabi/6.3.1/../../../../arm-none-eabi/lib/thumb/v7e-m\libc.a(lib_a-writer.o)
                0x0040673c                _write_r
 .text.__register_exitproc
                0x00406768       0xc4 c:/program files (x86)/atmel/studio/7.0/toolchain/arm/arm-gnu-toolchain/bin/../lib/gcc/arm-none-eabi/6.3.1/../../../../arm-none-eabi/lib/thumb/v7e-m\libc.a(lib_a-__atexit.o)
                0x00406768                __register_exitproc
 .text._calloc_r
                0x0040682c       0x60 c:/program files (x86)/atmel/studio/7.0/toolchain/arm/arm-gnu-toolchain/bin/../lib/gcc/arm-none-eabi/6.3.1/../../../../arm-none-eabi/lib/thumb/v7e-m\libc.a(lib_a-callocr.o)
                0x0040682c                _calloc_r
 .text._close_r
                0x0040688c       0x24 c:/program files (x86)/atmel/studio/7.0/toolchain/arm/arm-gnu-toolchain/bin/../lib/gcc/arm-none-eabi/6.3.1/../../../../arm-none-eabi/lib/thumb/v7e-m\libc.a(lib_a-closer.o)
                0x0040688c                _close_r
 .text._fclose_r
                0x004068b0       0xc4 c:/program files (x86)/atmel/studio/7.0/toolchain/arm/arm-gnu-toolchain/bin/../lib/gcc/arm-none-eabi/6.3.1/../../../../arm-none-eabi/lib/thumb/v7e-m\libc.a(lib_a-fclose.o)
                0x004068b0                _fclose_r
 .text._fstat_r
                0x00406974       0x28 c:/program files (x86)/atmel/studio/7.0/toolchain/arm/arm-gnu-toolchain/bin/../lib/gcc/arm-none-eabi/6.3.1/../../../../arm-none-eabi/lib/thumb/v7e-m\libc.a(lib_a-fstatr.o)
                0x00406974                _fstat_r
 .text._lseek_r
                0x0040699c       0x2c c:/program files (x86)/atmel/studio/7.0/toolchain/arm/arm-gnu-toolchain/bin/../lib/gcc/arm-none-eabi/6.3.1/../../../../arm-none-eabi/lib/thumb/v7e-m\libc.a(lib_a-lseekr.o)
                0x0040699c                _lseek_r
 .text.__ascii_mbtowc
                0x004069c8       0x2c c:/program files (x86)/atmel/studio/7.0/toolchain/arm/arm-gnu-toolchain/bin/../lib/gcc/arm-none-eabi/6.3.1/../../../../arm-none-eabi/lib/thumb/v7e-m\libc.a(lib_a-mbtowc_r.o)
                0x004069c8                __ascii_mbtowc
 .text.memmove  0x004069f4       0xc8 c:/program files (x86)/atmel/studio/7.0/toolchain/arm/arm-gnu-toolchain/bin/../lib/gcc/arm-none-eabi/6.3.1/../../../../arm-none-eabi/lib/thumb/v7e-m\libc.a(lib_a-memmove.o)
                0x004069f4                memmove
 .text._read_r  0x00406abc       0x2c c:/program files (x86)/atmel/studio/7.0/toolchain/arm/arm-gnu-toolchain/bin/../lib/gcc/arm-none-eabi/6.3.1/../../../../arm-none-eabi/lib/thumb/v7e-m\libc.a(lib_a-readr.o)
                0x00406abc                _read_r
 .text._realloc_r
                0x00406ae8      0x34c c:/program files (x86)/atmel/studio/7.0/toolchain/arm/arm-gnu-toolchain/bin/../lib/gcc/arm-none-eabi/6.3.1/../../../../arm-none-eabi/lib/thumb/v7e-m\libc.a(lib_a-reallocr.o)
                0x00406ae8                _realloc_r
 .text.__ascii_wctomb
                0x00406e34       0x1c c:/program files (x86)/atmel/studio/7.0/toolchain/arm/arm-gnu-toolchain/bin/../lib/gcc/arm-none-eabi/6.3.1/../../../../arm-none-eabi/lib/thumb/v7e-m\libc.a(lib_a-wctomb_r.o)
                0x00406e34                __ascii_wctomb
 .text          0x00406e50      0x370 c:/program files (x86)/atmel/studio/7.0/toolchain/arm/arm-gnu-toolchain/bin/../lib/gcc/arm-none-eabi/6.3.1/thumb/v7e-m\libgcc.a(_arm_addsubdf3.o)
                0x00406e50                __aeabi_drsub
                0x00406e58                __aeabi_dsub
                0x00406e58                __subdf3
                0x00406e5c                __aeabi_dadd
                0x00406e5c                __adddf3
                0x004070d4                __floatunsidf
                0x004070d4                __aeabi_ui2d
                0x004070f4                __floatsidf
                0x004070f4                __aeabi_i2d
                0x00407118                __aeabi_f2d
                0x00407118                __extendsfdf2
                0x00407154                __floatundidf
                0x00407154                __aeabi_ul2d
                0x00407164                __floatdidf
                0x00407164                __aeabi_l2d
 .text          0x004071c0      0x424 c:/program files (x86)/atmel/studio/7.0/toolchain/arm/arm-gnu-toolchain/bin/../lib/gcc/arm-none-eabi/6.3.1/thumb/v7e-m\libgcc.a(_arm_muldivdf3.o)
                0x004071c0                __aeabi_dmul
                0x004071c0                __muldf3
                0x00407414                __divdf3
                0x00407414                __aeabi_ddiv
 .text          0x004075e4      0x110 c:/program files (x86)/atmel/studio/7.0/toolchain/arm/arm-gnu-toolchain/bin/../lib/gcc/arm-none-eabi/6.3.1/thumb/v7e-m\libgcc.a(_arm_cmpdf2.o)
                0x004075e4                __gtdf2
                0x004075e4                __gedf2
                0x004075ec                __ltdf2
                0x004075ec                __ledf2
                0x004075f4                __nedf2
                0x004075f4                __eqdf2
                0x004075f4                __cmpdf2
                0x00407670                __aeabi_cdrcmple
                0x00407680                __aeabi_cdcmpeq
                0x00407680                __aeabi_cdcmple
                0x00407690                __aeabi_dcmpeq
                0x004076a4                __aeabi_dcmplt
                0x004076b8                __aeabi_dcmple
                0x004076cc                __aeabi_dcmpge
                0x004076e0                __aeabi_dcmpgt
 .text          0x004076f4       0x2c c:/program files (x86)/atmel/studio/7.0/toolchain/arm/arm-gnu-toolchain/bin/../lib/gcc/arm-none-eabi/6.3.1/thumb/v7e-m\libgcc.a(_arm_unorddf2.o)
                0x004076f4                __unorddf2
                0x004076f4                __aeabi_dcmpun
 .text          0x00407720       0x50 c:/program files (x86)/atmel/studio/7.0/toolchain/arm/arm-gnu-toolchain/bin/../lib/gcc/arm-none-eabi/6.3.1/thumb/v7e-m\libgcc.a(_arm_fixdfsi.o)
                0x00407720                __aeabi_d2iz
                0x00407720                __fixdfsi
 .text          0x00407770       0x30 c:/program files (x86)/atmel/studio/7.0/toolchain/arm/arm-gnu-toolchain/bin/../lib/gcc/arm-none-eabi/6.3.1/thumb/v7e-m\libgcc.a(_aeabi_uldivmod.o)
                0x00407770                __aeabi_uldivmod
 .text          0x004077a0      0x2dc c:/program files (x86)/atmel/studio/7.0/toolchain/arm/arm-gnu-toolchain/bin/../lib/gcc/arm-none-eabi/6.3.1/thumb/v7e-m\libgcc.a(_udivmoddi4.o)
                0x004077a0                __udivmoddi4
 .text          0x00407a7c        0x4 c:/program files (x86)/atmel/studio/7.0/toolchain/arm/arm-gnu-toolchain/bin/../lib/gcc/arm-none-eabi/6.3.1/thumb/v7e-m\libgcc.a(_dvmd_tls.o)
                0x00407a7c                __aeabi_idiv0
                0x00407a7c                __aeabi_ldiv0
 *(.glue_7t)
 .glue_7t       0x00407a80        0x0 linker stubs
 *(.glue_7)
 .glue_7        0x00407a80        0x0 linker stubs
 *(.rodata .rodata* .gnu.linkonce.r.*)
 .rodata        0x00407a80       0x5d src/main.o
 *fill*         0x00407add        0x3 
 .rodata.draw_quick_play_button.str1.4
                0x00407ae0        0xd src/main.o
 *fill*         0x00407aed        0x3 
 .rodata.font_24
                0x00407af0        0xc src/main.o
                0x00407af0                font_24
 .rodata.font_24_0x20
                0x00407afc       0x10 src/main.o
 .rodata.font_24_0x21
                0x00407b0c       0x10 src/main.o
 .rodata.font_24_0x22
                0x00407b1c       0x10 src/main.o
 .rodata.font_24_0x23
                0x00407b2c       0x10 src/main.o
 .rodata.font_24_0x24
                0x00407b3c       0x10 src/main.o
 .rodata.font_24_0x25
                0x00407b4c       0x10 src/main.o
 .rodata.font_24_0x26
                0x00407b5c       0x10 src/main.o
 .rodata.font_24_0x27
                0x00407b6c       0x10 src/main.o
 .rodata.font_24_0x28
                0x00407b7c       0x10 src/main.o
 .rodata.font_24_0x29
                0x00407b8c       0x10 src/main.o
 .rodata.font_24_0x2a
                0x00407b9c       0x10 src/main.o
 .rodata.font_24_0x2b
                0x00407bac       0x10 src/main.o
 .rodata.font_24_0x2c
                0x00407bbc       0x10 src/main.o
 .rodata.font_24_0x2d
                0x00407bcc       0x10 src/main.o
 .rodata.font_24_0x2e
                0x00407bdc       0x10 src/main.o
 .rodata.font_24_0x2f
                0x00407bec       0x10 src/main.o
 .rodata.font_24_0x30
                0x00407bfc       0x10 src/main.o
 .rodata.font_24_0x31
                0x00407c0c       0x10 src/main.o
 .rodata.font_24_0x32
                0x00407c1c       0x10 src/main.o
 .rodata.font_24_0x33
                0x00407c2c       0x10 src/main.o
 .rodata.font_24_0x34
                0x00407c3c       0x10 src/main.o
 .rodata.font_24_0x35
                0x00407c4c       0x10 src/main.o
 .rodata.font_24_0x36
                0x00407c5c       0x10 src/main.o
 .rodata.font_24_0x37
                0x00407c6c       0x10 src/main.o
 .rodata.font_24_0x38
                0x00407c7c       0x10 src/main.o
 .rodata.font_24_0x39
                0x00407c8c       0x10 src/main.o
 .rodata.font_24_0x3a
                0x00407c9c       0x10 src/main.o
 .rodata.font_24_0x3b
                0x00407cac       0x10 src/main.o
 .rodata.font_24_0x3c
                0x00407cbc       0x10 src/main.o
 .rodata.font_24_0x3d
                0x00407ccc       0x10 src/main.o
 .rodata.font_24_0x3e
                0x00407cdc       0x10 src/main.o
 .rodata.font_24_0x3f
                0x00407cec       0x10 src/main.o
 .rodata.font_24_0x40
                0x00407cfc       0x10 src/main.o
 .rodata.font_24_0x41
                0x00407d0c       0x10 src/main.o
 .rodata.font_24_0x42
                0x00407d1c       0x10 src/main.o
 .rodata.font_24_0x43
                0x00407d2c       0x10 src/main.o
 .rodata.font_24_0x44
                0x00407d3c       0x10 src/main.o
 .rodata.font_24_0x45
                0x00407d4c       0x10 src/main.o
 .rodata.font_24_0x46
                0x00407d5c       0x10 src/main.o
 .rodata.font_24_0x47
                0x00407d6c       0x10 src/main.o
 .rodata.font_24_0x48
                0x00407d7c       0x10 src/main.o
 .rodata.font_24_0x49
                0x00407d8c       0x10 src/main.o
 .rodata.font_24_0x4a
                0x00407d9c       0x10 src/main.o
 .rodata.font_24_0x4b
                0x00407dac       0x10 src/main.o
 .rodata.font_24_0x4c
                0x00407dbc       0x10 src/main.o
 .rodata.font_24_0x4d
                0x00407dcc       0x10 src/main.o
 .rodata.font_24_0x4e
                0x00407ddc       0x10 src/main.o
 .rodata.font_24_0x4f
                0x00407dec       0x10 src/main.o
 .rodata.font_24_0x50
                0x00407dfc       0x10 src/main.o
 .rodata.font_24_0x51
                0x00407e0c       0x10 src/main.o
 .rodata.font_24_0x52
                0x00407e1c       0x10 src/main.o
 .rodata.font_24_0x53
                0x00407e2c       0x10 src/main.o
 .rodata.font_24_0x54
                0x00407e3c       0x10 src/main.o
 .rodata.font_24_0x55
                0x00407e4c       0x10 src/main.o
 .rodata.font_24_0x56
                0x00407e5c       0x10 src/main.o
 .rodata.font_24_0x57
                0x00407e6c       0x10 src/main.o
 .rodata.font_24_0x58
                0x00407e7c       0x10 src/main.o
 .rodata.font_24_0x59
                0x00407e8c       0x10 src/main.o
 .rodata.font_24_0x5a
                0x00407e9c       0x10 src/main.o
 .rodata.font_24_0x5b
                0x00407eac       0x10 src/main.o
 .rodata.font_24_0x5c
                0x00407ebc       0x10 src/main.o
 .rodata.font_24_0x5d
                0x00407ecc       0x10 src/main.o
 .rodata.font_24_0x5e
                0x00407edc       0x10 src/main.o
 .rodata.font_24_0x5f
                0x00407eec       0x10 src/main.o
 .rodata.font_24_0x60
                0x00407efc       0x10 src/main.o
 .rodata.font_24_0x61
                0x00407f0c       0x10 src/main.o
 .rodata.font_24_0x62
                0x00407f1c       0x10 src/main.o
 .rodata.font_24_0x63
                0x00407f2c       0x10 src/main.o
 .rodata.font_24_0x64
                0x00407f3c       0x10 src/main.o
 .rodata.font_24_0x65
                0x00407f4c       0x10 src/main.o
 .rodata.font_24_0x66
                0x00407f5c       0x10 src/main.o
 .rodata.font_24_0x67
                0x00407f6c       0x10 src/main.o
 .rodata.font_24_0x68
                0x00407f7c       0x10 src/main.o
 .rodata.font_24_0x69
                0x00407f8c       0x10 src/main.o
 .rodata.font_24_0x6a
                0x00407f9c       0x10 src/main.o
 .rodata.font_24_0x6b
                0x00407fac       0x10 src/main.o
 .rodata.font_24_0x6c
                0x00407fbc       0x10 src/main.o
 .rodata.font_24_0x6d
                0x00407fcc       0x10 src/main.o
 .rodata.font_24_0x6e
                0x00407fdc       0x10 src/main.o
 .rodata.font_24_0x6f
                0x00407fec       0x10 src/main.o
 .rodata.font_24_0x70
                0x00407ffc       0x10 src/main.o
 .rodata.font_24_0x71
                0x0040800c       0x10 src/main.o
 .rodata.font_24_0x72
                0x0040801c       0x10 src/main.o
 .rodata.font_24_0x73
                0x0040802c       0x10 src/main.o
 .rodata.font_24_0x74
                0x0040803c       0x10 src/main.o
 .rodata.font_24_0x75
                0x0040804c       0x10 src/main.o
 .rodata.font_24_0x76
                0x0040805c       0x10 src/main.o
 .rodata.font_24_0x77
                0x0040806c       0x10 src/main.o
 .rodata.font_24_0x78
                0x0040807c       0x10 src/main.o
 .rodata.font_24_0x79
                0x0040808c       0x10 src/main.o
 .rodata.font_24_0x7a
                0x0040809c       0x10 src/main.o
 .rodata.font_24_0x7b
                0x004080ac       0x10 src/main.o
 .rodata.font_24_0x7c
                0x004080bc       0x10 src/main.o
 .rodata.font_24_0x7d
                0x004080cc       0x10 src/main.o
 .rodata.font_24_0x7e
                0x004080dc       0x10 src/main.o
 .rodata.font_24_array
                0x004080ec      0x2f8 src/main.o
 .rodata.font_invert_24
                0x004083e4        0xc src/main.o
                0x004083e4                font_invert_24
 .rodata.font_invert_24_0x20
                0x004083f0       0x10 src/main.o
 .rodata.font_invert_24_0x21
                0x00408400       0x10 src/main.o
 .rodata.font_invert_24_0x22
                0x00408410       0x10 src/main.o
 .rodata.font_invert_24_0x23
                0x00408420       0x10 src/main.o
 .rodata.font_invert_24_0x24
                0x00408430       0x10 src/main.o
 .rodata.font_invert_24_0x25
                0x00408440       0x10 src/main.o
 .rodata.font_invert_24_0x26
                0x00408450       0x10 src/main.o
 .rodata.font_invert_24_0x27
                0x00408460       0x10 src/main.o
 .rodata.font_invert_24_0x28
                0x00408470       0x10 src/main.o
 .rodata.font_invert_24_0x29
                0x00408480       0x10 src/main.o
 .rodata.font_invert_24_0x2a
                0x00408490       0x10 src/main.o
 .rodata.font_invert_24_0x2b
                0x004084a0       0x10 src/main.o
 .rodata.font_invert_24_0x2c
                0x004084b0       0x10 src/main.o
 .rodata.font_invert_24_0x2d
                0x004084c0       0x10 src/main.o
 .rodata.font_invert_24_0x2e
                0x004084d0       0x10 src/main.o
 .rodata.font_invert_24_0x2f
                0x004084e0       0x10 src/main.o
 .rodata.font_invert_24_0x30
                0x004084f0       0x10 src/main.o
 .rodata.font_invert_24_0x31
                0x00408500       0x10 src/main.o
 .rodata.font_invert_24_0x32
                0x00408510       0x10 src/main.o
 .rodata.font_invert_24_0x33
                0x00408520       0x10 src/main.o
 .rodata.font_invert_24_0x34
                0x00408530       0x10 src/main.o
 .rodata.font_invert_24_0x35
                0x00408540       0x10 src/main.o
 .rodata.font_invert_24_0x36
                0x00408550       0x10 src/main.o
 .rodata.font_invert_24_0x37
                0x00408560       0x10 src/main.o
 .rodata.font_invert_24_0x38
                0x00408570       0x10 src/main.o
 .rodata.font_invert_24_0x39
                0x00408580       0x10 src/main.o
 .rodata.font_invert_24_0x3a
                0x00408590       0x10 src/main.o
 .rodata.font_invert_24_0x3b
                0x004085a0       0x10 src/main.o
 .rodata.font_invert_24_0x3c
                0x004085b0       0x10 src/main.o
 .rodata.font_invert_24_0x3d
                0x004085c0       0x10 src/main.o
 .rodata.font_invert_24_0x3e
                0x004085d0       0x10 src/main.o
 .rodata.font_invert_24_0x3f
                0x004085e0       0x10 src/main.o
 .rodata.font_invert_24_0x40
                0x004085f0       0x10 src/main.o
 .rodata.font_invert_24_0x41
                0x00408600       0x10 src/main.o
 .rodata.font_invert_24_0x42
                0x00408610       0x10 src/main.o
 .rodata.font_invert_24_0x43
                0x00408620       0x10 src/main.o
 .rodata.font_invert_24_0x44
                0x00408630       0x10 src/main.o
 .rodata.font_invert_24_0x45
                0x00408640       0x10 src/main.o
 .rodata.font_invert_24_0x46
                0x00408650       0x10 src/main.o
 .rodata.font_invert_24_0x47
                0x00408660       0x10 src/main.o
 .rodata.font_invert_24_0x48
                0x00408670       0x10 src/main.o
 .rodata.font_invert_24_0x49
                0x00408680       0x10 src/main.o
 .rodata.font_invert_24_0x4a
                0x00408690       0x10 src/main.o
 .rodata.font_invert_24_0x4b
                0x004086a0       0x10 src/main.o
 .rodata.font_invert_24_0x4c
                0x004086b0       0x10 src/main.o
 .rodata.font_invert_24_0x4d
                0x004086c0       0x10 src/main.o
 .rodata.font_invert_24_0x4e
                0x004086d0       0x10 src/main.o
 .rodata.font_invert_24_0x4f
                0x004086e0       0x10 src/main.o
 .rodata.font_invert_24_0x50
                0x004086f0       0x10 src/main.o
 .rodata.font_invert_24_0x51
                0x00408700       0x10 src/main.o
 .rodata.font_invert_24_0x52
                0x00408710       0x10 src/main.o
 .rodata.font_invert_24_0x53
                0x00408720       0x10 src/main.o
 .rodata.font_invert_24_0x54
                0x00408730       0x10 src/main.o
 .rodata.font_invert_24_0x55
                0x00408740       0x10 src/main.o
 .rodata.font_invert_24_0x56
                0x00408750       0x10 src/main.o
 .rodata.font_invert_24_0x57
                0x00408760       0x10 src/main.o
 .rodata.font_invert_24_0x58
                0x00408770       0x10 src/main.o
 .rodata.font_invert_24_0x59
                0x00408780       0x10 src/main.o
 .rodata.font_invert_24_0x5a
                0x00408790       0x10 src/main.o
 .rodata.font_invert_24_0x5b
                0x004087a0       0x10 src/main.o
 .rodata.font_invert_24_0x5c
                0x004087b0       0x10 src/main.o
 .rodata.font_invert_24_0x5d
                0x004087c0       0x10 src/main.o
 .rodata.font_invert_24_0x5e
                0x004087d0       0x10 src/main.o
 .rodata.font_invert_24_0x5f
                0x004087e0       0x10 src/main.o
 .rodata.font_invert_24_0x60
                0x004087f0       0x10 src/main.o
 .rodata.font_invert_24_0x61
                0x00408800       0x10 src/main.o
 .rodata.font_invert_24_0x62
                0x00408810       0x10 src/main.o
 .rodata.font_invert_24_0x63
                0x00408820       0x10 src/main.o
 .rodata.font_invert_24_0x64
                0x00408830       0x10 src/main.o
 .rodata.font_invert_24_0x65
                0x00408840       0x10 src/main.o
 .rodata.font_invert_24_0x66
                0x00408850       0x10 src/main.o
 .rodata.font_invert_24_0x67
                0x00408860       0x10 src/main.o
 .rodata.font_invert_24_0x68
                0x00408870       0x10 src/main.o
 .rodata.font_invert_24_0x69
                0x00408880       0x10 src/main.o
 .rodata.font_invert_24_0x6a
                0x00408890       0x10 src/main.o
 .rodata.font_invert_24_0x6b
                0x004088a0       0x10 src/main.o
 .rodata.font_invert_24_0x6c
                0x004088b0       0x10 src/main.o
 .rodata.font_invert_24_0x6d
                0x004088c0       0x10 src/main.o
 .rodata.font_invert_24_0x6e
                0x004088d0       0x10 src/main.o
 .rodata.font_invert_24_0x6f
                0x004088e0       0x10 src/main.o
 .rodata.font_invert_24_0x70
                0x004088f0       0x10 src/main.o
 .rodata.font_invert_24_0x71
                0x00408900       0x10 src/main.o
 .rodata.font_invert_24_0x72
                0x00408910       0x10 src/main.o
 .rodata.font_invert_24_0x73
                0x00408920       0x10 src/main.o
 .rodata.font_invert_24_0x74
                0x00408930       0x10 src/main.o
 .rodata.font_invert_24_0x75
                0x00408940       0x10 src/main.o
 .rodata.font_invert_24_0x76
                0x00408950       0x10 src/main.o
 .rodata.font_invert_24_0x77
                0x00408960       0x10 src/main.o
 .rodata.font_invert_24_0x78
                0x00408970       0x10 src/main.o
 .rodata.font_invert_24_0x79
                0x00408980       0x10 src/main.o
 .rodata.font_invert_24_0x7a
                0x00408990       0x10 src/main.o
 .rodata.font_invert_24_0x7b
                0x004089a0       0x10 src/main.o
 .rodata.font_invert_24_0x7c
                0x004089b0       0x10 src/main.o
 .rodata.font_invert_24_0x7d
                0x004089c0       0x10 src/main.o
 .rodata.font_invert_24_0x7e
                0x004089d0       0x10 src/main.o
 .rodata.font_invert_24_array
                0x004089e0      0x2f8 src/main.o
 .rodata.image_data_corsi
                0x00408cd8     0x3a74 src/main.o
 .rodata.image_data_font_24_0x20
                0x0040c74c      0x438 src/main.o
 .rodata.image_data_font_24_0x21
                0x0040cb84      0x360 src/main.o
 .rodata.image_data_font_24_0x22
                0x0040cee4      0x438 src/main.o
 .rodata.image_data_font_24_0x23
                0x0040d31c      0x804 src/main.o
 .rodata.image_data_font_24_0x24
                0x0040db20      0x57c src/main.o
 .rodata.image_data_font_24_0x25
                0x0040e09c      0x798 src/main.o
 .rodata.image_data_font_24_0x26
                0x0040e834      0x948 src/main.o
 .rodata.image_data_font_24_0x27
                0x0040f17c      0x288 src/main.o
 .rodata.image_data_font_24_0x28
                0x0040f404      0x438 src/main.o
 .rodata.image_data_font_24_0x29
                0x0040f83c      0x3cc src/main.o
 .rodata.image_data_font_24_0x2a
                0x0040fc08      0x510 src/main.o
 .rodata.image_data_font_24_0x2b
                0x00410118      0x5e8 src/main.o
 .rodata.image_data_font_24_0x2c
                0x00410700      0x360 src/main.o
 .rodata.image_data_font_24_0x2d
                0x00410a60      0x654 src/main.o
 .rodata.image_data_font_24_0x2e
                0x004110b4      0x288 src/main.o
 .rodata.image_data_font_24_0x2f
                0x0041133c      0x5e8 src/main.o
 .rodata.image_data_font_24_0x30
                0x00411924      0x798 src/main.o
 .rodata.image_data_font_24_0x31
                0x004120bc      0x798 src/main.o
 .rodata.image_data_font_24_0x32
                0x00412854      0x798 src/main.o
 .rodata.image_data_font_24_0x33
                0x00412fec      0x798 src/main.o
 .rodata.image_data_font_24_0x34
                0x00413784      0x798 src/main.o
 .rodata.image_data_font_24_0x35
                0x00413f1c      0x804 src/main.o
 .rodata.image_data_font_24_0x36
                0x00414720      0x798 src/main.o
 .rodata.image_data_font_24_0x37
                0x00414eb8      0x798 src/main.o
 .rodata.image_data_font_24_0x38
                0x00415650      0x798 src/main.o
 .rodata.image_data_font_24_0x39
                0x00415de8      0x798 src/main.o
 .rodata.image_data_font_24_0x3a
                0x00416580      0x2f4 src/main.o
 .rodata.image_data_font_24_0x3b
                0x00416874      0x360 src/main.o
 .rodata.image_data_font_24_0x3c
                0x00416bd4      0x57c src/main.o
 .rodata.image_data_font_24_0x3d
                0x00417150      0x654 src/main.o
 .rodata.image_data_font_24_0x3e
                0x004177a4      0x5e8 src/main.o
 .rodata.image_data_font_24_0x3f
                0x00417d8c      0x510 src/main.o
 .rodata.image_data_font_24_0x40
                0x0041829c      0x870 src/main.o
 .rodata.image_data_font_24_0x41
                0x00418b0c      0x804 src/main.o
 .rodata.image_data_font_24_0x42
                0x00419310      0x798 src/main.o
 .rodata.image_data_font_24_0x43
                0x00419aa8      0x72c src/main.o
 .rodata.image_data_font_24_0x44
                0x0041a1d4      0x804 src/main.o
 .rodata.image_data_font_24_0x45
                0x0041a9d8      0x6c0 src/main.o
 .rodata.image_data_font_24_0x46
                0x0041b098      0x654 src/main.o
 .rodata.image_data_font_24_0x47
                0x0041b6ec      0x804 src/main.o
 .rodata.image_data_font_24_0x48
                0x0041bef0      0x804 src/main.o
 .rodata.image_data_font_24_0x49
                0x0041c6f4      0x360 src/main.o
 .rodata.image_data_font_24_0x4a
                0x0041ca54      0x5e8 src/main.o
 .rodata.image_data_font_24_0x4b
                0x0041d03c      0x798 src/main.o
 .rodata.image_data_font_24_0x4c
                0x0041d7d4      0x654 src/main.o
 .rodata.image_data_font_24_0x4d
                0x0041de28      0x9b4 src/main.o
 .rodata.image_data_font_24_0x4e
                0x0041e7dc      0x804 src/main.o
 .rodata.image_data_font_24_0x4f
                0x0041efe0      0x804 src/main.o
 .rodata.image_data_font_24_0x50
                0x0041f7e4      0x72c src/main.o
 .rodata.image_data_font_24_0x51
                0x0041ff10      0x804 src/main.o
 .rodata.image_data_font_24_0x52
                0x00420714      0x798 src/main.o
 .rodata.image_data_font_24_0x53
                0x00420eac      0x654 src/main.o
 .rodata.image_data_font_24_0x54
                0x00421500      0x798 src/main.o
 .rodata.image_data_font_24_0x55
                0x00421c98      0x804 src/main.o
 .rodata.image_data_font_24_0x56
                0x0042249c      0x804 src/main.o
 .rodata.image_data_font_24_0x57
                0x00422ca0      0xa20 src/main.o
 .rodata.image_data_font_24_0x58
                0x004236c0      0x798 src/main.o
 .rodata.image_data_font_24_0x59
                0x00423e58      0x798 src/main.o
 .rodata.image_data_font_24_0x5a
                0x004245f0      0x798 src/main.o
 .rodata.image_data_font_24_0x5b
                0x00424d88      0x438 src/main.o
 .rodata.image_data_font_24_0x5c
                0x004251c0      0x57c src/main.o
 .rodata.image_data_font_24_0x5d
                0x0042573c      0x438 src/main.o
 .rodata.image_data_font_24_0x5e
                0x00425b74      0x5e8 src/main.o
 .rodata.image_data_font_24_0x5f
                0x0042615c      0x438 src/main.o
 .rodata.image_data_font_24_0x60
                0x00426594      0x360 src/main.o
 .rodata.image_data_font_24_0x61
                0x004268f4      0x5e8 src/main.o
 .rodata.image_data_font_24_0x62
                0x00426edc      0x5e8 src/main.o
 .rodata.image_data_font_24_0x63
                0x004274c4      0x510 src/main.o
 .rodata.image_data_font_24_0x64
                0x004279d4      0x6c0 src/main.o
 .rodata.image_data_font_24_0x65
                0x00428094      0x510 src/main.o
 .rodata.image_data_font_24_0x66
                0x004285a4      0x4a4 src/main.o
 .rodata.image_data_font_24_0x67
                0x00428a48      0x5e8 src/main.o
 .rodata.image_data_font_24_0x68
                0x00429030      0x654 src/main.o
 .rodata.image_data_font_24_0x69
                0x00429684      0x360 src/main.o
 .rodata.image_data_font_24_0x6a
                0x004299e4      0x360 src/main.o
 .rodata.image_data_font_24_0x6b
                0x00429d44      0x5e8 src/main.o
 .rodata.image_data_font_24_0x6c
                0x0042a32c      0x2f4 src/main.o
 .rodata.image_data_font_24_0x6d
                0x0042a620      0xa8c src/main.o
 .rodata.image_data_font_24_0x6e
                0x0042b0ac      0x6c0 src/main.o
 .rodata.image_data_font_24_0x6f
                0x0042b76c      0x5e8 src/main.o
 .rodata.image_data_font_24_0x70
                0x0042bd54      0x6c0 src/main.o
 .rodata.image_data_font_24_0x71
                0x0042c414      0x5e8 src/main.o
 .rodata.image_data_font_24_0x72
                0x0042c9fc      0x57c src/main.o
 .rodata.image_data_font_24_0x73
                0x0042cf78      0x438 src/main.o
 .rodata.image_data_font_24_0x74
                0x0042d3b0      0x4a4 src/main.o
 .rodata.image_data_font_24_0x75
                0x0042d854      0x654 src/main.o
 .rodata.image_data_font_24_0x76
                0x0042dea8      0x5e8 src/main.o
 .rodata.image_data_font_24_0x77
                0x0042e490      0x8dc src/main.o
 .rodata.image_data_font_24_0x78
                0x0042ed6c      0x57c src/main.o
 .rodata.image_data_font_24_0x79
                0x0042f2e8      0x5e8 src/main.o
 .rodata.image_data_font_24_0x7a
                0x0042f8d0      0x510 src/main.o
 .rodata.image_data_font_24_0x7b
                0x0042fde0      0x438 src/main.o
 .rodata.image_data_font_24_0x7c
                0x00430218      0x360 src/main.o
 .rodata.image_data_font_24_0x7d
                0x00430578      0x438 src/main.o
 .rodata.image_data_font_24_0x7e
                0x004309b0      0x804 src/main.o
 .rodata.image_data_font_invert_24_0x20
                0x004311b4      0x438 src/main.o
 .rodata.image_data_font_invert_24_0x21
                0x004315ec      0x360 src/main.o
 .rodata.image_data_font_invert_24_0x22
                0x0043194c      0x438 src/main.o
 .rodata.image_data_font_invert_24_0x23
                0x00431d84      0x804 src/main.o
 .rodata.image_data_font_invert_24_0x24
                0x00432588      0x57c src/main.o
 .rodata.image_data_font_invert_24_0x25
                0x00432b04      0x798 src/main.o
 .rodata.image_data_font_invert_24_0x26
                0x0043329c      0x948 src/main.o
 .rodata.image_data_font_invert_24_0x27
                0x00433be4      0x288 src/main.o
 .rodata.image_data_font_invert_24_0x28
                0x00433e6c      0x438 src/main.o
 .rodata.image_data_font_invert_24_0x29
                0x004342a4      0x3cc src/main.o
 .rodata.image_data_font_invert_24_0x2a
                0x00434670      0x510 src/main.o
 .rodata.image_data_font_invert_24_0x2b
                0x00434b80      0x5e8 src/main.o
 .rodata.image_data_font_invert_24_0x2c
                0x00435168      0x360 src/main.o
 .rodata.image_data_font_invert_24_0x2d
                0x004354c8      0x654 src/main.o
 .rodata.image_data_font_invert_24_0x2e
                0x00435b1c      0x288 src/main.o
 .rodata.image_data_font_invert_24_0x2f
                0x00435da4      0x5e8 src/main.o
 .rodata.image_data_font_invert_24_0x30
                0x0043638c      0x798 src/main.o
 .rodata.image_data_font_invert_24_0x31
                0x00436b24      0x798 src/main.o
 .rodata.image_data_font_invert_24_0x32
                0x004372bc      0x798 src/main.o
 .rodata.image_data_font_invert_24_0x33
                0x00437a54      0x798 src/main.o
 .rodata.image_data_font_invert_24_0x34
                0x004381ec      0x798 src/main.o
 .rodata.image_data_font_invert_24_0x35
                0x00438984      0x804 src/main.o
 .rodata.image_data_font_invert_24_0x36
                0x00439188      0x798 src/main.o
 .rodata.image_data_font_invert_24_0x37
                0x00439920      0x798 src/main.o
 .rodata.image_data_font_invert_24_0x38
                0x0043a0b8      0x798 src/main.o
 .rodata.image_data_font_invert_24_0x39
                0x0043a850      0x798 src/main.o
 .rodata.image_data_font_invert_24_0x3a
                0x0043afe8      0x2f4 src/main.o
 .rodata.image_data_font_invert_24_0x3b
                0x0043b2dc      0x360 src/main.o
 .rodata.image_data_font_invert_24_0x3c
                0x0043b63c      0x57c src/main.o
 .rodata.image_data_font_invert_24_0x3d
                0x0043bbb8      0x654 src/main.o
 .rodata.image_data_font_invert_24_0x3e
                0x0043c20c      0x5e8 src/main.o
 .rodata.image_data_font_invert_24_0x3f
                0x0043c7f4      0x510 src/main.o
 .rodata.image_data_font_invert_24_0x40
                0x0043cd04      0x870 src/main.o
 .rodata.image_data_font_invert_24_0x41
                0x0043d574      0x804 src/main.o
 .rodata.image_data_font_invert_24_0x42
                0x0043dd78      0x798 src/main.o
 .rodata.image_data_font_invert_24_0x43
                0x0043e510      0x72c src/main.o
 .rodata.image_data_font_invert_24_0x44
                0x0043ec3c      0x804 src/main.o
 .rodata.image_data_font_invert_24_0x45
                0x0043f440      0x6c0 src/main.o
 .rodata.image_data_font_invert_24_0x46
                0x0043fb00      0x654 src/main.o
 .rodata.image_data_font_invert_24_0x47
                0x00440154      0x804 src/main.o
 .rodata.image_data_font_invert_24_0x48
                0x00440958      0x804 src/main.o
 .rodata.image_data_font_invert_24_0x49
                0x0044115c      0x360 src/main.o
 .rodata.image_data_font_invert_24_0x4a
                0x004414bc      0x5e8 src/main.o
 .rodata.image_data_font_invert_24_0x4b
                0x00441aa4      0x798 src/main.o
 .rodata.image_data_font_invert_24_0x4c
                0x0044223c      0x654 src/main.o
 .rodata.image_data_font_invert_24_0x4d
                0x00442890      0x9b4 src/main.o
 .rodata.image_data_font_invert_24_0x4e
                0x00443244      0x804 src/main.o
 .rodata.image_data_font_invert_24_0x4f
                0x00443a48      0x804 src/main.o
 .rodata.image_data_font_invert_24_0x50
                0x0044424c      0x72c src/main.o
 .rodata.image_data_font_invert_24_0x51
                0x00444978      0x804 src/main.o
 .rodata.image_data_font_invert_24_0x52
                0x0044517c      0x798 src/main.o
 .rodata.image_data_font_invert_24_0x53
                0x00445914      0x654 src/main.o
 .rodata.image_data_font_invert_24_0x54
                0x00445f68      0x798 src/main.o
 .rodata.image_data_font_invert_24_0x55
                0x00446700      0x804 src/main.o
 .rodata.image_data_font_invert_24_0x56
                0x00446f04      0x804 src/main.o
 .rodata.image_data_font_invert_24_0x57
                0x00447708      0xa20 src/main.o
 .rodata.image_data_font_invert_24_0x58
                0x00448128      0x798 src/main.o
 .rodata.image_data_font_invert_24_0x59
                0x004488c0      0x798 src/main.o
 .rodata.image_data_font_invert_24_0x5a
                0x00449058      0x798 src/main.o
 .rodata.image_data_font_invert_24_0x5b
                0x004497f0      0x438 src/main.o
 .rodata.image_data_font_invert_24_0x5c
                0x00449c28      0x57c src/main.o
 .rodata.image_data_font_invert_24_0x5d
                0x0044a1a4      0x438 src/main.o
 .rodata.image_data_font_invert_24_0x5e
                0x0044a5dc      0x5e8 src/main.o
 .rodata.image_data_font_invert_24_0x5f
                0x0044abc4      0x438 src/main.o
 .rodata.image_data_font_invert_24_0x60
                0x0044affc      0x360 src/main.o
 .rodata.image_data_font_invert_24_0x61
                0x0044b35c      0x5e8 src/main.o
 .rodata.image_data_font_invert_24_0x62
                0x0044b944      0x5e8 src/main.o
 .rodata.image_data_font_invert_24_0x63
                0x0044bf2c      0x510 src/main.o
 .rodata.image_data_font_invert_24_0x64
                0x0044c43c      0x6c0 src/main.o
 .rodata.image_data_font_invert_24_0x65
                0x0044cafc      0x510 src/main.o
 .rodata.image_data_font_invert_24_0x66
                0x0044d00c      0x4a4 src/main.o
 .rodata.image_data_font_invert_24_0x67
                0x0044d4b0      0x5e8 src/main.o
 .rodata.image_data_font_invert_24_0x68
                0x0044da98      0x654 src/main.o
 .rodata.image_data_font_invert_24_0x69
                0x0044e0ec      0x360 src/main.o
 .rodata.image_data_font_invert_24_0x6a
                0x0044e44c      0x360 src/main.o
 .rodata.image_data_font_invert_24_0x6b
                0x0044e7ac      0x5e8 src/main.o
 .rodata.image_data_font_invert_24_0x6c
                0x0044ed94      0x2f4 src/main.o
 .rodata.image_data_font_invert_24_0x6d
                0x0044f088      0xa8c src/main.o
 .rodata.image_data_font_invert_24_0x6e
                0x0044fb14      0x6c0 src/main.o
 .rodata.image_data_font_invert_24_0x6f
                0x004501d4      0x5e8 src/main.o
 .rodata.image_data_font_invert_24_0x70
                0x004507bc      0x6c0 src/main.o
 .rodata.image_data_font_invert_24_0x71
                0x00450e7c      0x5e8 src/main.o
 .rodata.image_data_font_invert_24_0x72
                0x00451464      0x57c src/main.o
 .rodata.image_data_font_invert_24_0x73
                0x004519e0      0x438 src/main.o
 .rodata.image_data_font_invert_24_0x74
                0x00451e18      0x4a4 src/main.o
 .rodata.image_data_font_invert_24_0x75
                0x004522bc      0x654 src/main.o
 .rodata.image_data_font_invert_24_0x76
                0x00452910      0x5e8 src/main.o
 .rodata.image_data_font_invert_24_0x77
                0x00452ef8      0x8dc src/main.o
 .rodata.image_data_font_invert_24_0x78
                0x004537d4      0x57c src/main.o
 .rodata.image_data_font_invert_24_0x79
                0x00453d50      0x5e8 src/main.o
 .rodata.image_data_font_invert_24_0x7a
                0x00454338      0x510 src/main.o
 .rodata.image_data_font_invert_24_0x7b
                0x00454848      0x438 src/main.o
 .rodata.image_data_font_invert_24_0x7c
                0x00454c80      0x360 src/main.o
 .rodata.image_data_font_invert_24_0x7d
                0x00454fe0      0x438 src/main.o
 .rodata.image_data_font_invert_24_0x7e
                0x00455418      0x804 src/main.o
 .rodata.image_data_lock
                0x00455c1c      0xc00 src/main.o
 .rodata.image_data_pause
                0x0045681c      0xc00 src/main.o
 .rodata.image_data_play
                0x0045741c      0xc00 src/main.o
 .rodata.mxt_handler.str1.4
                0x0045801c       0x37 src/main.o
 *fill*         0x00458053        0x1 
 .rodata.next_button.str1.4
                0x00458054       0x16 src/main.o
 *fill*         0x0045806a        0x2 
 .rodata.play_button.str1.4
                0x0045806c        0xe src/main.o
 *fill*         0x0045807a        0x2 
 .rodata._global_impure_ptr
                0x0045807c        0x4 c:/program files (x86)/atmel/studio/7.0/toolchain/arm/arm-gnu-toolchain/bin/../lib/gcc/arm-none-eabi/6.3.1/../../../../arm-none-eabi/lib/thumb/v7e-m\libc.a(lib_a-impure.o)
                0x0045807c                _global_impure_ptr
 .rodata._svfprintf_r.str1.4
                0x00458080       0x3f c:/program files (x86)/atmel/studio/7.0/toolchain/arm/arm-gnu-toolchain/bin/../lib/gcc/arm-none-eabi/6.3.1/../../../../arm-none-eabi/lib/thumb/v7e-m\libc.a(lib_a-svfprintf.o)
                                 0x42 (size before relaxing)
 *fill*         0x004580bf        0x1 
 .rodata.blanks.7223
                0x004580c0       0x10 c:/program files (x86)/atmel/studio/7.0/toolchain/arm/arm-gnu-toolchain/bin/../lib/gcc/arm-none-eabi/6.3.1/../../../../arm-none-eabi/lib/thumb/v7e-m\libc.a(lib_a-svfprintf.o)
 .rodata.zeroes.7224
                0x004580d0       0x10 c:/program files (x86)/atmel/studio/7.0/toolchain/arm/arm-gnu-toolchain/bin/../lib/gcc/arm-none-eabi/6.3.1/../../../../arm-none-eabi/lib/thumb/v7e-m\libc.a(lib_a-svfprintf.o)
 .rodata._dtoa_r.str1.4
                0x004580e0       0x10 c:/program files (x86)/atmel/studio/7.0/toolchain/arm/arm-gnu-toolchain/bin/../lib/gcc/arm-none-eabi/6.3.1/../../../../arm-none-eabi/lib/thumb/v7e-m\libc.a(lib_a-dtoa.o)
                                 0x12 (size before relaxing)
 .rodata.__mprec_bigtens
                0x004580f0       0x28 c:/program files (x86)/atmel/studio/7.0/toolchain/arm/arm-gnu-toolchain/bin/../lib/gcc/arm-none-eabi/6.3.1/../../../../arm-none-eabi/lib/thumb/v7e-m\libc.a(lib_a-mprec.o)
                0x004580f0                __mprec_bigtens
 .rodata.__mprec_tens
                0x00458118       0xc8 c:/program files (x86)/atmel/studio/7.0/toolchain/arm/arm-gnu-toolchain/bin/../lib/gcc/arm-none-eabi/6.3.1/../../../../arm-none-eabi/lib/thumb/v7e-m\libc.a(lib_a-mprec.o)
                0x00458118                __mprec_tens
 .rodata.p05.6055
                0x004581e0        0xc c:/program files (x86)/atmel/studio/7.0/toolchain/arm/arm-gnu-toolchain/bin/../lib/gcc/arm-none-eabi/6.3.1/../../../../arm-none-eabi/lib/thumb/v7e-m\libc.a(lib_a-mprec.o)
 .rodata._setlocale_r.str1.4
                0x004581ec        0xa c:/program files (x86)/atmel/studio/7.0/toolchain/arm/arm-gnu-toolchain/bin/../lib/gcc/arm-none-eabi/6.3.1/../../../../arm-none-eabi/lib/thumb/v7e-m\libc.a(lib_a-locale.o)
                                  0xd (size before relaxing)
 *fill*         0x004581f6        0x2 
 .rodata.str1.4
                0x004581f8        0x4 c:/program files (x86)/atmel/studio/7.0/toolchain/arm/arm-gnu-toolchain/bin/../lib/gcc/arm-none-eabi/6.3.1/../../../../arm-none-eabi/lib/thumb/v7e-m\libc.a(lib_a-locale.o)
                                  0x2 (size before relaxing)
 .rodata._ctype_
                0x004581fc      0x101 c:/program files (x86)/atmel/studio/7.0/toolchain/arm/arm-gnu-toolchain/bin/../lib/gcc/arm-none-eabi/6.3.1/../../../../arm-none-eabi/lib/thumb/v7e-m\libc.a(lib_a-ctype_.o)
                0x004581fc                _ctype_
 *(.ARM.extab* .gnu.linkonce.armextab.*)
                0x00458300                . = ALIGN (0x4)
 *fill*         0x004582fd        0x3 
 *(.init)
 .init          0x00458300        0x4 c:/program files (x86)/atmel/studio/7.0/toolchain/arm/arm-gnu-toolchain/bin/../lib/gcc/arm-none-eabi/6.3.1/thumb/v7e-m/crti.o
                0x00458300                _init
 .init          0x00458304        0x8 c:/program files (x86)/atmel/studio/7.0/toolchain/arm/arm-gnu-toolchain/bin/../lib/gcc/arm-none-eabi/6.3.1/thumb/v7e-m/crtn.o
                0x0045830c                . = ALIGN (0x4)
                0x0045830c                __preinit_array_start = .
 *(.preinit_array)
                0x0045830c                __preinit_array_end = .
                0x0045830c                . = ALIGN (0x4)
                0x0045830c                __init_array_start = .
 *(SORT(.init_array.*))
 .init_array.00000
                0x0045830c        0x4 c:/program files (x86)/atmel/studio/7.0/toolchain/arm/arm-gnu-toolchain/bin/../lib/gcc/arm-none-eabi/6.3.1/../../../../arm-none-eabi/lib/thumb/v7e-m\libc.a(lib_a-__call_atexit.o)
 *(.init_array)
 .init_array    0x00458310        0x4 c:/program files (x86)/atmel/studio/7.0/toolchain/arm/arm-gnu-toolchain/bin/../lib/gcc/arm-none-eabi/6.3.1/thumb/v7e-m/crtbegin.o
                0x00458314                __init_array_end = .
                0x00458314                . = ALIGN (0x4)
 *crtbegin.o(.ctors)
 *(EXCLUDE_FILE(*crtend.o) .ctors)
 *(SORT(.ctors.*))
 *crtend.o(.ctors)
                0x00458314                . = ALIGN (0x4)
 *(.fini)
 .fini          0x00458314        0x4 c:/program files (x86)/atmel/studio/7.0/toolchain/arm/arm-gnu-toolchain/bin/../lib/gcc/arm-none-eabi/6.3.1/thumb/v7e-m/crti.o
                0x00458314                _fini
 .fini          0x00458318        0x8 c:/program files (x86)/atmel/studio/7.0/toolchain/arm/arm-gnu-toolchain/bin/../lib/gcc/arm-none-eabi/6.3.1/thumb/v7e-m/crtn.o
                0x00458320                . = ALIGN (0x4)
                0x00458320                __fini_array_start = .
 *(.fini_array)
 .fini_array    0x00458320        0x4 c:/program files (x86)/atmel/studio/7.0/toolchain/arm/arm-gnu-toolchain/bin/../lib/gcc/arm-none-eabi/6.3.1/thumb/v7e-m/crtbegin.o
 *(SORT(.fini_array.*))
                0x00458324                __fini_array_end = .
 *crtbegin.o(.dtors)
 *(EXCLUDE_FILE(*crtend.o) .dtors)
 *(SORT(.dtors.*))
 *crtend.o(.dtors)
                0x00458324                . = ALIGN (0x4)
                0x00458324                _efixed = .
                [!provide]                PROVIDE (__exidx_start, .)

.vfp11_veneer   0x00458324        0x0
 .vfp11_veneer  0x00458324        0x0 linker stubs

.v4_bx          0x00458324        0x0
 .v4_bx         0x00458324        0x0 linker stubs

.iplt           0x00458324        0x0
 .iplt          0x00458324        0x0 c:/program files (x86)/atmel/studio/7.0/toolchain/arm/arm-gnu-toolchain/bin/../lib/gcc/arm-none-eabi/6.3.1/thumb/v7e-m/crtbegin.o

.ARM.exidx      0x00458324        0x8
 *(.ARM.exidx* .gnu.linkonce.armexidx.*)
 .ARM.exidx     0x00458324        0x8 c:/program files (x86)/atmel/studio/7.0/toolchain/arm/arm-gnu-toolchain/bin/../lib/gcc/arm-none-eabi/6.3.1/thumb/v7e-m\libgcc.a(_udivmoddi4.o)
                [!provide]                PROVIDE (__exidx_end, .)

.eh_frame       0x0045832c        0x0
 .eh_frame      0x0045832c        0x0 c:/program files (x86)/atmel/studio/7.0/toolchain/arm/arm-gnu-toolchain/bin/../lib/gcc/arm-none-eabi/6.3.1/thumb/v7e-m/crtbegin.o

.rel.dyn        0x0045832c        0x0
 .rel.iplt      0x0045832c        0x0 c:/program files (x86)/atmel/studio/7.0/toolchain/arm/arm-gnu-toolchain/bin/../lib/gcc/arm-none-eabi/6.3.1/thumb/v7e-m/crtbegin.o

.jcr            0x0045832c        0x0
 .jcr           0x0045832c        0x0 c:/program files (x86)/atmel/studio/7.0/toolchain/arm/arm-gnu-toolchain/bin/../lib/gcc/arm-none-eabi/6.3.1/thumb/v7e-m/crtbegin.o

.igot.plt       0x0045832c        0x0
 .igot.plt      0x0045832c        0x0 c:/program files (x86)/atmel/studio/7.0/toolchain/arm/arm-gnu-toolchain/bin/../lib/gcc/arm-none-eabi/6.3.1/thumb/v7e-m/crtbegin.o
                0x0045832c                . = ALIGN (0x4)
                0x0045832c                _etext = .

.relocate       0x20400000      0xaf0 load address 0x0045832c
                0x20400000                . = ALIGN (0x4)
                0x20400000                _srelocate = .
 *(.ramfunc .ramfunc.*)
 .ramfunc       0x20400000        0xa src/ASF/common/services/delay/sam/cycle_counter.o
                0x20400000                portable_delay_cycles
 *(.data .data.*)
 .data.g_interrupt_enabled
                0x2040000a        0x1 src/ASF/common/utils/interrupt/interrupt_sam_nvic.o
                0x2040000a                g_interrupt_enabled
 *fill*         0x2040000b        0x1 
 .data.SystemCoreClock
                0x2040000c        0x4 src/ASF/sam/utils/cmsis/same70/source/templates/system_same70.o
                0x2040000c                SystemCoreClock
 .data.c_centrifuga
                0x20400010       0x3c src/main.o
                0x20400010                c_centrifuga
 .data.c_diario
                0x2040004c       0x3c src/main.o
                0x2040004c                c_diario
 .data.c_enxague
                0x20400088       0x3c src/main.o
                0x20400088                c_enxague
 .data.c_pesado
                0x204000c4       0x3c src/main.o
                0x204000c4                c_pesado
 .data.c_rapido
                0x20400100       0x3c src/main.o
                0x20400100                c_rapido
 .data.last_state.11610
                0x2040013c        0x4 src/main.o
 .data._impure_ptr
                0x20400140        0x4 c:/program files (x86)/atmel/studio/7.0/toolchain/arm/arm-gnu-toolchain/bin/../lib/gcc/arm-none-eabi/6.3.1/../../../../arm-none-eabi/lib/thumb/v7e-m\libc.a(lib_a-impure.o)
                0x20400140                _impure_ptr
 *fill*         0x20400144        0x4 
 .data.impure_data
                0x20400148      0x428 c:/program files (x86)/atmel/studio/7.0/toolchain/arm/arm-gnu-toolchain/bin/../lib/gcc/arm-none-eabi/6.3.1/../../../../arm-none-eabi/lib/thumb/v7e-m\libc.a(lib_a-impure.o)
 .data.__malloc_av_
                0x20400570      0x408 c:/program files (x86)/atmel/studio/7.0/toolchain/arm/arm-gnu-toolchain/bin/../lib/gcc/arm-none-eabi/6.3.1/../../../../arm-none-eabi/lib/thumb/v7e-m\libc.a(lib_a-mallocr.o)
                0x20400570                __malloc_av_
 .data.__malloc_sbrk_base
                0x20400978        0x4 c:/program files (x86)/atmel/studio/7.0/toolchain/arm/arm-gnu-toolchain/bin/../lib/gcc/arm-none-eabi/6.3.1/../../../../arm-none-eabi/lib/thumb/v7e-m\libc.a(lib_a-mallocr.o)
                0x20400978                __malloc_sbrk_base
 .data.__malloc_trim_threshold
                0x2040097c        0x4 c:/program files (x86)/atmel/studio/7.0/toolchain/arm/arm-gnu-toolchain/bin/../lib/gcc/arm-none-eabi/6.3.1/../../../../arm-none-eabi/lib/thumb/v7e-m\libc.a(lib_a-mallocr.o)
                0x2040097c                __malloc_trim_threshold
 .data.__atexit_recursive_mutex
                0x20400980        0x4 c:/program files (x86)/atmel/studio/7.0/toolchain/arm/arm-gnu-toolchain/bin/../lib/gcc/arm-none-eabi/6.3.1/../../../../arm-none-eabi/lib/thumb/v7e-m\libc.a(lib_a-__call_atexit.o)
                0x20400980                __atexit_recursive_mutex
 .data.__global_locale
                0x20400984      0x16c c:/program files (x86)/atmel/studio/7.0/toolchain/arm/arm-gnu-toolchain/bin/../lib/gcc/arm-none-eabi/6.3.1/../../../../arm-none-eabi/lib/thumb/v7e-m\libc.a(lib_a-locale.o)
                0x20400984                __global_locale
                0x20400af0                . = ALIGN (0x4)
                0x20400af0                _erelocate = .

.bss            0x20400af0      0x52c load address 0x00458e1c
                0x20400af0                . = ALIGN (0x4)
                0x20400af0                _sbss = .
                0x20400af0                _szero = .
 *(.bss .bss.*)
 .bss           0x20400af0       0x1c c:/program files (x86)/atmel/studio/7.0/toolchain/arm/arm-gnu-toolchain/bin/../lib/gcc/arm-none-eabi/6.3.1/thumb/v7e-m/crtbegin.o
 .bss.g_ul_pixel_cache
                0x20400b0c      0x3c0 src/ASF/sam/components/display/ili9488/ili9488.o
 .bss.gs_interrupt_sources
                0x20400ecc       0x70 src/ASF/sam/drivers/pio/pio_handler.o
 .bss.gs_ul_nb_sources
                0x20400f3c        0x4 src/ASF/sam/drivers/pio/pio_handler.o
 .bss.ul_reg_val.9422
                0x20400f40        0x4 src/ASF/sam/drivers/usart/usart.o
 .bss.heap.6420
                0x20400f44        0x4 src/ASF/sam/utils/syscalls/gcc/syscalls.o
 .bss.lavando   0x20400f48        0x1 src/main.o
                0x20400f48                lavando
 *fill*         0x20400f49        0x3 
 .bss.locked    0x20400f4c        0x4 src/main.o
                0x20400f4c                locked
 .bss.next      0x20400f50        0x4 src/main.o
                0x20400f50                next
 .bss.porta_aberta
                0x20400f54        0x1 src/main.o
                0x20400f54                porta_aberta
 *fill*         0x20400f55        0x3 
 .bss.status_screen
                0x20400f58        0x4 src/main.o
                0x20400f58                status_screen
 .bss.triggered
                0x20400f5c        0x4 src/main.o
                0x20400f5c                triggered
 .bss.__malloc_current_mallinfo
                0x20400f60       0x28 c:/program files (x86)/atmel/studio/7.0/toolchain/arm/arm-gnu-toolchain/bin/../lib/gcc/arm-none-eabi/6.3.1/../../../../arm-none-eabi/lib/thumb/v7e-m\libc.a(lib_a-mallocr.o)
                0x20400f60                __malloc_current_mallinfo
 .bss.__malloc_max_sbrked_mem
                0x20400f88        0x4 c:/program files (x86)/atmel/studio/7.0/toolchain/arm/arm-gnu-toolchain/bin/../lib/gcc/arm-none-eabi/6.3.1/../../../../arm-none-eabi/lib/thumb/v7e-m\libc.a(lib_a-mallocr.o)
                0x20400f88                __malloc_max_sbrked_mem
 .bss.__malloc_max_total_mem
                0x20400f8c        0x4 c:/program files (x86)/atmel/studio/7.0/toolchain/arm/arm-gnu-toolchain/bin/../lib/gcc/arm-none-eabi/6.3.1/../../../../arm-none-eabi/lib/thumb/v7e-m\libc.a(lib_a-mallocr.o)
                0x20400f8c                __malloc_max_total_mem
 .bss.__malloc_top_pad
                0x20400f90        0x4 c:/program files (x86)/atmel/studio/7.0/toolchain/arm/arm-gnu-toolchain/bin/../lib/gcc/arm-none-eabi/6.3.1/../../../../arm-none-eabi/lib/thumb/v7e-m\libc.a(lib_a-mallocr.o)
                0x20400f90                __malloc_top_pad
 *(COMMON)
 COMMON         0x20400f94        0x4 src/ASF/common/utils/stdio/read.o
                0x20400f94                ptr_get
 COMMON         0x20400f98        0x8 src/ASF/common/utils/stdio/write.o
                0x20400f98                ptr_put
                0x20400f9c                stdio_base
 COMMON         0x20400fa0       0x54 src/main.o
                0x20400fa0                tempo
                0x20400fc0                ciclo_atual
                0x20400fc4                nome
                0x20400fe4                g_ili9488_display_opt
 COMMON         0x20400ff4       0x21 c:/program files (x86)/atmel/studio/7.0/toolchain/arm/arm-gnu-toolchain/bin/../lib/gcc/arm-none-eabi/6.3.1/../../../../arm-none-eabi/lib/thumb/v7e-m\libc.a(lib_a-lock.o)
                0x20400ff4                __lock___atexit_recursive_mutex
                0x20400ff8                __lock___arc4random_mutex
                0x20400ffc                __lock___env_recursive_mutex
                0x20401000                __lock___sinit_recursive_mutex
                0x20401004                __lock___malloc_recursive_mutex
                0x20401008                __lock___at_quick_exit_mutex
                0x2040100c                __lock___dd_hash_mutex
                0x20401010                __lock___tz_mutex
                0x20401014                __lock___sfp_recursive_mutex
 *fill*         0x20401015        0x3 
 COMMON         0x20401018        0x4 c:/program files (x86)/atmel/studio/7.0/toolchain/arm/arm-gnu-toolchain/bin/../lib/gcc/arm-none-eabi/6.3.1/../../../../arm-none-eabi/lib/thumb/v7e-m\libc.a(lib_a-reent.o)
                0x20401018                errno
                0x2040101c                . = ALIGN (0x4)
                0x2040101c                _ebss = .
                0x2040101c                _ezero = .

.stack          0x2040101c     0x2004 load address 0x00459348
                0x20401020                . = ALIGN (0x8)
 *fill*         0x2040101c        0x4 
                0x20401020                _sstack = .
                0x20403020                . = (. + STACK_SIZE)
 *fill*         0x20401020     0x2000 
                0x20403020                . = ALIGN (0x8)
                0x20403020                _estack = .

.heap           0x20403020      0x200 load address 0x0045b34c