Archive member included to satisfy reference by file (symbol)

c:/program files (x86)/atmel/studio/7.0/toolchain/arm/arm-gnu-toolchain/bin/../lib/gcc/arm-none-eabi/6.3.1/../../../../arm-none-eabi/lib/thumb/v7e-m\libc.a(lib_a-exit.o)
                              c:/program files (x86)/atmel/studio/7.0/toolchain/arm/arm-gnu-toolchain/bin/../lib/gcc/arm-none-eabi/6.3.1/../../../../arm-none-eabi/lib/thumb/v7e-m/crt0.o (exit)
c:/program files (x86)/atmel/studio/7.0/toolchain/arm/arm-gnu-toolchain/bin/../lib/gcc/arm-none-eabi/6.3.1/../../../../arm-none-eabi/lib/thumb/v7e-m\libc.a(lib_a-impure.o)
                              c:/program files (x86)/atmel/studio/7.0/toolchain/arm/arm-gnu-toolchain/bin/../lib/gcc/arm-none-eabi/6.3.1/../../../../arm-none-eabi/lib/thumb/v7e-m\libc.a(lib_a-exit.o) (_global_impure_ptr)
c:/program files (x86)/atmel/studio/7.0/toolchain/arm/arm-gnu-toolchain/bin/../lib/gcc/arm-none-eabi/6.3.1/../../../../arm-none-eabi/lib/thumb/v7e-m\libc.a(lib_a-init.o)
                              c:/program files (x86)/atmel/studio/7.0/toolchain/arm/arm-gnu-toolchain/bin/../lib/gcc/arm-none-eabi/6.3.1/../../../../arm-none-eabi/lib/thumb/v7e-m/crt0.o (__libc_init_array)
c:/program files (x86)/atmel/studio/7.0/toolchain/arm/arm-gnu-toolchain/bin/../lib/gcc/arm-none-eabi/6.3.1/../../../../arm-none-eabi/lib/thumb/v7e-m\libc.a(lib_a-malloc.o)
                              src/ASF/common/components/touch/mxt/mxt_device_1.o (malloc)
c:/program files (x86)/atmel/studio/7.0/toolchain/arm/arm-gnu-toolchain/bin/../lib/gcc/arm-none-eabi/6.3.1/../../../../arm-none-eabi/lib/thumb/v7e-m\libc.a(lib_a-mallocr.o)
                              c:/program files (x86)/atmel/studio/7.0/toolchain/arm/arm-gnu-toolchain/bin/../lib/gcc/arm-none-eabi/6.3.1/../../../../arm-none-eabi/lib/thumb/v7e-m\libc.a(lib_a-malloc.o) (_malloc_r)
c:/program files (x86)/atmel/studio/7.0/toolchain/arm/arm-gnu-toolchain/bin/../lib/gcc/arm-none-eabi/6.3.1/../../../../arm-none-eabi/lib/thumb/v7e-m\libc.a(lib_a-memset.o)
                              c:/program files (x86)/atmel/studio/7.0/toolchain/arm/arm-gnu-toolchain/bin/../lib/gcc/arm-none-eabi/6.3.1/../../../../arm-none-eabi/lib/thumb/v7e-m/crt0.o (memset)
c:/program files (x86)/atmel/studio/7.0/toolchain/arm/arm-gnu-toolchain/bin/../lib/gcc/arm-none-eabi/6.3.1/../../../../arm-none-eabi/lib/thumb/v7e-m\libc.a(lib_a-mlock.o)
                              c:/program files (x86)/atmel/studio/7.0/toolchain/arm/arm-gnu-toolchain/bin/../lib/gcc/arm-none-eabi/6.3.1/../../../../arm-none-eabi/lib/thumb/v7e-m\libc.a(lib_a-mallocr.o) (__malloc_lock)
c:/program files (x86)/atmel/studio/7.0/toolchain/arm/arm-gnu-toolchain/bin/../lib/gcc/arm-none-eabi/6.3.1/../../../../arm-none-eabi/lib/thumb/v7e-m\libc.a(lib_a-sbrkr.o)
                              c:/program files (x86)/atmel/studio/7.0/toolchain/arm/arm-gnu-toolchain/bin/../lib/gcc/arm-none-eabi/6.3.1/../../../../arm-none-eabi/lib/thumb/v7e-m\libc.a(lib_a-mallocr.o) (_sbrk_r)
c:/program files (x86)/atmel/studio/7.0/toolchain/arm/arm-gnu-toolchain/bin/../lib/gcc/arm-none-eabi/6.3.1/../../../../arm-none-eabi/lib/thumb/v7e-m\libc.a(lib_a-setbuf.o)
                              src/main.o (setbuf)
c:/program files (x86)/atmel/studio/7.0/toolchain/arm/arm-gnu-toolchain/bin/../lib/gcc/arm-none-eabi/6.3.1/../../../../arm-none-eabi/lib/thumb/v7e-m\libc.a(lib_a-setvbuf.o)
                              c:/program files (x86)/atmel/studio/7.0/toolchain/arm/arm-gnu-toolchain/bin/../lib/gcc/arm-none-eabi/6.3.1/../../../../arm-none-eabi/lib/thumb/v7e-m\libc.a(lib_a-setbuf.o) (setvbuf)
c:/program files (x86)/atmel/studio/7.0/toolchain/arm/arm-gnu-toolchain/bin/../lib/gcc/arm-none-eabi/6.3.1/../../../../arm-none-eabi/lib/thumb/v7e-m\libc.a(lib_a-sprintf.o)
                              src/main.o (sprintf)
c:/program files (x86)/atmel/studio/7.0/toolchain/arm/arm-gnu-toolchain/bin/../lib/gcc/arm-none-eabi/6.3.1/../../../../arm-none-eabi/lib/thumb/v7e-m\libc.a(lib_a-strcat.o)
                              src/main.o (strcat)
c:/program files (x86)/atmel/studio/7.0/toolchain/arm/arm-gnu-toolchain/bin/../lib/gcc/arm-none-eabi/6.3.1/../../../../arm-none-eabi/lib/thumb/v7e-m\libc.a(lib_a-strcpy.o)
                              c:/program files (x86)/atmel/studio/7.0/toolchain/arm/arm-gnu-toolchain/bin/../lib/gcc/arm-none-eabi/6.3.1/../../../../arm-none-eabi/lib/thumb/v7e-m\libc.a(lib_a-strcat.o) (strcpy)
c:/program files (x86)/atmel/studio/7.0/toolchain/arm/arm-gnu-toolchain/bin/../lib/gcc/arm-none-eabi/6.3.1/../../../../arm-none-eabi/lib/thumb/v7e-m\libc.a(lib_a-strlen.o)
                              src/main.o (strlen)
c:/program files (x86)/atmel/studio/7.0/toolchain/arm/arm-gnu-toolchain/bin/../lib/gcc/arm-none-eabi/6.3.1/../../../../arm-none-eabi/lib/thumb/v7e-m\libc.a(lib_a-svfprintf.o)
[...]
Memory Configuration

Name             Origin             Length             Attributes
rom              0x00400000         0x00200000         xr
ram              0x20400000         0x00060000         xrw
*default*        0x00000000         0xffffffff

Linker script and memory map

LOAD c:/program files (x86)/atmel/studio/7.0/toolchain/arm/arm-gnu-toolchain/bin/../lib/gcc/arm-none-eabi/6.3.1/thumb/v7e-m/crti.o
LOAD c:/program files (x86)/atmel/studio/7.0/toolchain/arm/arm-gnu-toolchain/bin/../lib/gcc/arm-none-eabi/6.3.1/thumb/v7e-m/crtbegin.o
LOAD c:/program files (x86)/atmel/studio/7.0/toolchain/arm/arm-gnu-toolchain/bin/../lib/gcc/arm-none-eabi/6.3.1/../../../../arm-none-eabi/lib/thumb/v7e-m/crt0.o
LOAD src/ASF/sam/drivers/rtc/rtc.o
LOAD src/ASF/common/components/touch/mxt/mxt_device_1.o
LOAD src/ASF/common/services/clock/same70/sysclk.o
LOAD src/ASF/common/services/delay/sam/cycle_counter.o
LOAD src/ASF/common/services/serial/usart_serial.o
LOAD src/ASF/common/services/spi/sam_spi/spi_master.o
LOAD src/ASF/common/utils/interrupt/interrupt_sam_nvic.o
LOAD src/ASF/common/utils/stdio/read.o
LOAD src/ASF/common/utils/stdio/write.o
LOAD src/ASF/sam/boards/same70_xplained/init.o
LOAD src/ASF/sam/components/display/ili9488/ili9488.o
LOAD src/ASF/sam/drivers/mpu/mpu.o
LOAD src/ASF/sam/drivers/pio/pio.o
LOAD src/ASF/sam/drivers/pio/pio_handler.o
LOAD src/ASF/sam/drivers/pmc/pmc.o
LOAD src/ASF/sam/drivers/pmc/sleep.o
LOAD src/ASF/sam/drivers/spi/spi.o
LOAD src/ASF/sam/drivers/twihs/twihs.o
LOAD src/ASF/sam/drivers/uart/uart.o
LOAD src/ASF/sam/drivers/usart/usart.o
LOAD src/ASF/sam/utils/cmsis/same70/source/templates/gcc/startup_same70.o
LOAD src/ASF/sam/utils/cmsis/same70/source/templates/system_same70.o
LOAD src/ASF/sam/utils/syscalls/gcc/syscalls.o
LOAD src/main.o
START GROUP
LOAD ../src/ASF/thirdparty/CMSIS/Lib/GCC\libarm_cortexM7lfsp_math_softfp.a
LOAD c:/program files (x86)/atmel/studio/7.0/toolchain/arm/arm-gnu-toolchain/bin/../lib/gcc/arm-none-eabi/6.3.1/../../../../arm-none-eabi/lib/thumb/v7e-m\libm.a
END GROUP
START GROUP
LOAD c:/program files (x86)/atmel/studio/7.0/toolchain/arm/arm-gnu-toolchain/bin/../lib/gcc/arm-none-eabi/6.3.1/thumb/v7e-m\libgcc.a
LOAD c:/program files (x86)/atmel/studio/7.0/toolchain/arm/arm-gnu-toolchain/bin/../lib/gcc/arm-none-eabi/6.3.1/../../../../arm-none-eabi/lib/thumb/v7e-m\libc.a
END GROUP
LOAD c:/program files (x86)/atmel/studio/7.0/toolchain/arm/arm-gnu-toolchain/bin/../lib/gcc/arm-none-eabi/6.3.1/thumb/v7e-m/crtend.o
LOAD c:/program files (x86)/atmel/studio/7.0/toolchain/arm/arm-gnu-toolchain/bin/../lib/gcc/arm-none-eabi/6.3.1/thumb/v7e-m/crtn.o
                0x00002000                STACK_SIZE = DEFINED (STACK_SIZE)?STACK_SIZE:0x2000
                0x2045fffc                __ram_end__ = ((ORIGIN (ram) + LENGTH (ram)) - 0x4)
                0x00000200                HEAP_SIZE = DEFINED (HEAP_SIZE)?HEAP_SIZE:0x200

.text           0x00400000    0x58c44
                0x00400000                . = ALIGN (0x4)
                0x00400000                _sfixed = .
 *(.vectors .vectors.*)
 .vectors       0x00400000      0x168 src/ASF/sam/utils/cmsis/same70/source/templates/gcc/startup_same70.o
                0x00400000                exception_table
 *(.text .text.* .gnu.linkonce.t.*)
 .text          0x00400168       0x6c c:/program files (x86)/atmel/studio/7.0/toolchain/arm/arm-gnu-toolchain/bin/../lib/gcc/arm-none-eabi/6.3.1/thumb/v7e-m/crtbegin.o
 .text.rtc_set_hour_mode
                0x004001d4       0x16 src/ASF/sam/drivers/rtc/rtc.o
                0x004001d4                rtc_set_hour_mode
 .text.rtc_enable_interrupt
                0x004001ea        0x4 src/ASF/sam/drivers/rtc/rtc.o
                0x004001ea                rtc_enable_interrupt
 .text.rtc_get_time
                0x004001ee       0x5a src/ASF/sam/drivers/rtc/rtc.o
                0x004001ee                rtc_get_time
 .text.rtc_set_time
                0x00400248       0x90 src/ASF/sam/drivers/rtc/rtc.o
                0x00400248                rtc_set_time
 .text.rtc_set_time_alarm
                0x004002d8       0x94 src/ASF/sam/drivers/rtc/rtc.o
                0x004002d8                rtc_set_time_alarm
 .text.rtc_set_date
                0x0040036c       0xb8 src/ASF/sam/drivers/rtc/rtc.o
                0x0040036c                rtc_set_date
 .text.rtc_set_date_alarm
                0x00400424       0x60 src/ASF/sam/drivers/rtc/rtc.o
                0x00400424                rtc_set_date_alarm
 .text.rtc_clear_status
                0x00400484        0x4 src/ASF/sam/drivers/rtc/rtc.o
                0x00400484                rtc_clear_status
 .text.mxt_init_device
                0x00400488      0x298 src/ASF/common/components/touch/mxt/mxt_device_1.o
                0x00400488                mxt_init_device
 .text.mxt_get_object_address
                0x00400720       0x40 src/ASF/common/components/touch/mxt/mxt_device_1.o
                0x00400720                mxt_get_object_address
 .text.mxt_write_config_object
                0x00400760       0x78 src/ASF/common/components/touch/mxt/mxt_device_1.o
                0x00400760                mxt_write_config_object
 .text.mxt_write_config_reg
                0x004007d8       0x48 src/ASF/common/components/touch/mxt/mxt_device_1.o
                0x004007d8                mxt_write_config_reg
 .text.mxt_is_message_pending
                0x00400820       0x24 src/ASF/common/components/touch/mxt/mxt_device_1.o
                0x00400820                mxt_is_message_pending
 .text.mxt_read_message
                0x00400844       0x4c src/ASF/common/components/touch/mxt/mxt_device_1.o
                0x00400844                mxt_read_message
 .text.mxt_read_touch_event
                0x00400890       0x70 src/ASF/common/components/touch/mxt/mxt_device_1.o
                0x00400890                mxt_read_touch_event
 .text.sysclk_init
                0x00400900       0x74 src/ASF/common/services/clock/same70/sysclk.o
                0x00400900                sysclk_init
 .text.usart_serial_write_packet
                0x00400974       0xd8 src/ASF/common/services/serial/usart_serial.o
                0x00400974                usart_serial_write_packet
 .text.spi_master_init
                0x00400a4c       0x54 src/ASF/common/services/spi/sam_spi/spi_master.o
                0x00400a4c                spi_master_init
 .text.spi_master_setup_device
                0x00400aa0       0x80 src/ASF/common/services/spi/sam_spi/spi_master.o
                0x00400aa0                spi_master_setup_device
 .text.spi_select_device
                0x00400b20       0x30 src/ASF/common/services/spi/sam_spi/spi_master.o
                0x00400b20                spi_select_device
 .text.spi_write_packet
                0x00400b50       0x36 src/ASF/common/services/spi/sam_spi/spi_master.o
                0x00400b50                spi_write_packet
 .text.spi_read_packet
                0x00400b86       0x54 src/ASF/common/services/spi/sam_spi/spi_master.o
                0x00400b86                spi_read_packet
 *fill*         0x00400bda        0x2 
 .text._read    0x00400bdc       0x3c src/ASF/common/utils/stdio/read.o
                0x00400bdc                _read
 .text._write   0x00400c18       0x50 src/ASF/common/utils/stdio/write.o
                0x00400c18                _write
 .text.board_init
                0x00400c68      0x2bc src/ASF/sam/boards/same70_xplained/init.o
                0x00400c68                board_init
 .text.ili9488_check_box_coordinates
                0x00400f24       0x56 src/ASF/sam/components/display/ili9488/ili9488.o
 *fill*         0x00400f7a        0x2 
 .text.ili9488_write_ram_prepare
                0x00400f7c       0x3c src/ASF/sam/components/display/ili9488/ili9488.o
 .text.ili9488_write_register
                0x00400fb8       0x74 src/ASF/sam/components/display/ili9488/ili9488.o
 .text.ili9488_write_ram_buffer
                0x0040102c       0x40 src/ASF/sam/components/display/ili9488/ili9488.o
 .text.ili9488_delay
                0x0040106c       0x1c src/ASF/sam/components/display/ili9488/ili9488.o
                0x0040106c                ili9488_delay
 .text.ili9488_set_display_direction
                0x00401088       0x2c src/ASF/sam/components/display/ili9488/ili9488.o
                0x00401088                ili9488_set_display_direction
 .text.ili9488_set_window
                0x004010b4       0x80 src/ASF/sam/components/display/ili9488/ili9488.o
                0x004010b4                ili9488_set_window
 .text.ili9488_display_on
                0x00401134       0x14 src/ASF/sam/components/display/ili9488/ili9488.o
                0x00401134                ili9488_display_on
 .text.ili9488_set_foreground_color
                0x00401148       0x28 src/ASF/sam/components/display/ili9488/ili9488.o
                0x00401148                ili9488_set_foreground_color
 .text.ili9488_set_cursor_position
                0x00401170       0x64 src/ASF/sam/components/display/ili9488/ili9488.o
                0x00401170                ili9488_set_cursor_position
 .text.ili9488_init
                0x004011d4      0x1c4 src/ASF/sam/components/display/ili9488/ili9488.o
                0x004011d4                ili9488_init
 .text.ili9488_draw_filled_rectangle
                0x00401398       0xbc src/ASF/sam/components/display/ili9488/ili9488.o
                0x00401398                ili9488_draw_filled_rectangle
 .text.ili9488_draw_pixmap
                0x00401454       0x78 src/ASF/sam/components/display/ili9488/ili9488.o
                0x00401454                ili9488_draw_pixmap
 .text.pio_set  0x004014cc        0x4 src/ASF/sam/drivers/pio/pio.o
                0x004014cc                pio_set
 .text.pio_clear
                0x004014d0        0x4 src/ASF/sam/drivers/pio/pio.o
                0x004014d0                pio_clear
 .text.pio_set_peripheral
                0x004014d4       0x92 src/ASF/sam/drivers/pio/pio.o
                0x004014d4                pio_set_peripheral
 .text.pio_set_input
                0x00401566       0x36 src/ASF/sam/drivers/pio/pio.o
                0x00401566                pio_set_input
 .text.pio_set_output
                0x0040159c       0x28 src/ASF/sam/drivers/pio/pio.o
                0x0040159c                pio_set_output
 .text.pio_configure
                0x004015c4       0x90 src/ASF/sam/drivers/pio/pio.o
                0x004015c4                pio_configure
 .text.pio_configure_interrupt
                0x00401654       0x32 src/ASF/sam/drivers/pio/pio.o
                0x00401654                pio_configure_interrupt
 .text.pio_enable_interrupt
                0x00401686        0x4 src/ASF/sam/drivers/pio/pio.o
                0x00401686                pio_enable_interrupt
 .text.pio_get_interrupt_status
                0x0040168a        0x4 src/ASF/sam/drivers/pio/pio.o
                0x0040168a                pio_get_interrupt_status
 .text.pio_get_interrupt_mask
                0x0040168e        0x4 src/ASF/sam/drivers/pio/pio.o
                0x0040168e                pio_get_interrupt_mask
 *fill*         0x00401692        0x2 
 .text.pio_set_pin_high
                0x00401694       0x1c src/ASF/sam/drivers/pio/pio.o
                0x00401694                pio_set_pin_high
 .text.pio_set_pin_low
                0x004016b0       0x1c src/ASF/sam/drivers/pio/pio.o
                0x004016b0                pio_set_pin_low
 .text.pio_configure_pin
                0x004016cc      0x130 src/ASF/sam/drivers/pio/pio.o
                0x004016cc                pio_configure_pin
 .text.pio_handler_process
                0x004017fc       0x50 src/ASF/sam/drivers/pio/pio_handler.o
                0x004017fc                pio_handler_process
 .text.pio_handler_set
                0x0040184c       0x70 src/ASF/sam/drivers/pio/pio_handler.o
                0x0040184c                pio_handler_set
 .text.PIOA_Handler
                0x004018bc       0x14 src/ASF/sam/drivers/pio/pio_handler.o
                0x004018bc                PIOA_Handler
 .text.PIOB_Handler
                0x004018d0       0x14 src/ASF/sam/drivers/pio/pio_handler.o
                0x004018d0                PIOB_Handler
 .text.PIOC_Handler
                0x004018e4       0x14 src/ASF/sam/drivers/pio/pio_handler.o
                0x004018e4                PIOC_Handler
 .text.PIOD_Handler
                0x004018f8       0x14 src/ASF/sam/drivers/pio/pio_handler.o
                0x004018f8                PIOD_Handler
 .text.PIOE_Handler
                0x0040190c       0x14 src/ASF/sam/drivers/pio/pio_handler.o
                0x0040190c                PIOE_Handler
 .text.pmc_mck_set_division
                0x00401920       0x38 src/ASF/sam/drivers/pmc/pmc.o
                0x00401920                pmc_mck_set_division
 .text.pmc_switch_mck_to_pllack
                0x00401958       0x64 src/ASF/sam/drivers/pmc/pmc.o
                0x00401958                pmc_switch_mck_to_pllack
 .text.pmc_switch_mainck_to_xtal
                0x004019bc       0x54 src/ASF/sam/drivers/pmc/pmc.o
                0x004019bc                pmc_switch_mainck_to_xtal
 .text.pmc_osc_is_ready_mainck
                0x00401a10       0x10 src/ASF/sam/drivers/pmc/pmc.o
                0x00401a10                pmc_osc_is_ready_mainck
 .text.pmc_disable_pllack
                0x00401a20       0x10 src/ASF/sam/drivers/pmc/pmc.o
                0x00401a20                pmc_disable_pllack
 .text.pmc_is_locked_pllack
                0x00401a30       0x10 src/ASF/sam/drivers/pmc/pmc.o
                0x00401a30                pmc_is_locked_pllack
 .text.pmc_enable_periph_clk
                0x00401a40       0x20 src/ASF/sam/drivers/pmc/pmc.o
                0x00401a40                pmc_enable_periph_clk
 .text.spi_enable_clock
                0x00401a60       0x2c src/ASF/sam/drivers/spi/spi.o
                0x00401a60                spi_enable_clock
 .text.spi_set_peripheral_chip_select_value
                0x00401a8c       0x16 src/ASF/sam/drivers/spi/spi.o
                0x00401a8c                spi_set_peripheral_chip_select_value
 .text.spi_set_delay_between_chip_select
                0x00401aa2       0x12 src/ASF/sam/drivers/spi/spi.o
                0x00401aa2                spi_set_delay_between_chip_select
 .text.spi_write
                0x00401ab4       0x34 src/ASF/sam/drivers/spi/spi.o
                0x00401ab4                spi_write
 .text.spi_set_clock_polarity
                0x00401ae8       0x1e src/ASF/sam/drivers/spi/spi.o
                0x00401ae8                spi_set_clock_polarity
 .text.spi_set_clock_phase
                0x00401b06       0x1e src/ASF/sam/drivers/spi/spi.o
                0x00401b06                spi_set_clock_phase
 .text.spi_configure_cs_behavior
                0x00401b24       0x46 src/ASF/sam/drivers/spi/spi.o
                0x00401b24                spi_configure_cs_behavior
 .text.spi_set_bits_per_transfer
                0x00401b6a       0x14 src/ASF/sam/drivers/spi/spi.o
                0x00401b6a                spi_set_bits_per_transfer
 .text.spi_calc_baudrate_div
                0x00401b7e       0x16 src/ASF/sam/drivers/spi/spi.o
                0x00401b7e                spi_calc_baudrate_div
 .text.spi_set_baudrate_div
                0x00401b94       0x28 src/ASF/sam/drivers/spi/spi.o
                0x00401b94                spi_set_baudrate_div
 .text.spi_set_transfer_delay
                0x00401bbc       0x1e src/ASF/sam/drivers/spi/spi.o
                0x00401bbc                spi_set_transfer_delay
 *fill*         0x00401bda        0x2 
 .text.twihs_set_speed
                0x00401bdc       0xb0 src/ASF/sam/drivers/twihs/twihs.o
                0x00401bdc                twihs_set_speed
 .text.twihs_master_init
                0x00401c8c       0x34 src/ASF/sam/drivers/twihs/twihs.o
                0x00401c8c                twihs_master_init
 .text.twihs_master_read
                0x00401cc0       0xac src/ASF/sam/drivers/twihs/twihs.o
                0x00401cc0                twihs_master_read
 .text.twihs_master_write
                0x00401d6c       0xa0 src/ASF/sam/drivers/twihs/twihs.o
                0x00401d6c                twihs_master_write
 .text.uart_write
                0x00401e0c       0x12 src/ASF/sam/drivers/uart/uart.o
                0x00401e0c                uart_write
 .text.uart_read
                0x00401e1e       0x14 src/ASF/sam/drivers/uart/uart.o
                0x00401e1e                uart_read
 .text.usart_set_async_baudrate
                0x00401e32       0x5a src/ASF/sam/drivers/usart/usart.o
                0x00401e32                usart_set_async_baudrate
 .text.usart_reset
                0x00401e8c       0x28 src/ASF/sam/drivers/usart/usart.o
                0x00401e8c                usart_reset
 .text.usart_init_rs232
                0x00401eb4       0x54 src/ASF/sam/drivers/usart/usart.o
                0x00401eb4                usart_init_rs232
 .text.usart_enable_tx
                0x00401f08        0x6 src/ASF/sam/drivers/usart/usart.o
                0x00401f08                usart_enable_tx
 .text.usart_enable_rx
                0x00401f0e        0x6 src/ASF/sam/drivers/usart/usart.o
                0x00401f0e                usart_enable_rx
 .text.usart_write
                0x00401f14       0x16 src/ASF/sam/drivers/usart/usart.o
                0x00401f14                usart_write
 .text.usart_read
                0x00401f2a       0x18 src/ASF/sam/drivers/usart/usart.o
                0x00401f2a                usart_read
 .text.Dummy_Handler
                0x00401f42        0x2 src/ASF/sam/utils/cmsis/same70/source/templates/gcc/startup_same70.o
                0x00401f42                DACC_Handler
                0x00401f42                DebugMon_Handler
                0x00401f42                UART3_Handler
                0x00401f42                UART2_Handler
                0x00401f42                TRNG_Handler
                0x00401f42                HardFault_Handler
                0x00401f42                TC2_Handler
                0x00401f42                SysTick_Handler
                0x00401f42                AFEC1_Handler
                0x00401f42                PendSV_Handler
                0x00401f42                NMI_Handler
                0x00401f42                TC7_Handler
                0x00401f42                QSPI_Handler
                0x00401f42                ISI_Handler
                0x00401f42                MCAN0_INT0_Handler
                0x00401f42                TC9_Handler
                0x00401f42                RSWDT_Handler
                0x00401f42                USART0_Handler
                0x00401f42                RTT_Handler
                0x00401f42                USBHS_Handler
                0x00401f42                IXC_Handler
                0x00401f42                CCF_Handler
                0x00401f42                UsageFault_Handler
                0x00401f42                TC6_Handler
                0x00401f42                WDT_Handler
                0x00401f42                MCAN1_INT1_Handler
                0x00401f42                TC4_Handler
                0x00401f42                TC1_Handler
                0x00401f42                HSMCI_Handler
                0x00401f42                UART1_Handler
                0x00401f42                TC3_Handler
                0x00401f42                Dummy_Handler
                0x00401f42                TWIHS1_Handler
                0x00401f42                XDMAC_Handler
                0x00401f42                UART4_Handler
                0x00401f42                PWM1_Handler
                0x00401f42                USART1_Handler
                0x00401f42                PWM0_Handler
                0x00401f42                AFEC0_Handler
                0x00401f42                CCW_Handler
                0x00401f42                SSC_Handler
                0x00401f42                TC11_Handler
                0x00401f42                ACC_Handler
                0x00401f42                PMC_Handler
                0x00401f42                GMAC_Handler
                0x00401f42                MCAN0_INT1_Handler
                0x00401f42                MemManage_Handler
                0x00401f42                SUPC_Handler
                0x00401f42                SVC_Handler
                0x00401f42                TC8_Handler
                0x00401f42                MCAN1_INT0_Handler
                0x00401f42                EFC_Handler
                0x00401f42                GMAC_Q1_Handler
                0x00401f42                USART2_Handler
                0x00401f42                SDRAMC_Handler
                0x00401f42                GMAC_Q2_Handler
                0x00401f42                SPI1_Handler
                0x00401f42                TC10_Handler
                0x00401f42                TWIHS2_Handler
                0x00401f42                UART0_Handler
                0x00401f42                FPU_Handler
                0x00401f42                BusFault_Handler
                0x00401f42                RSTC_Handler
                0x00401f42                TC0_Handler
                0x00401f42                TC5_Handler
                0x00401f42                ICM_Handler
                0x00401f42                AES_Handler
                0x00401f42                TWIHS0_Handler
                0x00401f42                SPI0_Handler
 .text.Reset_Handler
                0x00401f44       0xc8 src/ASF/sam/utils/cmsis/same70/source/templates/gcc/startup_same70.o
                0x00401f44                Reset_Handler
 .text.SystemCoreClockUpdate
                0x0040200c      0x10c src/ASF/sam/utils/cmsis/same70/source/templates/system_same70.o
                0x0040200c                SystemCoreClockUpdate
 .text.system_init_flash
                0x00402118       0x8c src/ASF/sam/utils/cmsis/same70/source/templates/system_same70.o
                0x00402118                system_init_flash
 .text._sbrk    0x004021a4       0x38 src/ASF/sam/utils/syscalls/gcc/syscalls.o
                0x004021a4                _sbrk
 .text._close   0x004021dc        0x6 src/ASF/sam/utils/syscalls/gcc/syscalls.o
                0x004021dc                _close
 .text._fstat   0x004021e2        0xa src/ASF/sam/utils/syscalls/gcc/syscalls.o
                0x004021e2                _fstat
 .text._lseek   0x004021ec        0x4 src/ASF/sam/utils/syscalls/gcc/syscalls.o
                0x004021ec                _lseek
 .text.but_callback
                0x004021f0       0x48 src/main.o
                0x004021f0                but_callback
 .text.usart_serial_getchar
                0x00402238       0xdc src/main.o
 .text.usart_serial_putchar
                0x00402314       0xd4 src/main.o
 .text.font_draw_text
                0x004023e8       0x60 src/main.o
                0x004023e8                font_draw_text
 .text.draw_screen
                0x00402448       0x44 src/main.o
                0x00402448                draw_screen
 .text.RTC_Handler
                0x0040248c      0x1b4 src/main.o
                0x0040248c                RTC_Handler
 .text.RTC_init
                0x00402640       0x6c src/main.o
                0x00402640                RTC_init
 .text.initMenuOrder
                0x004026ac       0x34 src/main.o
                0x004026ac                initMenuOrder
 .text.draw_lock_button
                0x004026e0       0x70 src/main.o
                0x004026e0                draw_lock_button
 .text.draw_quick_play_button
                0x00402750       0xec src/main.o
                0x00402750                draw_quick_play_button
 .text.draw_next_button
                0x0040283c       0x28 src/main.o
                0x0040283c                draw_next_button
 .text.draw_previous_button
                0x00402864       0x28 src/main.o
                0x00402864                draw_previous_button
 .text.draw_add_centr
                0x0040288c       0x28 src/main.o
                0x0040288c                draw_add_centr
 .text.draw_muda_bolha
                0x004028b4       0x28 src/main.o
                0x004028b4                draw_muda_bolha
 .text.draw_muda_lavagem
                0x004028dc       0x28 src/main.o
                0x004028dc                draw_muda_lavagem
 .text.draw_enxague_add
                0x00402904       0x28 src/main.o
                0x00402904                draw_enxague_add
 .text.draw_custom_button
                0x0040292c       0x20 src/main.o
                0x0040292c                draw_custom_button
 .text.draw_custom
                0x0040294c       0x24 src/main.o
                0x0040294c                draw_custom
 .text.play_button
                0x00402970       0x58 src/main.o
                0x00402970                play_button
 .text.next_button
                0x004029c8       0x30 src/main.o
                0x004029c8                next_button
 .text.custom_button
                0x004029f8       0x24 src/main.o
                0x004029f8                custom_button
 .text.previous_button
                0x00402a1c       0x30 src/main.o
                0x00402a1c                previous_button
 .text.add_centrifug
                0x00402a4c       0x30 src/main.o
                0x00402a4c                add_centrifug
 .text.muda_bolha
                0x00402a7c       0x2c src/main.o
                0x00402a7c                muda_bolha
 .text.muda_lavagem
                0x00402aa8       0x2c src/main.o
                0x00402aa8                muda_lavagem
 .text.enxague_custom
                0x00402ad4       0x28 src/main.o
                0x00402ad4                enxague_custom
 .text.update_screen
                0x00402afc       0xa8 src/main.o
                0x00402afc                update_screen
 .text.mxt_handler
                0x00402ba4       0xd8 src/main.o
                0x00402ba4                mxt_handler
 .text.init     0x00402c7c      0x13c src/main.o
                0x00402c7c                init
 .text.main     0x00402db8      0x49c src/main.o
                0x00402db8                main
 .text.__libc_init_array
                0x00403254       0x50 c:/program files (x86)/atmel/studio/7.0/toolchain/arm/arm-gnu-toolchain/bin/../lib/gcc/arm-none-eabi/6.3.1/../../../../arm-none-eabi/lib/thumb/v7e-m\libc.a(lib_a-init.o)
                0x00403254                __libc_init_array
 .text.malloc   0x004032a4       0x10 c:/program files (x86)/atmel/studio/7.0/toolchain/arm/arm-gnu-toolchain/bin/../lib/gcc/arm-none-eabi/6.3.1/../../../../arm-none-eabi/lib/thumb/v7e-m\libc.a(lib_a-malloc.o)
                0x004032a4                malloc
 .text._malloc_r
                0x004032b4      0x560 c:/program files (x86)/atmel/studio/7.0/toolchain/arm/arm-gnu-toolchain/bin/../lib/gcc/arm-none-eabi/6.3.1/../../../../arm-none-eabi/lib/thumb/v7e-m\libc.a(lib_a-mallocr.o)
                0x004032b4                _malloc_r
 .text.memset   0x00403814       0x9c c:/program files (x86)/atmel/studio/7.0/toolchain/arm/arm-gnu-toolchain/bin/../lib/gcc/arm-none-eabi/6.3.1/../../../../arm-none-eabi/lib/thumb/v7e-m\libc.a(lib_a-memset.o)
                0x00403814                memset
 .text.__malloc_lock
                0x004038b0        0xc c:/program files (x86)/atmel/studio/7.0/toolchain/arm/arm-gnu-toolchain/bin/../lib/gcc/arm-none-eabi/6.3.1/../../../../arm-none-eabi/lib/thumb/v7e-m\libc.a(lib_a-mlock.o)
                0x004038b0                __malloc_lock
 .text.__malloc_unlock
                0x004038bc        0xc c:/program files (x86)/atmel/studio/7.0/toolchain/arm/arm-gnu-toolchain/bin/../lib/gcc/arm-none-eabi/6.3.1/../../../../arm-none-eabi/lib/thumb/v7e-m\libc.a(lib_a-mlock.o)
                0x004038bc                __malloc_unlock
 .text._sbrk_r  0x004038c8       0x24 c:/program files (x86)/atmel/studio/7.0/toolchain/arm/arm-gnu-toolchain/bin/../lib/gcc/arm-none-eabi/6.3.1/../../../../arm-none-eabi/lib/thumb/v7e-m\libc.a(lib_a-sbrkr.o)
                0x004038c8                _sbrk_r
 .text.setbuf   0x004038ec       0x10 c:/program files (x86)/atmel/studio/7.0/toolchain/arm/arm-gnu-toolchain/bin/../lib/gcc/arm-none-eabi/6.3.1/../../../../arm-none-eabi/lib/thumb/v7e-m\libc.a(lib_a-setbuf.o)
                0x004038ec                setbuf
 .text.setvbuf  0x004038fc      0x190 c:/program files (x86)/atmel/studio/7.0/toolchain/arm/arm-gnu-toolchain/bin/../lib/gcc/arm-none-eabi/6.3.1/../../../../arm-none-eabi/lib/thumb/v7e-m\libc.a(lib_a-setvbuf.o)
                0x004038fc                setvbuf
 .text.sprintf  0x00403a8c       0x4c c:/program files (x86)/atmel/studio/7.0/toolchain/arm/arm-gnu-toolchain/bin/../lib/gcc/arm-none-eabi/6.3.1/../../../../arm-none-eabi/lib/thumb/v7e-m\libc.a(lib_a-sprintf.o)
                0x00403a8c                sprintf
 .text.strcat   0x00403ad8       0x40 c:/program files (x86)/atmel/studio/7.0/toolchain/arm/arm-gnu-toolchain/bin/../lib/gcc/arm-none-eabi/6.3.1/../../../../arm-none-eabi/lib/thumb/v7e-m\libc.a(lib_a-strcat.o)
                0x00403ad8                strcat
 .text.strcpy   0x00403b18       0xbc c:/program files (x86)/atmel/studio/7.0/toolchain/arm/arm-gnu-toolchain/bin/../lib/gcc/arm-none-eabi/6.3.1/../../../../arm-none-eabi/lib/thumb/v7e-m\libc.a(lib_a-strcpy.o)
                0x00403b18                strcpy
 *fill*         0x00403bd4       0x2c 
 .text          0x00403c00       0xdc c:/program files (x86)/atmel/studio/7.0/toolchain/arm/arm-gnu-toolchain/bin/../lib/gcc/arm-none-eabi/6.3.1/../../../../arm-none-eabi/lib/thumb/v7e-m\libc.a(lib_a-strlen.o)
                0x00403c00                strlen
 .text._svfprintf_r
                0x00403cdc     0x145c c:/program files (x86)/atmel/studio/7.0/toolchain/arm/arm-gnu-toolchain/bin/../lib/gcc/arm-none-eabi/6.3.1/../../../../arm-none-eabi/lib/thumb/v7e-m\libc.a(lib_a-svfprintf.o)
                0x00403cdc                _svfprintf_r
 .text.startup.register_fini
                0x00405138       0x14 c:/program files (x86)/atmel/studio/7.0/toolchain/arm/arm-gnu-toolchain/bin/../lib/gcc/arm-none-eabi/6.3.1/../../../../arm-none-eabi/lib/thumb/v7e-m\libc.a(lib_a-__call_atexit.o)
 .text.atexit   0x0040514c        0xc c:/program files (x86)/atmel/studio/7.0/toolchain/arm/arm-gnu-toolchain/bin/../lib/gcc/arm-none-eabi/6.3.1/../../../../arm-none-eabi/lib/thumb/v7e-m\libc.a(lib_a-atexit.o)
                0x0040514c                atexit
 .text.quorem   0x00405158      0x128 c:/program files (x86)/atmel/studio/7.0/toolchain/arm/arm-gnu-toolchain/bin/../lib/gcc/arm-none-eabi/6.3.1/../../../../arm-none-eabi/lib/thumb/v7e-m\libc.a(lib_a-dtoa.o)
 .text._dtoa_r  0x00405280      0xe54 c:/program files (x86)/atmel/studio/7.0/toolchain/arm/arm-gnu-toolchain/bin/../lib/gcc/arm-none-eabi/6.3.1/../../../../arm-none-eabi/lib/thumb/v7e-m\libc.a(lib_a-dtoa.o)
                0x00405280                _dtoa_r
 .text.__sflush_r
                0x004060d4      0x140 c:/program files (x86)/atmel/studio/7.0/toolchain/arm/arm-gnu-toolchain/bin/../lib/gcc/arm-none-eabi/6.3.1/../../../../arm-none-eabi/lib/thumb/v7e-m\libc.a(lib_a-fflush.o)
                0x004060d4                __sflush_r
 .text._fflush_r
                0x00406214       0x54 c:/program files (x86)/atmel/studio/7.0/toolchain/arm/arm-gnu-toolchain/bin/../lib/gcc/arm-none-eabi/6.3.1/../../../../arm-none-eabi/lib/thumb/v7e-m\libc.a(lib_a-fflush.o)
                0x00406214                _fflush_r
 .text._cleanup_r
                0x00406268        0xc c:/program files (x86)/atmel/studio/7.0/toolchain/arm/arm-gnu-toolchain/bin/../lib/gcc/arm-none-eabi/6.3.1/../../../../arm-none-eabi/lib/thumb/v7e-m\libc.a(lib_a-findfp.o)
                0x00406268                _cleanup_r
 .text.std.isra.0
                0x00406274       0x50 c:/program files (x86)/atmel/studio/7.0/toolchain/arm/arm-gnu-toolchain/bin/../lib/gcc/arm-none-eabi/6.3.1/../../../../arm-none-eabi/lib/thumb/v7e-m\libc.a(lib_a-findfp.o)
 .text.__sinit  0x004062c4       0x58 c:/program files (x86)/atmel/studio/7.0/toolchain/arm/arm-gnu-toolchain/bin/../lib/gcc/arm-none-eabi/6.3.1/../../../../arm-none-eabi/lib/thumb/v7e-m\libc.a(lib_a-findfp.o)
                0x004062c4                __sinit
 .text.__sfp_lock_acquire
                0x0040631c        0xc c:/program files (x86)/atmel/studio/7.0/toolchain/arm/arm-gnu-toolchain/bin/../lib/gcc/arm-none-eabi/6.3.1/../../../../arm-none-eabi/lib/thumb/v7e-m\libc.a(lib_a-findfp.o)
                0x0040631c                __sfp_lock_acquire
 .text.__sfp_lock_release
                0x00406328        0xc c:/program files (x86)/atmel/studio/7.0/toolchain/arm/arm-gnu-toolchain/bin/../lib/gcc/arm-none-eabi/6.3.1/../../../../arm-none-eabi/lib/thumb/v7e-m\libc.a(lib_a-findfp.o)
                0x00406328                __sfp_lock_release
 .text.__libc_fini_array
                0x00406334       0x34 c:/program files (x86)/atmel/studio/7.0/toolchain/arm/arm-gnu-toolchain/bin/../lib/gcc/arm-none-eabi/6.3.1/../../../../arm-none-eabi/lib/thumb/v7e-m\libc.a(lib_a-fini.o)
                0x00406334                __libc_fini_array
 .text._malloc_trim_r
                0x00406368       0xa0 c:/program files (x86)/atmel/studio/7.0/toolchain/arm/arm-gnu-toolchain/bin/../lib/gcc/arm-none-eabi/6.3.1/../../../../arm-none-eabi/lib/thumb/v7e-m\libc.a(lib_a-freer.o)
                0x00406368                _malloc_trim_r
 .text._free_r  0x00406408      0x1cc c:/program files (x86)/atmel/studio/7.0/toolchain/arm/arm-gnu-toolchain/bin/../lib/gcc/arm-none-eabi/6.3.1/../../../../arm-none-eabi/lib/thumb/v7e-m\libc.a(lib_a-freer.o)
                0x00406408                _free_r
 .text._fwalk_reent
                0x004065d4       0x54 c:/program files (x86)/atmel/studio/7.0/toolchain/arm/arm-gnu-toolchain/bin/../lib/gcc/arm-none-eabi/6.3.1/../../../../arm-none-eabi/lib/thumb/v7e-m\libc.a(lib_a-fwalk.o)
                0x004065d4                _fwalk_reent
 .text._localeconv_r
                0x00406628       0x1c c:/program files (x86)/atmel/studio/7.0/toolchain/arm/arm-gnu-toolchain/bin/../lib/gcc/arm-none-eabi/6.3.1/../../../../arm-none-eabi/lib/thumb/v7e-m\libc.a(lib_a-localeconv.o)
                0x00406628                _localeconv_r
 .text.__retarget_lock_init_recursive
                0x00406644        0x4 c:/program files (x86)/atmel/studio/7.0/toolchain/arm/arm-gnu-toolchain/bin/../lib/gcc/arm-none-eabi/6.3.1/../../../../arm-none-eabi/lib/thumb/v7e-m\libc.a(lib_a-lock.o)
                0x00406644                __retarget_lock_init_recursive
 .text.__retarget_lock_close_recursive
                0x00406648        0x4 c:/program files (x86)/atmel/studio/7.0/toolchain/arm/arm-gnu-toolchain/bin/../lib/gcc/arm-none-eabi/6.3.1/../../../../arm-none-eabi/lib/thumb/v7e-m\libc.a(lib_a-lock.o)
                0x00406648                __retarget_lock_close_recursive
 .text.__retarget_lock_acquire_recursive
                0x0040664c        0x4 c:/program files (x86)/atmel/studio/7.0/toolchain/arm/arm-gnu-toolchain/bin/../lib/gcc/arm-none-eabi/6.3.1/../../../../arm-none-eabi/lib/thumb/v7e-m\libc.a(lib_a-lock.o)
                0x0040664c                __retarget_lock_acquire_recursive
 .text.__retarget_lock_release_recursive
                0x00406650        0x4 c:/program files (x86)/atmel/studio/7.0/toolchain/arm/arm-gnu-toolchain/bin/../lib/gcc/arm-none-eabi/6.3.1/../../../../arm-none-eabi/lib/thumb/v7e-m\libc.a(lib_a-lock.o)
                0x00406650                __retarget_lock_release_recursive
 .text.__swhatbuf_r
                0x00406654       0x5c c:/program files (x86)/atmel/studio/7.0/toolchain/arm/arm-gnu-toolchain/bin/../lib/gcc/arm-none-eabi/6.3.1/../../../../arm-none-eabi/lib/thumb/v7e-m\libc.a(lib_a-makebuf.o)
                0x00406654                __swhatbuf_r
 .text          0x004066b0       0xa0 c:/program files (x86)/atmel/studio/7.0/toolchain/arm/arm-gnu-toolchain/bin/../lib/gcc/arm-none-eabi/6.3.1/../../../../arm-none-eabi/lib/thumb/v7e-m\libc.a(lib_a-memchr.o)
                0x004066b0                memchr
 .text          0x00406750      0x134 c:/program files (x86)/atmel/studio/7.0/toolchain/arm/arm-gnu-toolchain/bin/../lib/gcc/arm-none-eabi/6.3.1/../../../../arm-none-eabi/lib/thumb/v7e-m\libc.a(lib_a-memcpy.o)
                0x00406750                memcpy
 .text._Balloc  0x00406884       0x4c c:/program files (x86)/atmel/studio/7.0/toolchain/arm/arm-gnu-toolchain/bin/../lib/gcc/arm-none-eabi/6.3.1/../../../../arm-none-eabi/lib/thumb/v7e-m\libc.a(lib_a-mprec.o)
                0x00406884                _Balloc
 .text._Bfree   0x004068d0       0x14 c:/program files (x86)/atmel/studio/7.0/toolchain/arm/arm-gnu-toolchain/bin/../lib/gcc/arm-none-eabi/6.3.1/../../../../arm-none-eabi/lib/thumb/v7e-m\libc.a(lib_a-mprec.o)
                0x004068d0                _Bfree
 .text.__multadd
                0x004068e4       0x80 c:/program files (x86)/atmel/studio/7.0/toolchain/arm/arm-gnu-toolchain/bin/../lib/gcc/arm-none-eabi/6.3.1/../../../../arm-none-eabi/lib/thumb/v7e-m\libc.a(lib_a-mprec.o)
                0x004068e4                __multadd
 .text.__hi0bits
                0x00406964       0x40 c:/program files (x86)/atmel/studio/7.0/toolchain/arm/arm-gnu-toolchain/bin/../lib/gcc/arm-none-eabi/6.3.1/../../../../arm-none-eabi/lib/thumb/v7e-m\libc.a(lib_a-mprec.o)
                0x00406964                __hi0bits
 .text.__lo0bits
                0x004069a4       0x60 c:/program files (x86)/atmel/studio/7.0/toolchain/arm/arm-gnu-toolchain/bin/../lib/gcc/arm-none-eabi/6.3.1/../../../../arm-none-eabi/lib/thumb/v7e-m\libc.a(lib_a-mprec.o)
                0x004069a4                __lo0bits
 .text.__i2b    0x00406a04       0x14 c:/program files (x86)/atmel/studio/7.0/toolchain/arm/arm-gnu-toolchain/bin/../lib/gcc/arm-none-eabi/6.3.1/../../../../arm-none-eabi/lib/thumb/v7e-m\libc.a(lib_a-mprec.o)
                0x00406a04                __i2b
 .text.__multiply
                0x00406a18      0x124 c:/program files (x86)/atmel/studio/7.0/toolchain/arm/arm-gnu-toolchain/bin/../lib/gcc/arm-none-eabi/6.3.1/../../../../arm-none-eabi/lib/thumb/v7e-m\libc.a(lib_a-mprec.o)
                0x00406a18                __multiply
 .text.__pow5mult
                0x00406b3c       0xa0 c:/program files (x86)/atmel/studio/7.0/toolchain/arm/arm-gnu-toolchain/bin/../lib/gcc/arm-none-eabi/6.3.1/../../../../arm-none-eabi/lib/thumb/v7e-m\libc.a(lib_a-mprec.o)
                0x00406b3c                __pow5mult
 .text.__lshift
                0x00406bdc       0xa4 c:/program files (x86)/atmel/studio/7.0/toolchain/arm/arm-gnu-toolchain/bin/../lib/gcc/arm-none-eabi/6.3.1/../../../../arm-none-eabi/lib/thumb/v7e-m\libc.a(lib_a-mprec.o)
                0x00406bdc                __lshift
 .text.__mcmp   0x00406c80       0x38 c:/program files (x86)/atmel/studio/7.0/toolchain/arm/arm-gnu-toolchain/bin/../lib/gcc/arm-none-eabi/6.3.1/../../../../arm-none-eabi/lib/thumb/v7e-m\libc.a(lib_a-mprec.o)
                0x00406c80                __mcmp
 .text.__mdiff  0x00406cb8      0x108 c:/program files (x86)/atmel/studio/7.0/toolchain/arm/arm-gnu-toolchain/bin/../lib/gcc/arm-none-eabi/6.3.1/../../../../arm-none-eabi/lib/thumb/v7e-m\libc.a(lib_a-mprec.o)
                0x00406cb8                __mdiff
 .text.__d2b    0x00406dc0       0xb8 c:/program files (x86)/atmel/studio/7.0/toolchain/arm/arm-gnu-toolchain/bin/../lib/gcc/arm-none-eabi/6.3.1/../../../../arm-none-eabi/lib/thumb/v7e-m\libc.a(lib_a-mprec.o)
                0x00406dc0                __d2b
 .text.__sread  0x00406e78       0x24 c:/program files (x86)/atmel/studio/7.0/toolchain/arm/arm-gnu-toolchain/bin/../lib/gcc/arm-none-eabi/6.3.1/../../../../arm-none-eabi/lib/thumb/v7e-m\libc.a(lib_a-stdio.o)
                0x00406e78                __sread
 .text.__swrite
                0x00406e9c       0x3c c:/program files (x86)/atmel/studio/7.0/toolchain/arm/arm-gnu-toolchain/bin/../lib/gcc/arm-none-eabi/6.3.1/../../../../arm-none-eabi/lib/thumb/v7e-m\libc.a(lib_a-stdio.o)
                0x00406e9c                __swrite
 .text.__sseek  0x00406ed8       0x20 c:/program files (x86)/atmel/studio/7.0/toolchain/arm/arm-gnu-toolchain/bin/../lib/gcc/arm-none-eabi/6.3.1/../../../../arm-none-eabi/lib/thumb/v7e-m\libc.a(lib_a-stdio.o)
                0x00406ed8                __sseek
 .text.__sclose
                0x00406ef8        0x8 c:/program files (x86)/atmel/studio/7.0/toolchain/arm/arm-gnu-toolchain/bin/../lib/gcc/arm-none-eabi/6.3.1/../../../../arm-none-eabi/lib/thumb/v7e-m\libc.a(lib_a-stdio.o)
                0x00406ef8                __sclose
 .text.__ssprint_r
                0x00406f00       0xfc c:/program files (x86)/atmel/studio/7.0/toolchain/arm/arm-gnu-toolchain/bin/../lib/gcc/arm-none-eabi/6.3.1/../../../../arm-none-eabi/lib/thumb/v7e-m\libc.a(lib_a-svfiprintf.o)
                0x00406f00                __ssprint_r
 .text._write_r
                0x00406ffc       0x2c c:/program files (x86)/atmel/studio/7.0/toolchain/arm/arm-gnu-toolchain/bin/../lib/gcc/arm-none-eabi/6.3.1/../../../../arm-none-eabi/lib/thumb/v7e-m\libc.a(lib_a-writer.o)
                0x00406ffc                _write_r
 .text.__register_exitproc
                0x00407028       0xc4 c:/program files (x86)/atmel/studio/7.0/toolchain/arm/arm-gnu-toolchain/bin/../lib/gcc/arm-none-eabi/6.3.1/../../../../arm-none-eabi/lib/thumb/v7e-m\libc.a(lib_a-__atexit.o)
                0x00407028                __register_exitproc
 .text._calloc_r
                0x004070ec       0x60 c:/program files (x86)/atmel/studio/7.0/toolchain/arm/arm-gnu-toolchain/bin/../lib/gcc/arm-none-eabi/6.3.1/../../../../arm-none-eabi/lib/thumb/v7e-m\libc.a(lib_a-callocr.o)
                0x004070ec                _calloc_r
 .text._close_r
                0x0040714c       0x24 c:/program files (x86)/atmel/studio/7.0/toolchain/arm/arm-gnu-toolchain/bin/../lib/gcc/arm-none-eabi/6.3.1/../../../../arm-none-eabi/lib/thumb/v7e-m\libc.a(lib_a-closer.o)
                0x0040714c                _close_r
 .text._fclose_r
                0x00407170       0xc4 c:/program files (x86)/atmel/studio/7.0/toolchain/arm/arm-gnu-toolchain/bin/../lib/gcc/arm-none-eabi/6.3.1/../../../../arm-none-eabi/lib/thumb/v7e-m\libc.a(lib_a-fclose.o)
                0x00407170                _fclose_r
 .text._fstat_r
                0x00407234       0x28 c:/program files (x86)/atmel/studio/7.0/toolchain/arm/arm-gnu-toolchain/bin/../lib/gcc/arm-none-eabi/6.3.1/../../../../arm-none-eabi/lib/thumb/v7e-m\libc.a(lib_a-fstatr.o)
                0x00407234                _fstat_r
 .text._lseek_r
                0x0040725c       0x2c c:/program files (x86)/atmel/studio/7.0/toolchain/arm/arm-gnu-toolchain/bin/../lib/gcc/arm-none-eabi/6.3.1/../../../../arm-none-eabi/lib/thumb/v7e-m\libc.a(lib_a-lseekr.o)
                0x0040725c                _lseek_r
 .text.__ascii_mbtowc
                0x00407288       0x2c c:/program files (x86)/atmel/studio/7.0/toolchain/arm/arm-gnu-toolchain/bin/../lib/gcc/arm-none-eabi/6.3.1/../../../../arm-none-eabi/lib/thumb/v7e-m\libc.a(lib_a-mbtowc_r.o)
                0x00407288                __ascii_mbtowc
 .text.memmove  0x004072b4       0xc8 c:/program files (x86)/atmel/studio/7.0/toolchain/arm/arm-gnu-toolchain/bin/../lib/gcc/arm-none-eabi/6.3.1/../../../../arm-none-eabi/lib/thumb/v7e-m\libc.a(lib_a-memmove.o)
                0x004072b4                memmove
 .text._read_r  0x0040737c       0x2c c:/program files (x86)/atmel/studio/7.0/toolchain/arm/arm-gnu-toolchain/bin/../lib/gcc/arm-none-eabi/6.3.1/../../../../arm-none-eabi/lib/thumb/v7e-m\libc.a(lib_a-readr.o)
                0x0040737c                _read_r
 .text._realloc_r
                0x004073a8      0x34c c:/program files (x86)/atmel/studio/7.0/toolchain/arm/arm-gnu-toolchain/bin/../lib/gcc/arm-none-eabi/6.3.1/../../../../arm-none-eabi/lib/thumb/v7e-m\libc.a(lib_a-reallocr.o)
                0x004073a8                _realloc_r
 .text.__ascii_wctomb
                0x004076f4       0x1c c:/program files (x86)/atmel/studio/7.0/toolchain/arm/arm-gnu-toolchain/bin/../lib/gcc/arm-none-eabi/6.3.1/../../../../arm-none-eabi/lib/thumb/v7e-m\libc.a(lib_a-wctomb_r.o)
                0x004076f4                __ascii_wctomb
 .text          0x00407710      0x370 c:/program files (x86)/atmel/studio/7.0/toolchain/arm/arm-gnu-toolchain/bin/../lib/gcc/arm-none-eabi/6.3.1/thumb/v7e-m\libgcc.a(_arm_addsubdf3.o)
                0x00407710                __aeabi_drsub
                0x00407718                __aeabi_dsub
                0x00407718                __subdf3
                0x0040771c                __aeabi_dadd
                0x0040771c                __adddf3
                0x00407994                __floatunsidf
                0x00407994                __aeabi_ui2d
                0x004079b4                __floatsidf
                0x004079b4                __aeabi_i2d
                0x004079d8                __aeabi_f2d
                0x004079d8                __extendsfdf2
                0x00407a14                __floatundidf
                0x00407a14                __aeabi_ul2d
                0x00407a24                __floatdidf
                0x00407a24                __aeabi_l2d
 .text          0x00407a80      0x424 c:/program files (x86)/atmel/studio/7.0/toolchain/arm/arm-gnu-toolchain/bin/../lib/gcc/arm-none-eabi/6.3.1/thumb/v7e-m\libgcc.a(_arm_muldivdf3.o)
                0x00407a80                __aeabi_dmul
                0x00407a80                __muldf3
                0x00407cd4                __divdf3
                0x00407cd4                __aeabi_ddiv
 .text          0x00407ea4      0x110 c:/program files (x86)/atmel/studio/7.0/toolchain/arm/arm-gnu-toolchain/bin/../lib/gcc/arm-none-eabi/6.3.1/thumb/v7e-m\libgcc.a(_arm_cmpdf2.o)
                0x00407ea4                __gtdf2
                0x00407ea4                __gedf2
                0x00407eac                __ltdf2
                0x00407eac                __ledf2
                0x00407eb4                __nedf2
                0x00407eb4                __eqdf2
                0x00407eb4                __cmpdf2
                0x00407f30                __aeabi_cdrcmple
                0x00407f40                __aeabi_cdcmpeq
                0x00407f40                __aeabi_cdcmple
                0x00407f50                __aeabi_dcmpeq
                0x00407f64                __aeabi_dcmplt
                0x00407f78                __aeabi_dcmple
                0x00407f8c                __aeabi_dcmpge
                0x00407fa0                __aeabi_dcmpgt
 .text          0x00407fb4       0x2c c:/program files (x86)/atmel/studio/7.0/toolchain/arm/arm-gnu-toolchain/bin/../lib/gcc/arm-none-eabi/6.3.1/thumb/v7e-m\libgcc.a(_arm_unorddf2.o)
                0x00407fb4                __unorddf2
                0x00407fb4                __aeabi_dcmpun
 .text          0x00407fe0       0x50 c:/program files (x86)/atmel/studio/7.0/toolchain/arm/arm-gnu-toolchain/bin/../lib/gcc/arm-none-eabi/6.3.1/thumb/v7e-m\libgcc.a(_arm_fixdfsi.o)
                0x00407fe0                __aeabi_d2iz
                0x00407fe0                __fixdfsi
 .text          0x00408030       0x30 c:/program files (x86)/atmel/studio/7.0/toolchain/arm/arm-gnu-toolchain/bin/../lib/gcc/arm-none-eabi/6.3.1/thumb/v7e-m\libgcc.a(_aeabi_uldivmod.o)
                0x00408030                __aeabi_uldivmod
 .text          0x00408060      0x2dc c:/program files (x86)/atmel/studio/7.0/toolchain/arm/arm-gnu-toolchain/bin/../lib/gcc/arm-none-eabi/6.3.1/thumb/v7e-m\libgcc.a(_udivmoddi4.o)
                0x00408060                __udivmoddi4
 .text          0x0040833c        0x4 c:/program files (x86)/atmel/studio/7.0/toolchain/arm/arm-gnu-toolchain/bin/../lib/gcc/arm-none-eabi/6.3.1/thumb/v7e-m\libgcc.a(_dvmd_tls.o)
                0x0040833c                __aeabi_idiv0
                0x0040833c                __aeabi_ldiv0
 *(.glue_7t)
 .glue_7t       0x00408340        0x0 linker stubs
 *(.glue_7)
 .glue_7        0x00408340        0x0 linker stubs
 *(.rodata .rodata* .gnu.linkonce.r.*)
 .rodata        0x00408340       0x5d src/main.o
 *fill*         0x0040839d        0x3 
 .rodata.RTC_Handler.str1.4
                0x004083a0        0xf src/main.o
 *fill*         0x004083af        0x1 
 .rodata.draw_quick_play_button.str1.4
                0x004083b0        0xd src/main.o
 *fill*         0x004083bd        0x3 
 .rodata.font_24
                0x004083c0        0xc src/main.o
                0x004083c0                font_24
 .rodata.font_24_0x20
                0x004083cc       0x10 src/main.o
 .rodata.font_24_0x21
                0x004083dc       0x10 src/main.o
 .rodata.font_24_0x22
                0x004083ec       0x10 src/main.o
 .rodata.font_24_0x23
                0x004083fc       0x10 src/main.o
 .rodata.font_24_0x24
                0x0040840c       0x10 src/main.o
 .rodata.font_24_0x25
                0x0040841c       0x10 src/main.o
 .rodata.font_24_0x26
                0x0040842c       0x10 src/main.o
 .rodata.font_24_0x27
                0x0040843c       0x10 src/main.o
 .rodata.font_24_0x28
                0x0040844c       0x10 src/main.o
 .rodata.font_24_0x29
                0x0040845c       0x10 src/main.o
 .rodata.font_24_0x2a
                0x0040846c       0x10 src/main.o
 .rodata.font_24_0x2b
                0x0040847c       0x10 src/main.o
 .rodata.font_24_0x2c
                0x0040848c       0x10 src/main.o
 .rodata.font_24_0x2d
                0x0040849c       0x10 src/main.o
 .rodata.font_24_0x2e
                0x004084ac       0x10 src/main.o
 .rodata.font_24_0x2f
                0x004084bc       0x10 src/main.o
 .rodata.font_24_0x30
                0x004084cc       0x10 src/main.o
 .rodata.font_24_0x31
                0x004084dc       0x10 src/main.o
 .rodata.font_24_0x32
                0x004084ec       0x10 src/main.o
 .rodata.font_24_0x33
                0x004084fc       0x10 src/main.o
 .rodata.font_24_0x34
                0x0040850c       0x10 src/main.o
 .rodata.font_24_0x35
                0x0040851c       0x10 src/main.o
 .rodata.font_24_0x36
                0x0040852c       0x10 src/main.o
 .rodata.font_24_0x37
                0x0040853c       0x10 src/main.o
 .rodata.font_24_0x38
                0x0040854c       0x10 src/main.o
 .rodata.font_24_0x39
                0x0040855c       0x10 src/main.o
 .rodata.font_24_0x3a
                0x0040856c       0x10 src/main.o
 .rodata.font_24_0x3b
                0x0040857c       0x10 src/main.o
 .rodata.font_24_0x3c
                0x0040858c       0x10 src/main.o
 .rodata.font_24_0x3d
                0x0040859c       0x10 src/main.o
 .rodata.font_24_0x3e
                0x004085ac       0x10 src/main.o
 .rodata.font_24_0x3f
                0x004085bc       0x10 src/main.o
 .rodata.font_24_0x40
                0x004085cc       0x10 src/main.o
 .rodata.font_24_0x41
                0x004085dc       0x10 src/main.o
 .rodata.font_24_0x42
                0x004085ec       0x10 src/main.o
 .rodata.font_24_0x43
                0x004085fc       0x10 src/main.o
 .rodata.font_24_0x44
                0x0040860c       0x10 src/main.o
 .rodata.font_24_0x45
                0x0040861c       0x10 src/main.o
 .rodata.font_24_0x46
                0x0040862c       0x10 src/main.o
 .rodata.font_24_0x47
                0x0040863c       0x10 src/main.o
 .rodata.font_24_0x48
                0x0040864c       0x10 src/main.o
 .rodata.font_24_0x49
                0x0040865c       0x10 src/main.o
 .rodata.font_24_0x4a
                0x0040866c       0x10 src/main.o
 .rodata.font_24_0x4b
                0x0040867c       0x10 src/main.o
 .rodata.font_24_0x4c
                0x0040868c       0x10 src/main.o
 .rodata.font_24_0x4d
                0x0040869c       0x10 src/main.o
 .rodata.font_24_0x4e
                0x004086ac       0x10 src/main.o
 .rodata.font_24_0x4f
                0x004086bc       0x10 src/main.o
 .rodata.font_24_0x50
                0x004086cc       0x10 src/main.o
 .rodata.font_24_0x51
                0x004086dc       0x10 src/main.o
 .rodata.font_24_0x52
                0x004086ec       0x10 src/main.o
 .rodata.font_24_0x53
                0x004086fc       0x10 src/main.o
 .rodata.font_24_0x54
                0x0040870c       0x10 src/main.o
 .rodata.font_24_0x55
                0x0040871c       0x10 src/main.o
 .rodata.font_24_0x56
                0x0040872c       0x10 src/main.o
 .rodata.font_24_0x57
                0x0040873c       0x10 src/main.o
 .rodata.font_24_0x58
                0x0040874c       0x10 src/main.o
 .rodata.font_24_0x59
                0x0040875c       0x10 src/main.o
 .rodata.font_24_0x5a
                0x0040876c       0x10 src/main.o
 .rodata.font_24_0x5b
                0x0040877c       0x10 src/main.o
 .rodata.font_24_0x5c
                0x0040878c       0x10 src/main.o
 .rodata.font_24_0x5d
                0x0040879c       0x10 src/main.o
 .rodata.font_24_0x5e
                0x004087ac       0x10 src/main.o
 .rodata.font_24_0x5f
                0x004087bc       0x10 src/main.o
 .rodata.font_24_0x60
                0x004087cc       0x10 src/main.o
 .rodata.font_24_0x61
                0x004087dc       0x10 src/main.o
 .rodata.font_24_0x62
                0x004087ec       0x10 src/main.o
 .rodata.font_24_0x63
                0x004087fc       0x10 src/main.o
 .rodata.font_24_0x64
                0x0040880c       0x10 src/main.o
 .rodata.font_24_0x65
                0x0040881c       0x10 src/main.o
 .rodata.font_24_0x66
                0x0040882c       0x10 src/main.o
 .rodata.font_24_0x67
                0x0040883c       0x10 src/main.o
 .rodata.font_24_0x68
                0x0040884c       0x10 src/main.o
 .rodata.font_24_0x69
                0x0040885c       0x10 src/main.o
 .rodata.font_24_0x6a
                0x0040886c       0x10 src/main.o
 .rodata.font_24_0x6b
                0x0040887c       0x10 src/main.o
 .rodata.font_24_0x6c
                0x0040888c       0x10 src/main.o
 .rodata.font_24_0x6d
                0x0040889c       0x10 src/main.o
 .rodata.font_24_0x6e
                0x004088ac       0x10 src/main.o
 .rodata.font_24_0x6f
                0x004088bc       0x10 src/main.o
 .rodata.font_24_0x70
                0x004088cc       0x10 src/main.o
 .rodata.font_24_0x71
                0x004088dc       0x10 src/main.o
 .rodata.font_24_0x72
                0x004088ec       0x10 src/main.o
 .rodata.font_24_0x73
                0x004088fc       0x10 src/main.o
 .rodata.font_24_0x74
                0x0040890c       0x10 src/main.o
 .rodata.font_24_0x75
                0x0040891c       0x10 src/main.o
 .rodata.font_24_0x76
                0x0040892c       0x10 src/main.o
 .rodata.font_24_0x77
                0x0040893c       0x10 src/main.o
 .rodata.font_24_0x78
                0x0040894c       0x10 src/main.o
 .rodata.font_24_0x79
                0x0040895c       0x10 src/main.o
 .rodata.font_24_0x7a
                0x0040896c       0x10 src/main.o
 .rodata.font_24_0x7b
                0x0040897c       0x10 src/main.o
 .rodata.font_24_0x7c
                0x0040898c       0x10 src/main.o
 .rodata.font_24_0x7d
                0x0040899c       0x10 src/main.o
 .rodata.font_24_0x7e
                0x004089ac       0x10 src/main.o
 .rodata.font_24_array
                0x004089bc      0x2f8 src/main.o
 .rodata.font_invert_24
                0x00408cb4        0xc src/main.o
                0x00408cb4                font_invert_24
 .rodata.font_invert_24_0x20
                0x00408cc0       0x10 src/main.o
 .rodata.font_invert_24_0x21
                0x00408cd0       0x10 src/main.o
 .rodata.font_invert_24_0x22
                0x00408ce0       0x10 src/main.o
 .rodata.font_invert_24_0x23
                0x00408cf0       0x10 src/main.o
 .rodata.font_invert_24_0x24
                0x00408d00       0x10 src/main.o
 .rodata.font_invert_24_0x25
                0x00408d10       0x10 src/main.o
 .rodata.font_invert_24_0x26
                0x00408d20       0x10 src/main.o
 .rodata.font_invert_24_0x27
                0x00408d30       0x10 src/main.o
 .rodata.font_invert_24_0x28
                0x00408d40       0x10 src/main.o
 .rodata.font_invert_24_0x29
                0x00408d50       0x10 src/main.o
 .rodata.font_invert_24_0x2a
                0x00408d60       0x10 src/main.o
 .rodata.font_invert_24_0x2b
                0x00408d70       0x10 src/main.o
 .rodata.font_invert_24_0x2c
                0x00408d80       0x10 src/main.o
 .rodata.font_invert_24_0x2d
                0x00408d90       0x10 src/main.o
 .rodata.font_invert_24_0x2e
                0x00408da0       0x10 src/main.o
 .rodata.font_invert_24_0x2f
                0x00408db0       0x10 src/main.o
 .rodata.font_invert_24_0x30
                0x00408dc0       0x10 src/main.o
 .rodata.font_invert_24_0x31
                0x00408dd0       0x10 src/main.o
 .rodata.font_invert_24_0x32
                0x00408de0       0x10 src/main.o
 .rodata.font_invert_24_0x33
                0x00408df0       0x10 src/main.o
 .rodata.font_invert_24_0x34
                0x00408e00       0x10 src/main.o
 .rodata.font_invert_24_0x35
                0x00408e10       0x10 src/main.o
 .rodata.font_invert_24_0x36
                0x00408e20       0x10 src/main.o
 .rodata.font_invert_24_0x37
                0x00408e30       0x10 src/main.o
 .rodata.font_invert_24_0x38
                0x00408e40       0x10 src/main.o
 .rodata.font_invert_24_0x39
                0x00408e50       0x10 src/main.o
 .rodata.font_invert_24_0x3a
                0x00408e60       0x10 src/main.o
 .rodata.font_invert_24_0x3b
                0x00408e70       0x10 src/main.o
 .rodata.font_invert_24_0x3c
                0x00408e80       0x10 src/main.o
 .rodata.font_invert_24_0x3d
                0x00408e90       0x10 src/main.o
 .rodata.font_invert_24_0x3e
                0x00408ea0       0x10 src/main.o
 .rodata.font_invert_24_0x3f
                0x00408eb0       0x10 src/main.o
 .rodata.font_invert_24_0x40
                0x00408ec0       0x10 src/main.o
 .rodata.font_invert_24_0x41
                0x00408ed0       0x10 src/main.o
 .rodata.font_invert_24_0x42
                0x00408ee0       0x10 src/main.o
 .rodata.font_invert_24_0x43
                0x00408ef0       0x10 src/main.o
 .rodata.font_invert_24_0x44
                0x00408f00       0x10 src/main.o
 .rodata.font_invert_24_0x45
                0x00408f10       0x10 src/main.o
 .rodata.font_invert_24_0x46
                0x00408f20       0x10 src/main.o
 .rodata.font_invert_24_0x47
                0x00408f30       0x10 src/main.o
 .rodata.font_invert_24_0x48
                0x00408f40       0x10 src/main.o
 .rodata.font_invert_24_0x49
                0x00408f50       0x10 src/main.o
 .rodata.font_invert_24_0x4a
                0x00408f60       0x10 src/main.o
 .rodata.font_invert_24_0x4b
                0x00408f70       0x10 src/main.o
 .rodata.font_invert_24_0x4c
                0x00408f80       0x10 src/main.o
 .rodata.font_invert_24_0x4d
                0x00408f90       0x10 src/main.o
 .rodata.font_invert_24_0x4e
                0x00408fa0       0x10 src/main.o
 .rodata.font_invert_24_0x4f
                0x00408fb0       0x10 src/main.o
 .rodata.font_invert_24_0x50
                0x00408fc0       0x10 src/main.o
 .rodata.font_invert_24_0x51
                0x00408fd0       0x10 src/main.o
 .rodata.font_invert_24_0x52
                0x00408fe0       0x10 src/main.o
 .rodata.font_invert_24_0x53
                0x00408ff0       0x10 src/main.o
 .rodata.font_invert_24_0x54
                0x00409000       0x10 src/main.o
 .rodata.font_invert_24_0x55
                0x00409010       0x10 src/main.o
 .rodata.font_invert_24_0x56
                0x00409020       0x10 src/main.o
 .rodata.font_invert_24_0x57
                0x00409030       0x10 src/main.o
 .rodata.font_invert_24_0x58
                0x00409040       0x10 src/main.o
 .rodata.font_invert_24_0x59
                0x00409050       0x10 src/main.o
 .rodata.font_invert_24_0x5a
                0x00409060       0x10 src/main.o
 .rodata.font_invert_24_0x5b
                0x00409070       0x10 src/main.o
 .rodata.font_invert_24_0x5c
                0x00409080       0x10 src/main.o
 .rodata.font_invert_24_0x5d
                0x00409090       0x10 src/main.o
 .rodata.font_invert_24_0x5e
                0x004090a0       0x10 src/main.o
 .rodata.font_invert_24_0x5f
                0x004090b0       0x10 src/main.o
 .rodata.font_invert_24_0x60
                0x004090c0       0x10 src/main.o
 .rodata.font_invert_24_0x61
                0x004090d0       0x10 src/main.o
 .rodata.font_invert_24_0x62
                0x004090e0       0x10 src/main.o
 .rodata.font_invert_24_0x63
                0x004090f0       0x10 src/main.o
 .rodata.font_invert_24_0x64
                0x00409100       0x10 src/main.o
 .rodata.font_invert_24_0x65
                0x00409110       0x10 src/main.o
 .rodata.font_invert_24_0x66
                0x00409120       0x10 src/main.o
 .rodata.font_invert_24_0x67
                0x00409130       0x10 src/main.o
 .rodata.font_invert_24_0x68
                0x00409140       0x10 src/main.o
 .rodata.font_invert_24_0x69
                0x00409150       0x10 src/main.o
 .rodata.font_invert_24_0x6a
                0x00409160       0x10 src/main.o
 .rodata.font_invert_24_0x6b
                0x00409170       0x10 src/main.o
 .rodata.font_invert_24_0x6c
                0x00409180       0x10 src/main.o
 .rodata.font_invert_24_0x6d
                0x00409190       0x10 src/main.o
 .rodata.font_invert_24_0x6e
                0x004091a0       0x10 src/main.o
 .rodata.font_invert_24_0x6f
                0x004091b0       0x10 src/main.o
 .rodata.font_invert_24_0x70
                0x004091c0       0x10 src/main.o
 .rodata.font_invert_24_0x71
                0x004091d0       0x10 src/main.o
 .rodata.font_invert_24_0x72
                0x004091e0       0x10 src/main.o
 .rodata.font_invert_24_0x73
                0x004091f0       0x10 src/main.o
 .rodata.font_invert_24_0x74
                0x00409200       0x10 src/main.o
 .rodata.font_invert_24_0x75
                0x00409210       0x10 src/main.o
 .rodata.font_invert_24_0x76
                0x00409220       0x10 src/main.o
 .rodata.font_invert_24_0x77
                0x00409230       0x10 src/main.o
 .rodata.font_invert_24_0x78
                0x00409240       0x10 src/main.o
 .rodata.font_invert_24_0x79
                0x00409250       0x10 src/main.o
 .rodata.font_invert_24_0x7a
                0x00409260       0x10 src/main.o
 .rodata.font_invert_24_0x7b
                0x00409270       0x10 src/main.o
 .rodata.font_invert_24_0x7c
                0x00409280       0x10 src/main.o
 .rodata.font_invert_24_0x7d
                0x00409290       0x10 src/main.o
 .rodata.font_invert_24_0x7e
                0x004092a0       0x10 src/main.o
 .rodata.font_invert_24_array
                0x004092b0      0x2f8 src/main.o
 .rodata.image_data_corsi
                0x004095a8     0x3a74 src/main.o
 .rodata.image_data_font_24_0x20
                0x0040d01c      0x438 src/main.o
 .rodata.image_data_font_24_0x21
                0x0040d454      0x360 src/main.o
 .rodata.image_data_font_24_0x22
                0x0040d7b4      0x438 src/main.o
 .rodata.image_data_font_24_0x23
                0x0040dbec      0x804 src/main.o
 .rodata.image_data_font_24_0x24
                0x0040e3f0      0x57c src/main.o
 .rodata.image_data_font_24_0x25
                0x0040e96c      0x798 src/main.o
 .rodata.image_data_font_24_0x26
                0x0040f104      0x948 src/main.o
 .rodata.image_data_font_24_0x27
                0x0040fa4c      0x288 src/main.o
 .rodata.image_data_font_24_0x28
                0x0040fcd4      0x438 src/main.o
 .rodata.image_data_font_24_0x29
                0x0041010c      0x3cc src/main.o
 .rodata.image_data_font_24_0x2a
                0x004104d8      0x510 src/main.o
 .rodata.image_data_font_24_0x2b
                0x004109e8      0x5e8 src/main.o
 .rodata.image_data_font_24_0x2c
                0x00410fd0      0x360 src/main.o
 .rodata.image_data_font_24_0x2d
                0x00411330      0x654 src/main.o
 .rodata.image_data_font_24_0x2e
                0x00411984      0x288 src/main.o
 .rodata.image_data_font_24_0x2f
                0x00411c0c      0x5e8 src/main.o
 .rodata.image_data_font_24_0x30
                0x004121f4      0x798 src/main.o
 .rodata.image_data_font_24_0x31
                0x0041298c      0x798 src/main.o
 .rodata.image_data_font_24_0x32
                0x00413124      0x798 src/main.o
 .rodata.image_data_font_24_0x33
                0x004138bc      0x798 src/main.o
 .rodata.image_data_font_24_0x34
                0x00414054      0x798 src/main.o
 .rodata.image_data_font_24_0x35
                0x004147ec      0x804 src/main.o
 .rodata.image_data_font_24_0x36
                0x00414ff0      0x798 src/main.o
 .rodata.image_data_font_24_0x37
                0x00415788      0x798 src/main.o
 .rodata.image_data_font_24_0x38
                0x00415f20      0x798 src/main.o
 .rodata.image_data_font_24_0x39
                0x004166b8      0x798 src/main.o
 .rodata.image_data_font_24_0x3a
                0x00416e50      0x2f4 src/main.o
 .rodata.image_data_font_24_0x3b
                0x00417144      0x360 src/main.o
 .rodata.image_data_font_24_0x3c
                0x004174a4      0x57c src/main.o
 .rodata.image_data_font_24_0x3d
                0x00417a20      0x654 src/main.o
 .rodata.image_data_font_24_0x3e
                0x00418074      0x5e8 src/main.o
 .rodata.image_data_font_24_0x3f
                0x0041865c      0x510 src/main.o
 .rodata.image_data_font_24_0x40
                0x00418b6c      0x870 src/main.o
 .rodata.image_data_font_24_0x41
                0x004193dc      0x804 src/main.o
 .rodata.image_data_font_24_0x42
                0x00419be0      0x798 src/main.o
 .rodata.image_data_font_24_0x43
                0x0041a378      0x72c src/main.o
 .rodata.image_data_font_24_0x44
                0x0041aaa4      0x804 src/main.o
 .rodata.image_data_font_24_0x45
                0x0041b2a8      0x6c0 src/main.o
 .rodata.image_data_font_24_0x46
                0x0041b968      0x654 src/main.o
 .rodata.image_data_font_24_0x47
                0x0041bfbc      0x804 src/main.o
 .rodata.image_data_font_24_0x48
                0x0041c7c0      0x804 src/main.o
 .rodata.image_data_font_24_0x49
                0x0041cfc4      0x360 src/main.o
 .rodata.image_data_font_24_0x4a
                0x0041d324      0x5e8 src/main.o
 .rodata.image_data_font_24_0x4b
                0x0041d90c      0x798 src/main.o
 .rodata.image_data_font_24_0x4c
                0x0041e0a4      0x654 src/main.o
 .rodata.image_data_font_24_0x4d
                0x0041e6f8      0x9b4 src/main.o
 .rodata.image_data_font_24_0x4e
                0x0041f0ac      0x804 src/main.o
 .rodata.image_data_font_24_0x4f
                0x0041f8b0      0x804 src/main.o
 .rodata.image_data_font_24_0x50
                0x004200b4      0x72c src/main.o
 .rodata.image_data_font_24_0x51
                0x004207e0      0x804 src/main.o
 .rodata.image_data_font_24_0x52
                0x00420fe4      0x798 src/main.o
 .rodata.image_data_font_24_0x53
                0x0042177c      0x654 src/main.o
 .rodata.image_data_font_24_0x54
                0x00421dd0      0x798 src/main.o
 .rodata.image_data_font_24_0x55
                0x00422568      0x804 src/main.o
 .rodata.image_data_font_24_0x56
                0x00422d6c      0x804 src/main.o
 .rodata.image_data_font_24_0x57
                0x00423570      0xa20 src/main.o
 .rodata.image_data_font_24_0x58
                0x00423f90      0x798 src/main.o
 .rodata.image_data_font_24_0x59
                0x00424728      0x798 src/main.o
 .rodata.image_data_font_24_0x5a
                0x00424ec0      0x798 src/main.o
 .rodata.image_data_font_24_0x5b
                0x00425658      0x438 src/main.o
 .rodata.image_data_font_24_0x5c
                0x00425a90      0x57c src/main.o
 .rodata.image_data_font_24_0x5d
                0x0042600c      0x438 src/main.o
 .rodata.image_data_font_24_0x5e
                0x00426444      0x5e8 src/main.o
 .rodata.image_data_font_24_0x5f
                0x00426a2c      0x438 src/main.o
 .rodata.image_data_font_24_0x60
                0x00426e64      0x360 src/main.o
 .rodata.image_data_font_24_0x61
                0x004271c4      0x5e8 src/main.o
 .rodata.image_data_font_24_0x62
                0x004277ac      0x5e8 src/main.o
 .rodata.image_data_font_24_0x63
                0x00427d94      0x510 src/main.o
 .rodata.image_data_font_24_0x64
                0x004282a4      0x6c0 src/main.o
 .rodata.image_data_font_24_0x65
                0x00428964      0x510 src/main.o
 .rodata.image_data_font_24_0x66
                0x00428e74      0x4a4 src/main.o
 .rodata.image_data_font_24_0x67
                0x00429318      0x5e8 src/main.o
 .rodata.image_data_font_24_0x68
                0x00429900      0x654 src/main.o
 .rodata.image_data_font_24_0x69
                0x00429f54      0x360 src/main.o
 .rodata.image_data_font_24_0x6a
                0x0042a2b4      0x360 src/main.o
 .rodata.image_data_font_24_0x6b
                0x0042a614      0x5e8 src/main.o
 .rodata.image_data_font_24_0x6c
                0x0042abfc      0x2f4 src/main.o
 .rodata.image_data_font_24_0x6d
                0x0042aef0      0xa8c src/main.o
 .rodata.image_data_font_24_0x6e
                0x0042b97c      0x6c0 src/main.o
 .rodata.image_data_font_24_0x6f
                0x0042c03c      0x5e8 src/main.o
 .rodata.image_data_font_24_0x70
                0x0042c624      0x6c0 src/main.o
 .rodata.image_data_font_24_0x71
                0x0042cce4      0x5e8 src/main.o
 .rodata.image_data_font_24_0x72
                0x0042d2cc      0x57c src/main.o
 .rodata.image_data_font_24_0x73
                0x0042d848      0x438 src/main.o
 .rodata.image_data_font_24_0x74
                0x0042dc80      0x4a4 src/main.o
 .rodata.image_data_font_24_0x75
                0x0042e124      0x654 src/main.o
 .rodata.image_data_font_24_0x76
                0x0042e778      0x5e8 src/main.o
 .rodata.image_data_font_24_0x77
                0x0042ed60      0x8dc src/main.o
 .rodata.image_data_font_24_0x78
                0x0042f63c      0x57c src/main.o
 .rodata.image_data_font_24_0x79
                0x0042fbb8      0x5e8 src/main.o
 .rodata.image_data_font_24_0x7a
                0x004301a0      0x510 src/main.o
 .rodata.image_data_font_24_0x7b
                0x004306b0      0x438 src/main.o
 .rodata.image_data_font_24_0x7c
                0x00430ae8      0x360 src/main.o
 .rodata.image_data_font_24_0x7d
                0x00430e48      0x438 src/main.o
 .rodata.image_data_font_24_0x7e
                0x00431280      0x804 src/main.o
 .rodata.image_data_font_invert_24_0x20
                0x00431a84      0x438 src/main.o
 .rodata.image_data_font_invert_24_0x21
                0x00431ebc      0x360 src/main.o
 .rodata.image_data_font_invert_24_0x22
                0x0043221c      0x438 src/main.o
 .rodata.image_data_font_invert_24_0x23
                0x00432654      0x804 src/main.o
 .rodata.image_data_font_invert_24_0x24
                0x00432e58      0x57c src/main.o
 .rodata.image_data_font_invert_24_0x25
                0x004333d4      0x798 src/main.o
 .rodata.image_data_font_invert_24_0x26
                0x00433b6c      0x948 src/main.o
 .rodata.image_data_font_invert_24_0x27
                0x004344b4      0x288 src/main.o
 .rodata.image_data_font_invert_24_0x28
                0x0043473c      0x438 src/main.o
 .rodata.image_data_font_invert_24_0x29
                0x00434b74      0x3cc src/main.o
 .rodata.image_data_font_invert_24_0x2a
                0x00434f40      0x510 src/main.o
 .rodata.image_data_font_invert_24_0x2b
                0x00435450      0x5e8 src/main.o
 .rodata.image_data_font_invert_24_0x2c
                0x00435a38      0x360 src/main.o
 .rodata.image_data_font_invert_24_0x2d
                0x00435d98      0x654 src/main.o
 .rodata.image_data_font_invert_24_0x2e
                0x004363ec      0x288 src/main.o
 .rodata.image_data_font_invert_24_0x2f
                0x00436674      0x5e8 src/main.o
 .rodata.image_data_font_invert_24_0x30
                0x00436c5c      0x798 src/main.o
 .rodata.image_data_font_invert_24_0x31
                0x004373f4      0x798 src/main.o
 .rodata.image_data_font_invert_24_0x32
                0x00437b8c      0x798 src/main.o
 .rodata.image_data_font_invert_24_0x33
                0x00438324      0x798 src/main.o
 .rodata.image_data_font_invert_24_0x34
                0x00438abc      0x798 src/main.o
 .rodata.image_data_font_invert_24_0x35
                0x00439254      0x804 src/main.o
 .rodata.image_data_font_invert_24_0x36
                0x00439a58      0x798 src/main.o
 .rodata.image_data_font_invert_24_0x37
                0x0043a1f0      0x798 src/main.o
 .rodata.image_data_font_invert_24_0x38
                0x0043a988      0x798 src/main.o
 .rodata.image_data_font_invert_24_0x39
                0x0043b120      0x798 src/main.o
 .rodata.image_data_font_invert_24_0x3a
                0x0043b8b8      0x2f4 src/main.o
 .rodata.image_data_font_invert_24_0x3b
                0x0043bbac      0x360 src/main.o
 .rodata.image_data_font_invert_24_0x3c
                0x0043bf0c      0x57c src/main.o
 .rodata.image_data_font_invert_24_0x3d
                0x0043c488      0x654 src/main.o
 .rodata.image_data_font_invert_24_0x3e
                0x0043cadc      0x5e8 src/main.o
 .rodata.image_data_font_invert_24_0x3f
                0x0043d0c4      0x510 src/main.o
 .rodata.image_data_font_invert_24_0x40
                0x0043d5d4      0x870 src/main.o
 .rodata.image_data_font_invert_24_0x41
                0x0043de44      0x804 src/main.o
 .rodata.image_data_font_invert_24_0x42
                0x0043e648      0x798 src/main.o
 .rodata.image_data_font_invert_24_0x43
                0x0043ede0      0x72c src/main.o
 .rodata.image_data_font_invert_24_0x44
                0x0043f50c      0x804 src/main.o
 .rodata.image_data_font_invert_24_0x45
                0x0043fd10      0x6c0 src/main.o
 .rodata.image_data_font_invert_24_0x46
                0x004403d0      0x654 src/main.o
 .rodata.image_data_font_invert_24_0x47
                0x00440a24      0x804 src/main.o
 .rodata.image_data_font_invert_24_0x48
                0x00441228      0x804 src/main.o
 .rodata.image_data_font_invert_24_0x49
                0x00441a2c      0x360 src/main.o
 .rodata.image_data_font_invert_24_0x4a
                0x00441d8c      0x5e8 src/main.o
 .rodata.image_data_font_invert_24_0x4b
                0x00442374      0x798 src/main.o
 .rodata.image_data_font_invert_24_0x4c
                0x00442b0c      0x654 src/main.o
 .rodata.image_data_font_invert_24_0x4d
                0x00443160      0x9b4 src/main.o
 .rodata.image_data_font_invert_24_0x4e
                0x00443b14      0x804 src/main.o
 .rodata.image_data_font_invert_24_0x4f
                0x00444318      0x804 src/main.o
 .rodata.image_data_font_invert_24_0x50
                0x00444b1c      0x72c src/main.o
 .rodata.image_data_font_invert_24_0x51
                0x00445248      0x804 src/main.o
 .rodata.image_data_font_invert_24_0x52
                0x00445a4c      0x798 src/main.o
 .rodata.image_data_font_invert_24_0x53
                0x004461e4      0x654 src/main.o
 .rodata.image_data_font_invert_24_0x54
                0x00446838      0x798 src/main.o
 .rodata.image_data_font_invert_24_0x55
                0x00446fd0      0x804 src/main.o
 .rodata.image_data_font_invert_24_0x56
                0x004477d4      0x804 src/main.o
 .rodata.image_data_font_invert_24_0x57
                0x00447fd8      0xa20 src/main.o
 .rodata.image_data_font_invert_24_0x58
                0x004489f8      0x798 src/main.o
 .rodata.image_data_font_invert_24_0x59
                0x00449190      0x798 src/main.o
 .rodata.image_data_font_invert_24_0x5a
                0x00449928      0x798 src/main.o
 .rodata.image_data_font_invert_24_0x5b
                0x0044a0c0      0x438 src/main.o
 .rodata.image_data_font_invert_24_0x5c
                0x0044a4f8      0x57c src/main.o
 .rodata.image_data_font_invert_24_0x5d
                0x0044aa74      0x438 src/main.o
 .rodata.image_data_font_invert_24_0x5e
                0x0044aeac      0x5e8 src/main.o
 .rodata.image_data_font_invert_24_0x5f
                0x0044b494      0x438 src/main.o
 .rodata.image_data_font_invert_24_0x60
                0x0044b8cc      0x360 src/main.o
 .rodata.image_data_font_invert_24_0x61
                0x0044bc2c      0x5e8 src/main.o
 .rodata.image_data_font_invert_24_0x62
                0x0044c214      0x5e8 src/main.o
 .rodata.image_data_font_invert_24_0x63
                0x0044c7fc      0x510 src/main.o
 .rodata.image_data_font_invert_24_0x64
                0x0044cd0c      0x6c0 src/main.o
 .rodata.image_data_font_invert_24_0x65
                0x0044d3cc      0x510 src/main.o
 .rodata.image_data_font_invert_24_0x66
                0x0044d8dc      0x4a4 src/main.o
 .rodata.image_data_font_invert_24_0x67
                0x0044dd80      0x5e8 src/main.o
 .rodata.image_data_font_invert_24_0x68
                0x0044e368      0x654 src/main.o
 .rodata.image_data_font_invert_24_0x69
                0x0044e9bc      0x360 src/main.o
 .rodata.image_data_font_invert_24_0x6a
                0x0044ed1c      0x360 src/main.o
 .rodata.image_data_font_invert_24_0x6b
                0x0044f07c      0x5e8 src/main.o
 .rodata.image_data_font_invert_24_0x6c
                0x0044f664      0x2f4 src/main.o
 .rodata.image_data_font_invert_24_0x6d
                0x0044f958      0xa8c src/main.o
 .rodata.image_data_font_invert_24_0x6e
                0x004503e4      0x6c0 src/main.o
 .rodata.image_data_font_invert_24_0x6f
                0x00450aa4      0x5e8 src/main.o
 .rodata.image_data_font_invert_24_0x70
                0x0045108c      0x6c0 src/main.o
 .rodata.image_data_font_invert_24_0x71
                0x0045174c      0x5e8 src/main.o
 .rodata.image_data_font_invert_24_0x72
                0x00451d34      0x57c src/main.o
 .rodata.image_data_font_invert_24_0x73
                0x004522b0      0x438 src/main.o
 .rodata.image_data_font_invert_24_0x74
                0x004526e8      0x4a4 src/main.o
 .rodata.image_data_font_invert_24_0x75
                0x00452b8c      0x654 src/main.o
 .rodata.image_data_font_invert_24_0x76
                0x004531e0      0x5e8 src/main.o
 .rodata.image_data_font_invert_24_0x77
                0x004537c8      0x8dc src/main.o
 .rodata.image_data_font_invert_24_0x78
                0x004540a4      0x57c src/main.o
 .rodata.image_data_font_invert_24_0x79
                0x00454620      0x5e8 src/main.o
 .rodata.image_data_font_invert_24_0x7a
                0x00454c08      0x510 src/main.o
 .rodata.image_data_font_invert_24_0x7b
                0x00455118      0x438 src/main.o
 .rodata.image_data_font_invert_24_0x7c
                0x00455550      0x360 src/main.o
 .rodata.image_data_font_invert_24_0x7d
                0x004558b0      0x438 src/main.o
 .rodata.image_data_font_invert_24_0x7e
                0x00455ce8      0x804 src/main.o
 .rodata.image_data_lock
                0x004564ec      0xc00 src/main.o
 .rodata.image_data_pause
                0x004570ec      0xc00 src/main.o
 .rodata.image_data_play
                0x00457cec      0xc00 src/main.o
 .rodata.main.str1.4
                0x004588ec       0x6d src/main.o
 *fill*         0x00458959        0x3 
 .rodata.mxt_handler.str1.4
                0x0045895c       0x37 src/main.o
 *fill*         0x00458993        0x1 
 .rodata._global_impure_ptr
                0x00458994        0x4 c:/program files (x86)/atmel/studio/7.0/toolchain/arm/arm-gnu-toolchain/bin/../lib/gcc/arm-none-eabi/6.3.1/../../../../arm-none-eabi/lib/thumb/v7e-m\libc.a(lib_a-impure.o)
                0x00458994                _global_impure_ptr
 .rodata._svfprintf_r.str1.4
                0x00458998       0x42 c:/program files (x86)/atmel/studio/7.0/toolchain/arm/arm-gnu-toolchain/bin/../lib/gcc/arm-none-eabi/6.3.1/../../../../arm-none-eabi/lib/thumb/v7e-m\libc.a(lib_a-svfprintf.o)
 *fill*         0x004589da        0x2 
 .rodata.blanks.7223
                0x004589dc       0x10 c:/program files (x86)/atmel/studio/7.0/toolchain/arm/arm-gnu-toolchain/bin/../lib/gcc/arm-none-eabi/6.3.1/../../../../arm-none-eabi/lib/thumb/v7e-m\libc.a(lib_a-svfprintf.o)
 .rodata.zeroes.7224
                0x004589ec       0x10 c:/program files (x86)/atmel/studio/7.0/toolchain/arm/arm-gnu-toolchain/bin/../lib/gcc/arm-none-eabi/6.3.1/../../../../arm-none-eabi/lib/thumb/v7e-m\libc.a(lib_a-svfprintf.o)
 .rodata._dtoa_r.str1.4
                0x004589fc       0x10 c:/program files (x86)/atmel/studio/7.0/toolchain/arm/arm-gnu-toolchain/bin/../lib/gcc/arm-none-eabi/6.3.1/../../../../arm-none-eabi/lib/thumb/v7e-m\libc.a(lib_a-dtoa.o)
                                 0x12 (size before relaxing)
 *fill*         0x00458a0c        0x4 
 .rodata.__mprec_bigtens
                0x00458a10       0x28 c:/program files (x86)/atmel/studio/7.0/toolchain/arm/arm-gnu-toolchain/bin/../lib/gcc/arm-none-eabi/6.3.1/../../../../arm-none-eabi/lib/thumb/v7e-m\libc.a(lib_a-mprec.o)
                0x00458a10                __mprec_bigtens
 .rodata.__mprec_tens
                0x00458a38       0xc8 c:/program files (x86)/atmel/studio/7.0/toolchain/arm/arm-gnu-toolchain/bin/../lib/gcc/arm-none-eabi/6.3.1/../../../../arm-none-eabi/lib/thumb/v7e-m\libc.a(lib_a-mprec.o)
                0x00458a38                __mprec_tens
 .rodata.p05.6055
                0x00458b00        0xc c:/program files (x86)/atmel/studio/7.0/toolchain/arm/arm-gnu-toolchain/bin/../lib/gcc/arm-none-eabi/6.3.1/../../../../arm-none-eabi/lib/thumb/v7e-m\libc.a(lib_a-mprec.o)
 .rodata._setlocale_r.str1.4
                0x00458b0c        0xa c:/program files (x86)/atmel/studio/7.0/toolchain/arm/arm-gnu-toolchain/bin/../lib/gcc/arm-none-eabi/6.3.1/../../../../arm-none-eabi/lib/thumb/v7e-m\libc.a(lib_a-locale.o)
                                  0xd (size before relaxing)
 *fill*         0x00458b16        0x2 
 .rodata.str1.4
                0x00458b18        0x4 c:/program files (x86)/atmel/studio/7.0/toolchain/arm/arm-gnu-toolchain/bin/../lib/gcc/arm-none-eabi/6.3.1/../../../../arm-none-eabi/lib/thumb/v7e-m\libc.a(lib_a-locale.o)
                                  0x2 (size before relaxing)
 .rodata._ctype_
                0x00458b1c      0x101 c:/program files (x86)/atmel/studio/7.0/toolchain/arm/arm-gnu-toolchain/bin/../lib/gcc/arm-none-eabi/6.3.1/../../../../arm-none-eabi/lib/thumb/v7e-m\libc.a(lib_a-ctype_.o)
                0x00458b1c                _ctype_
 *(.ARM.extab* .gnu.linkonce.armextab.*)
                0x00458c20                . = ALIGN (0x4)
 *fill*         0x00458c1d        0x3 
 *(.init)
 .init          0x00458c20        0x4 c:/program files (x86)/atmel/studio/7.0/toolchain/arm/arm-gnu-toolchain/bin/../lib/gcc/arm-none-eabi/6.3.1/thumb/v7e-m/crti.o
                0x00458c20                _init
 .init          0x00458c24        0x8 c:/program files (x86)/atmel/studio/7.0/toolchain/arm/arm-gnu-toolchain/bin/../lib/gcc/arm-none-eabi/6.3.1/thumb/v7e-m/crtn.o
                0x00458c2c                . = ALIGN (0x4)
                0x00458c2c                __preinit_array_start = .
 *(.preinit_array)
                0x00458c2c                __preinit_array_end = .
                0x00458c2c                . = ALIGN (0x4)
                0x00458c2c                __init_array_start = .
 *(SORT(.init_array.*))
 .init_array.00000
                0x00458c2c        0x4 c:/program files (x86)/atmel/studio/7.0/toolchain/arm/arm-gnu-toolchain/bin/../lib/gcc/arm-none-eabi/6.3.1/../../../../arm-none-eabi/lib/thumb/v7e-m\libc.a(lib_a-__call_atexit.o)
 *(.init_array)
 .init_array    0x00458c30        0x4 c:/program files (x86)/atmel/studio/7.0/toolchain/arm/arm-gnu-toolchain/bin/../lib/gcc/arm-none-eabi/6.3.1/thumb/v7e-m/crtbegin.o
                0x00458c34                __init_array_end = .
                0x00458c34                . = ALIGN (0x4)
 *crtbegin.o(.ctors)
 *(EXCLUDE_FILE(*crtend.o) .ctors)
 *(SORT(.ctors.*))
 *crtend.o(.ctors)
                0x00458c34                . = ALIGN (0x4)
 *(.fini)
 .fini          0x00458c34        0x4 c:/program files (x86)/atmel/studio/7.0/toolchain/arm/arm-gnu-toolchain/bin/../lib/gcc/arm-none-eabi/6.3.1/thumb/v7e-m/crti.o
                0x00458c34                _fini
 .fini          0x00458c38        0x8 c:/program files (x86)/atmel/studio/7.0/toolchain/arm/arm-gnu-toolchain/bin/../lib/gcc/arm-none-eabi/6.3.1/thumb/v7e-m/crtn.o
                0x00458c40                . = ALIGN (0x4)
                0x00458c40                __fini_array_start = .
 *(.fini_array)
 .fini_array    0x00458c40        0x4 c:/program files (x86)/atmel/studio/7.0/toolchain/arm/arm-gnu-toolchain/bin/../lib/gcc/arm-none-eabi/6.3.1/thumb/v7e-m/crtbegin.o
 *(SORT(.fini_array.*))
                0x00458c44                __fini_array_end = .
 *crtbegin.o(.dtors)
 *(EXCLUDE_FILE(*crtend.o) .dtors)
 *(SORT(.dtors.*))
 *crtend.o(.dtors)
                0x00458c44                . = ALIGN (0x4)
                0x00458c44                _efixed = .
                [!provide]                PROVIDE (__exidx_start, .)

.vfp11_veneer   0x00458c44        0x0
 .vfp11_veneer  0x00458c44        0x0 linker stubs

.v4_bx          0x00458c44        0x0
 .v4_bx         0x00458c44        0x0 linker stubs

.iplt           0x00458c44        0x0
 .iplt          0x00458c44        0x0 c:/program files (x86)/atmel/studio/7.0/toolchain/arm/arm-gnu-toolchain/bin/../lib/gcc/arm-none-eabi/6.3.1/thumb/v7e-m/crtbegin.o

.ARM.exidx      0x00458c44        0x8
 *(.ARM.exidx* .gnu.linkonce.armexidx.*)
 .ARM.exidx     0x00458c44        0x8 c:/program files (x86)/atmel/studio/7.0/toolchain/arm/arm-gnu-toolchain/bin/../lib/gcc/arm-none-eabi/6.3.1/thumb/v7e-m\libgcc.a(_udivmoddi4.o)
                [!provide]                PROVIDE (__exidx_end, .)

.eh_frame       0x00458c4c        0x0
 .eh_frame      0x00458c4c        0x0 c:/program files (x86)/atmel/studio/7.0/toolchain/arm/arm-gnu-toolchain/bin/../lib/gcc/arm-none-eabi/6.3.1/thumb/v7e-m/crtbegin.o

.rel.dyn        0x00458c4c        0x0
 .rel.iplt      0x00458c4c        0x0 c:/program files (x86)/atmel/studio/7.0/toolchain/arm/arm-gnu-toolchain/bin/../lib/gcc/arm-none-eabi/6.3.1/thumb/v7e-m/crtbegin.o

.jcr            0x00458c4c        0x0
 .jcr           0x00458c4c        0x0 c:/program files (x86)/atmel/studio/7.0/toolchain/arm/arm-gnu-toolchain/bin/../lib/gcc/arm-none-eabi/6.3.1/thumb/v7e-m/crtbegin.o

.igot.plt       0x00458c4c        0x0
 .igot.plt      0x00458c4c        0x0 c:/program files (x86)/atmel/studio/7.0/toolchain/arm/arm-gnu-toolchain/bin/../lib/gcc/arm-none-eabi/6.3.1/thumb/v7e-m/crtbegin.o
                0x00458c4c                . = ALIGN (0x4)
                0x00458c4c                _etext = .

.relocate       0x20400000      0xaf0 load address 0x00458c4c
                0x20400000                . = ALIGN (0x4)
                0x20400000                _srelocate = .
 *(.ramfunc .ramfunc.*)
 .ramfunc       0x20400000        0xa src/ASF/common/services/delay/sam/cycle_counter.o
                0x20400000                portable_delay_cycles
 *(.data .data.*)
 .data.g_interrupt_enabled
                0x2040000a        0x1 src/ASF/common/utils/interrupt/interrupt_sam_nvic.o
                0x2040000a                g_interrupt_enabled
 *fill*         0x2040000b        0x1 
 .data.SystemCoreClock
                0x2040000c        0x4 src/ASF/sam/utils/cmsis/same70/source/templates/system_same70.o
                0x2040000c                SystemCoreClock
 .data.c_centrifuga
                0x20400010       0x3c src/main.o
                0x20400010                c_centrifuga
 .data.c_diario
                0x2040004c       0x3c src/main.o
                0x2040004c                c_diario
 .data.c_enxague
                0x20400088       0x3c src/main.o
                0x20400088                c_enxague
 .data.c_pesado
                0x204000c4       0x3c src/main.o
                0x204000c4                c_pesado
 .data.c_rapido
                0x20400100       0x3c src/main.o
                0x20400100                c_rapido
 .data.reload_screen
                0x2040013c        0x1 src/main.o
                0x2040013c                reload_screen
 *fill*         0x2040013d        0x3 
 .data._impure_ptr
                0x20400140        0x4 c:/program files (x86)/atmel/studio/7.0/toolchain/arm/arm-gnu-toolchain/bin/../lib/gcc/arm-none-eabi/6.3.1/../../../../arm-none-eabi/lib/thumb/v7e-m\libc.a(lib_a-impure.o)
                0x20400140                _impure_ptr
 *fill*         0x20400144        0x4 
 .data.impure_data
                0x20400148      0x428 c:/program files (x86)/atmel/studio/7.0/toolchain/arm/arm-gnu-toolchain/bin/../lib/gcc/arm-none-eabi/6.3.1/../../../../arm-none-eabi/lib/thumb/v7e-m\libc.a(lib_a-impure.o)
 .data.__malloc_av_
                0x20400570      0x408 c:/program files (x86)/atmel/studio/7.0/toolchain/arm/arm-gnu-toolchain/bin/../lib/gcc/arm-none-eabi/6.3.1/../../../../arm-none-eabi/lib/thumb/v7e-m\libc.a(lib_a-mallocr.o)
                0x20400570                __malloc_av_
 .data.__malloc_sbrk_base
                0x20400978        0x4 c:/program files (x86)/atmel/studio/7.0/toolchain/arm/arm-gnu-toolchain/bin/../lib/gcc/arm-none-eabi/6.3.1/../../../../arm-none-eabi/lib/thumb/v7e-m\libc.a(lib_a-mallocr.o)
                0x20400978                __malloc_sbrk_base
 .data.__malloc_trim_threshold
                0x2040097c        0x4 c:/program files (x86)/atmel/studio/7.0/toolchain/arm/arm-gnu-toolchain/bin/../lib/gcc/arm-none-eabi/6.3.1/../../../../arm-none-eabi/lib/thumb/v7e-m\libc.a(lib_a-mallocr.o)
                0x2040097c                __malloc_trim_threshold
 .data.__atexit_recursive_mutex
                0x20400980        0x4 c:/program files (x86)/atmel/studio/7.0/toolchain/arm/arm-gnu-toolchain/bin/../lib/gcc/arm-none-eabi/6.3.1/../../../../arm-none-eabi/lib/thumb/v7e-m\libc.a(lib_a-__call_atexit.o)
                0x20400980                __atexit_recursive_mutex
 .data.__global_locale
                0x20400984      0x16c c:/program files (x86)/atmel/studio/7.0/toolchain/arm/arm-gnu-toolchain/bin/../lib/gcc/arm-none-eabi/6.3.1/../../../../arm-none-eabi/lib/thumb/v7e-m\libc.a(lib_a-locale.o)
                0x20400984                __global_locale
                0x20400af0                . = ALIGN (0x4)
                0x20400af0                _erelocate = .

.bss            0x20400af0      0x5a4 load address 0x0045973c
                0x20400af0                . = ALIGN (0x4)
                0x20400af0                _sbss = .
                0x20400af0                _szero = .
 *(.bss .bss.*)
 .bss           0x20400af0       0x1c c:/program files (x86)/atmel/studio/7.0/toolchain/arm/arm-gnu-toolchain/bin/../lib/gcc/arm-none-eabi/6.3.1/thumb/v7e-m/crtbegin.o
 .bss.g_ul_pixel_cache
                0x20400b0c      0x3c0 src/ASF/sam/components/display/ili9488/ili9488.o
 .bss.gs_interrupt_sources
                0x20400ecc       0x70 src/ASF/sam/drivers/pio/pio_handler.o
 .bss.gs_ul_nb_sources
                0x20400f3c        0x4 src/ASF/sam/drivers/pio/pio_handler.o
 .bss.ul_reg_val.9422
                0x20400f40        0x4 src/ASF/sam/drivers/usart/usart.o
 .bss.heap.6420
                0x20400f44        0x4 src/ASF/sam/utils/syscalls/gcc/syscalls.o
 .bss.centrifug_add
                0x20400f48        0x4 src/main.o
                0x20400f48                centrifug_add
 .bss.counter_hor
                0x20400f4c        0x4 src/main.o
                0x20400f4c                counter_hor
 .bss.counter_min
                0x20400f50        0x4 src/main.o
                0x20400f50                counter_min
 .bss.counter_seg
                0x20400f54        0x4 src/main.o
                0x20400f54                counter_seg
 .bss.custom    0x20400f58        0x4 src/main.o
                0x20400f58                custom
 .bss.enxague_add
                0x20400f5c        0x4 src/main.o
                0x20400f5c                enxague_add
 .bss.lavando   0x20400f60        0x1 src/main.o
                0x20400f60                lavando
 *fill*         0x20400f61        0x3 
 .bss.locked    0x20400f64        0x4 src/main.o
                0x20400f64                locked
 .bss.mudab     0x20400f68        0x1 src/main.o
                0x20400f68                mudab
 .bss.mudal     0x20400f69        0x1 src/main.o
                0x20400f69                mudal
 .bss.porta_aberta